Archive member included to satisfy reference by file (symbol)

/home/anirudh/.pico-sdk/toolchain/14_2_Rel1/bin/../lib/gcc/arm-none-eabi/14.2.1/thumb/v6-m/nofp/libgcc.a(_dvmd_tls.o)
                              CMakeFiles/EncoderData.dir/home/anirudh/.pico-sdk/sdk/2.1.1/src/rp2_common/pico_divider/divider_hardware.S.o (__aeabi_idiv0)
/home/anirudh/.pico-sdk/toolchain/14_2_Rel1/bin/../lib/gcc/arm-none-eabi/14.2.1/../../../../arm-none-eabi/lib/thumb/v6-m/nofp/libg.a(libc_a-calloc.o)
                              CMakeFiles/EncoderData.dir/home/anirudh/.pico-sdk/sdk/2.1.1/src/rp2_common/pico_malloc/malloc.c.o (calloc)
/home/anirudh/.pico-sdk/toolchain/14_2_Rel1/bin/../lib/gcc/arm-none-eabi/14.2.1/../../../../arm-none-eabi/lib/thumb/v6-m/nofp/libg.a(libc_a-callocr.o)
                              /home/anirudh/.pico-sdk/toolchain/14_2_Rel1/bin/../lib/gcc/arm-none-eabi/14.2.1/../../../../arm-none-eabi/lib/thumb/v6-m/nofp/libg.a(libc_a-calloc.o) (_calloc_r)
/home/anirudh/.pico-sdk/toolchain/14_2_Rel1/bin/../lib/gcc/arm-none-eabi/14.2.1/../../../../arm-none-eabi/lib/thumb/v6-m/nofp/libg.a(libc_a-malloc.o)
                              CMakeFiles/EncoderData.dir/home/anirudh/.pico-sdk/sdk/2.1.1/src/rp2_common/pico_malloc/malloc.c.o (malloc)
/home/anirudh/.pico-sdk/toolchain/14_2_Rel1/bin/../lib/gcc/arm-none-eabi/14.2.1/../../../../arm-none-eabi/lib/thumb/v6-m/nofp/libg.a(libc_a-mallocr.o)
                              /home/anirudh/.pico-sdk/toolchain/14_2_Rel1/bin/../lib/gcc/arm-none-eabi/14.2.1/../../../../arm-none-eabi/lib/thumb/v6-m/nofp/libg.a(libc_a-callocr.o) (_malloc_r)
/home/anirudh/.pico-sdk/toolchain/14_2_Rel1/bin/../lib/gcc/arm-none-eabi/14.2.1/../../../../arm-none-eabi/lib/thumb/v6-m/nofp/libg.a(libc_a-mlock.o)
                              /home/anirudh/.pico-sdk/toolchain/14_2_Rel1/bin/../lib/gcc/arm-none-eabi/14.2.1/../../../../arm-none-eabi/lib/thumb/v6-m/nofp/libg.a(libc_a-mallocr.o) (__malloc_lock)
/home/anirudh/.pico-sdk/toolchain/14_2_Rel1/bin/../lib/gcc/arm-none-eabi/14.2.1/../../../../arm-none-eabi/lib/thumb/v6-m/nofp/libg.a(libc_a-realloc.o)
                              CMakeFiles/EncoderData.dir/home/anirudh/.pico-sdk/sdk/2.1.1/src/rp2_common/pico_malloc/malloc.c.o (realloc)
/home/anirudh/.pico-sdk/toolchain/14_2_Rel1/bin/../lib/gcc/arm-none-eabi/14.2.1/../../../../arm-none-eabi/lib/thumb/v6-m/nofp/libg.a(libc_a-reallocr.o)
                              /home/anirudh/.pico-sdk/toolchain/14_2_Rel1/bin/../lib/gcc/arm-none-eabi/14.2.1/../../../../arm-none-eabi/lib/thumb/v6-m/nofp/libg.a(libc_a-realloc.o) (_realloc_r)
/home/anirudh/.pico-sdk/toolchain/14_2_Rel1/bin/../lib/gcc/arm-none-eabi/14.2.1/../../../../arm-none-eabi/lib/thumb/v6-m/nofp/libg.a(libc_a-memcmp.o)
                              CMakeFiles/EncoderData.dir/home/anirudh/.pico-sdk/sdk/2.1.1/src/rp2_common/pico_atomic/atomic.c.o (memcmp)
/home/anirudh/.pico-sdk/toolchain/14_2_Rel1/bin/../lib/gcc/arm-none-eabi/14.2.1/../../../../arm-none-eabi/lib/thumb/v6-m/nofp/libg.a(libc_a-memmove.o)
                              /home/anirudh/.pico-sdk/toolchain/14_2_Rel1/bin/../lib/gcc/arm-none-eabi/14.2.1/../../../../arm-none-eabi/lib/thumb/v6-m/nofp/libg.a(libc_a-reallocr.o) (memmove)
/home/anirudh/.pico-sdk/toolchain/14_2_Rel1/bin/../lib/gcc/arm-none-eabi/14.2.1/../../../../arm-none-eabi/lib/thumb/v6-m/nofp/libg.a(libc_a-lcltime_r.o)
                              CMakeFiles/EncoderData.dir/home/anirudh/.pico-sdk/sdk/2.1.1/src/common/pico_util/datetime.c.o (localtime_r)
/home/anirudh/.pico-sdk/toolchain/14_2_Rel1/bin/../lib/gcc/arm-none-eabi/14.2.1/../../../../arm-none-eabi/lib/thumb/v6-m/nofp/libg.a(libc_a-mktime.o)
                              CMakeFiles/EncoderData.dir/home/anirudh/.pico-sdk/sdk/2.1.1/src/common/pico_util/datetime.c.o (mktime)
/home/anirudh/.pico-sdk/toolchain/14_2_Rel1/bin/../lib/gcc/arm-none-eabi/14.2.1/../../../../arm-none-eabi/lib/thumb/v6-m/nofp/libg.a(libc_a-month_lengths.o)
                              /home/anirudh/.pico-sdk/toolchain/14_2_Rel1/bin/../lib/gcc/arm-none-eabi/14.2.1/../../../../arm-none-eabi/lib/thumb/v6-m/nofp/libg.a(libc_a-lcltime_r.o) (__month_lengths)
/home/anirudh/.pico-sdk/toolchain/14_2_Rel1/bin/../lib/gcc/arm-none-eabi/14.2.1/../../../../arm-none-eabi/lib/thumb/v6-m/nofp/libg.a(libc_a-tzcalc_limits.o)
                              /home/anirudh/.pico-sdk/toolchain/14_2_Rel1/bin/../lib/gcc/arm-none-eabi/14.2.1/../../../../arm-none-eabi/lib/thumb/v6-m/nofp/libg.a(libc_a-lcltime_r.o) (__tzcalc_limits)
/home/anirudh/.pico-sdk/toolchain/14_2_Rel1/bin/../lib/gcc/arm-none-eabi/14.2.1/../../../../arm-none-eabi/lib/thumb/v6-m/nofp/libg.a(libc_a-tzlock.o)
                              /home/anirudh/.pico-sdk/toolchain/14_2_Rel1/bin/../lib/gcc/arm-none-eabi/14.2.1/../../../../arm-none-eabi/lib/thumb/v6-m/nofp/libg.a(libc_a-lcltime_r.o) (__tz_lock)
/home/anirudh/.pico-sdk/toolchain/14_2_Rel1/bin/../lib/gcc/arm-none-eabi/14.2.1/../../../../arm-none-eabi/lib/thumb/v6-m/nofp/libg.a(libc_a-tzset.o)
[...]
Memory Configuration

Name             Origin             Length             Attributes
FLASH            0x10000000         0x00200000         xr
RAM              0x20000000         0x00040000         xrw
SCRATCH_X        0x20040000         0x00001000         xrw
SCRATCH_Y        0x20041000         0x00001000         xrw
*default*        0x00000000         0xffffffff

Linker script and memory map

LOAD /home/anirudh/.pico-sdk/toolchain/14_2_Rel1/bin/../lib/gcc/arm-none-eabi/14.2.1/thumb/v6-m/nofp/crti.o
LOAD /home/anirudh/.pico-sdk/toolchain/14_2_Rel1/bin/../lib/gcc/arm-none-eabi/14.2.1/thumb/v6-m/nofp/crtbegin.o
LOAD /home/anirudh/.pico-sdk/toolchain/14_2_Rel1/bin/../lib/gcc/arm-none-eabi/14.2.1/../../../../arm-none-eabi/lib/thumb/v6-m/nofp/crt0.o

.flash_begin    0x10000000        0x0
                0x10000000                        __flash_binary_start = .

.boot2          0x10000000      0x100
                0x10000000                        __boot2_start__ = .
 *(.boot2)
 .boot2         0x10000000      0x100 pico-sdk/src/rp2040/boot_stage2/CMakeFiles/bs2_default_library.dir/bs2_default_padded_checksummed.S.o
                0x10000100                        __boot2_end__ = .
                0x00000001                        ASSERT (((__boot2_end__ - __boot2_start__) == 0x100), ERROR: Pico second stage bootloader must be 256 bytes in size)

.text           0x10000100     0x736c
                0x10000100                        __logical_binary_start = .
 *(.vectors)
 .vectors       0x10000100       0xd4 CMakeFiles/EncoderData.dir/home/anirudh/.pico-sdk/sdk/2.1.1/src/rp2_common/pico_crt0/crt0.S.o
                0x10000100                __vectors
                0x10000100                __VECTOR_TABLE
                0x100001c0                isr_invalid
                0x100001c0                __default_isrs_start
                0x100001c2                isr_nmi
                0x100001c4                isr_hardfault
                0x100001c6                isr_svcall
                0x100001c8                isr_pendsv
                0x100001ca                isr_systick
                0x100001cc                isr_irq30
                0x100001cc                __unhandled_user_irq
                0x100001cc                isr_irq13
                0x100001cc                isr_irq27
                0x100001cc                isr_irq31
                0x100001cc                isr_irq5
                0x100001cc                isr_irq11
                0x100001cc                isr_irq23
                0x100001cc                isr_irq18
                0x100001cc                isr_irq28
                0x100001cc                isr_irq19
                0x100001cc                isr_irq0
                0x100001cc                isr_irq6
                0x100001cc                isr_irq22
                0x100001cc                isr_irq17
                0x100001cc                isr_irq14
                0x100001cc                isr_irq2
                0x100001cc                isr_irq10
                0x100001cc                isr_irq8
                0x100001cc                isr_irq24
                0x100001cc                isr_irq1
                0x100001cc                isr_irq7
                0x100001cc                isr_irq21
                0x100001cc                isr_irq20
                0x100001cc                isr_irq15
                0x100001cc                isr_irq25
                0x100001cc                isr_irq4
                0x100001cc                isr_irq16
                0x100001cc                isr_irq29
                0x100001cc                isr_irq26
                0x100001cc                __default_isrs_end
                0x100001cc                isr_irq3
                0x100001cc                isr_irq12
                0x100001cc                isr_irq9
                0x100001d2                unhandled_user_irq_num_in_r0
 *(.binary_info_header)
 .binary_info_header
                0x100001d4       0x14 CMakeFiles/EncoderData.dir/home/anirudh/.pico-sdk/sdk/2.1.1/src/rp2_common/pico_crt0/crt0.S.o
                0x100001e8                        __binary_info_header_end = .
 *(.embedded_block)
                0x100001e8                        __embedded_block_end = .
 *(.reset)
 .reset         0x100001e8       0x9c CMakeFiles/EncoderData.dir/home/anirudh/.pico-sdk/sdk/2.1.1/src/rp2_common/pico_crt0/crt0.S.o
                0x100001e8                _entry_point
 *(.init)
 .init          0x10000284        0x4 /home/anirudh/.pico-sdk/toolchain/14_2_Rel1/bin/../lib/gcc/arm-none-eabi/14.2.1/thumb/v6-m/nofp/crti.o
                0x10000284                _init
 *(EXCLUDE_FILE(*libm.a: *libc.a:*lib_a-mem*.o *libgcc.a:) .text*)
 .text.register_tm_clones
                0x10000288       0x28 /home/anirudh/.pico-sdk/toolchain/14_2_Rel1/bin/../lib/gcc/arm-none-eabi/14.2.1/thumb/v6-m/nofp/crtbegin.o
 .text.frame_dummy
                0x100002b0       0x24 /home/anirudh/.pico-sdk/toolchain/14_2_Rel1/bin/../lib/gcc/arm-none-eabi/14.2.1/thumb/v6-m/nofp/crtbegin.o
 .text.gpio_callback_channel
                0x100002d4      0x138 CMakeFiles/EncoderData.dir/EncoderData.c.o
                0x100002d4                gpio_callback_channel
 .text.start_motor
                0x1000040c       0x28 CMakeFiles/EncoderData.dir/EncoderData.c.o
                0x1000040c                start_motor
 .text.startup.main
                0x10000434      0x17c CMakeFiles/EncoderData.dir/EncoderData.c.o
                0x10000434                main
 .text.gpio_default_irq_handler
                0x100005b0      0x2c8 CMakeFiles/EncoderData.dir/home/anirudh/.pico-sdk/sdk/2.1.1/src/rp2_common/hardware_gpio/gpio.c.o
 .text.gpio_set_function
                0x10000878       0x34 CMakeFiles/EncoderData.dir/home/anirudh/.pico-sdk/sdk/2.1.1/src/rp2_common/hardware_gpio/gpio.c.o
                0x10000878                gpio_set_function
 .text.gpio_set_pulls
                0x100008ac       0x28 CMakeFiles/EncoderData.dir/home/anirudh/.pico-sdk/sdk/2.1.1/src/rp2_common/hardware_gpio/gpio.c.o
                0x100008ac                gpio_set_pulls
 .text.gpio_set_irq_enabled_with_callback
                0x100008d4       0xd0 CMakeFiles/EncoderData.dir/home/anirudh/.pico-sdk/sdk/2.1.1/src/rp2_common/hardware_gpio/gpio.c.o
                0x100008d4                gpio_set_irq_enabled_with_callback
 .text.gpio_init
                0x100009a4       0x40 CMakeFiles/EncoderData.dir/home/anirudh/.pico-sdk/sdk/2.1.1/src/rp2_common/hardware_gpio/gpio.c.o
                0x100009a4                gpio_init
 .text.rp2040_chip_version
                0x100009e4        0xc CMakeFiles/EncoderData.dir/home/anirudh/.pico-sdk/sdk/2.1.1/src/rp2040/pico_platform/platform.c.o
                0x100009e4                rp2040_chip_version
 .text.panic    0x100009f0       0x30 CMakeFiles/EncoderData.dir/home/anirudh/.pico-sdk/sdk/2.1.1/src/rp2_common/pico_platform_panic/panic.c.o
                0x100009f0                panic
 .text.hw_claim_or_assert
                0x10000a20       0x44 CMakeFiles/EncoderData.dir/home/anirudh/.pico-sdk/sdk/2.1.1/src/common/hardware_claim/claim.c.o
                0x10000a20                hw_claim_or_assert
 .text.hw_claim_unused_from_range
                0x10000a64       0x88 CMakeFiles/EncoderData.dir/home/anirudh/.pico-sdk/sdk/2.1.1/src/common/hardware_claim/claim.c.o
                0x10000a64                hw_claim_unused_from_range
 .text.next_striped_spin_lock_num
                0x10000aec       0x18 CMakeFiles/EncoderData.dir/home/anirudh/.pico-sdk/sdk/2.1.1/src/rp2_common/hardware_sync/sync.c.o
                0x10000aec                next_striped_spin_lock_num
 .text.spin_lock_claim_unused
                0x10000b04       0x24 CMakeFiles/EncoderData.dir/home/anirudh/.pico-sdk/sdk/2.1.1/src/rp2_common/hardware_sync/sync.c.o
                0x10000b04                spin_lock_claim_unused
 .text.spin_locks_reset
                0x10000b28       0x1c CMakeFiles/EncoderData.dir/home/anirudh/.pico-sdk/sdk/2.1.1/src/rp2_common/hardware_sync_spin_lock/sync_spin_lock.c.o
                0x10000b28                spin_locks_reset
 .text.runtime_init_per_core_irq_priorities
                0x10000b44       0x24 CMakeFiles/EncoderData.dir/home/anirudh/.pico-sdk/sdk/2.1.1/src/rp2_common/hardware_irq/irq.c.o
                0x10000b44                runtime_init_per_core_irq_priorities
 .text.irq_set_enabled
                0x10000b68       0x24 CMakeFiles/EncoderData.dir/home/anirudh/.pico-sdk/sdk/2.1.1/src/rp2_common/hardware_irq/irq.c.o
                0x10000b68                irq_set_enabled
 .text.irq_is_enabled
                0x10000b8c       0x18 CMakeFiles/EncoderData.dir/home/anirudh/.pico-sdk/sdk/2.1.1/src/rp2_common/hardware_irq/irq.c.o
                0x10000b8c                irq_is_enabled
 .text.irq_set_pending
                0x10000ba4       0x10 CMakeFiles/EncoderData.dir/home/anirudh/.pico-sdk/sdk/2.1.1/src/rp2_common/hardware_irq/irq.c.o
                0x10000ba4                irq_set_pending
 .text.irq_has_shared_handler
                0x10000bb4       0x24 CMakeFiles/EncoderData.dir/home/anirudh/.pico-sdk/sdk/2.1.1/src/rp2_common/hardware_irq/irq.c.o
                0x10000bb4                irq_has_shared_handler
 .text.irq_set_exclusive_handler
                0x10000bd8       0x54 CMakeFiles/EncoderData.dir/home/anirudh/.pico-sdk/sdk/2.1.1/src/rp2_common/hardware_irq/irq.c.o
                0x10000bd8                irq_set_exclusive_handler
 .text.irq_add_shared_handler
                0x10000c2c      0x1f4 CMakeFiles/EncoderData.dir/home/anirudh/.pico-sdk/sdk/2.1.1/src/rp2_common/hardware_irq/irq.c.o
                0x10000c2c                irq_add_shared_handler
 .text.irq_remove_handler
                0x10000e20      0x1d4 CMakeFiles/EncoderData.dir/home/anirudh/.pico-sdk/sdk/2.1.1/src/rp2_common/hardware_irq/irq.c.o
                0x10000e20                irq_remove_handler
 .text.irq_add_tail_to_free_list
                0x10000ff4       0xb4 CMakeFiles/EncoderData.dir/home/anirudh/.pico-sdk/sdk/2.1.1/src/rp2_common/hardware_irq/irq.c.o
                0x10000ff4                irq_add_tail_to_free_list
 .text.user_irq_claim_unused
                0x100010a8       0x2c CMakeFiles/EncoderData.dir/home/anirudh/.pico-sdk/sdk/2.1.1/src/rp2_common/hardware_irq/irq.c.o
                0x100010a8                user_irq_claim_unused
 .text.lock_init
                0x100010d4       0x10 CMakeFiles/EncoderData.dir/home/anirudh/.pico-sdk/sdk/2.1.1/src/common/pico_sync/lock_core.c.o
                0x100010d4                lock_init
 .text.runtime_init_mutex
                0x100010e4       0x50 CMakeFiles/EncoderData.dir/home/anirudh/.pico-sdk/sdk/2.1.1/src/common/pico_sync/mutex.c.o
                0x100010e4                runtime_init_mutex
 .text.mutex_init
                0x10001134       0x1c CMakeFiles/EncoderData.dir/home/anirudh/.pico-sdk/sdk/2.1.1/src/common/pico_sync/mutex.c.o
                0x10001134                mutex_init
 .text.critical_section_init
                0x10001150       0x1c CMakeFiles/EncoderData.dir/home/anirudh/.pico-sdk/sdk/2.1.1/src/common/pico_sync/critical_section.c.o
                0x10001150                critical_section_init
 .text.critical_section_init_with_lock_num
                0x1000116c       0x14 CMakeFiles/EncoderData.dir/home/anirudh/.pico-sdk/sdk/2.1.1/src/common/pico_sync/critical_section.c.o
                0x1000116c                critical_section_init_with_lock_num
 .text.sleep_until_callback
                0x10001180       0x30 CMakeFiles/EncoderData.dir/home/anirudh/.pico-sdk/sdk/2.1.1/src/common/pico_time/time.c.o
 .text.alarm_pool_irq_handler
                0x100011b0      0x300 CMakeFiles/EncoderData.dir/home/anirudh/.pico-sdk/sdk/2.1.1/src/common/pico_time/time.c.o
 .text.runtime_init_default_alarm_pool
                0x100014b0       0xdc CMakeFiles/EncoderData.dir/home/anirudh/.pico-sdk/sdk/2.1.1/src/common/pico_time/time.c.o
                0x100014b0                runtime_init_default_alarm_pool
 .text.alarm_pool_get_default
                0x1000158c        0x8 CMakeFiles/EncoderData.dir/home/anirudh/.pico-sdk/sdk/2.1.1/src/common/pico_time/time.c.o
                0x1000158c                alarm_pool_get_default
 .text.alarm_pool_add_alarm_at
                0x10001594       0xd0 CMakeFiles/EncoderData.dir/home/anirudh/.pico-sdk/sdk/2.1.1/src/common/pico_time/time.c.o
                0x10001594                alarm_pool_add_alarm_at
 .text.alarm_pool_add_alarm_at_force_in_context
                0x10001664       0xb0 CMakeFiles/EncoderData.dir/home/anirudh/.pico-sdk/sdk/2.1.1/src/common/pico_time/time.c.o
                0x10001664                alarm_pool_add_alarm_at_force_in_context
 .text.alarm_pool_cancel_alarm
                0x10001714       0x74 CMakeFiles/EncoderData.dir/home/anirudh/.pico-sdk/sdk/2.1.1/src/common/pico_time/time.c.o
                0x10001714                alarm_pool_cancel_alarm
 .text.alarm_pool_core_num
                0x10001788        0x4 CMakeFiles/EncoderData.dir/home/anirudh/.pico-sdk/sdk/2.1.1/src/common/pico_time/time.c.o
                0x10001788                alarm_pool_core_num
 .text.sleep_ms
                0x1000178c       0xfc CMakeFiles/EncoderData.dir/home/anirudh/.pico-sdk/sdk/2.1.1/src/common/pico_time/time.c.o
                0x1000178c                sleep_ms
 .text.best_effort_wfe_or_timeout
                0x10001888      0x10c CMakeFiles/EncoderData.dir/home/anirudh/.pico-sdk/sdk/2.1.1/src/common/pico_time/time.c.o
                0x10001888                best_effort_wfe_or_timeout
 .text.timer_hardware_alarm_claim
                0x10001994       0x14 CMakeFiles/EncoderData.dir/home/anirudh/.pico-sdk/sdk/2.1.1/src/rp2_common/hardware_timer/timer.c.o
                0x10001994                timer_hardware_alarm_claim
 .text.timer_time_us_64
                0x100019a8       0x10 CMakeFiles/EncoderData.dir/home/anirudh/.pico-sdk/sdk/2.1.1/src/rp2_common/hardware_timer/timer.c.o
                0x100019a8                timer_time_us_64
 .text.time_us_64
                0x100019b8       0x14 CMakeFiles/EncoderData.dir/home/anirudh/.pico-sdk/sdk/2.1.1/src/rp2_common/hardware_timer/timer.c.o
                0x100019b8                time_us_64
 .text.busy_wait_until
                0x100019cc       0x20 CMakeFiles/EncoderData.dir/home/anirudh/.pico-sdk/sdk/2.1.1/src/rp2_common/hardware_timer/timer.c.o
                0x100019cc                busy_wait_until
 .text.clock_configure_int_divider
                0x100019ec       0xf4 CMakeFiles/EncoderData.dir/home/anirudh/.pico-sdk/sdk/2.1.1/src/rp2_common/hardware_clocks/clocks.c.o
                0x100019ec                clock_configure_int_divider
 .text.clock_configure_undivided
                0x10001ae0       0xe8 CMakeFiles/EncoderData.dir/home/anirudh/.pico-sdk/sdk/2.1.1/src/rp2_common/hardware_clocks/clocks.c.o
                0x10001ae0                clock_configure_undivided
 .text.clock_get_hz
                0x10001bc8        0xc CMakeFiles/EncoderData.dir/home/anirudh/.pico-sdk/sdk/2.1.1/src/rp2_common/hardware_clocks/clocks.c.o
                0x10001bc8                clock_get_hz
 .text.pll_init
                0x10001bd4       0xa4 CMakeFiles/EncoderData.dir/home/anirudh/.pico-sdk/sdk/2.1.1/src/rp2_common/hardware_pll/pll.c.o
                0x10001bd4                pll_init
 .text.watchdog_reboot
                0x10001c78       0x9c CMakeFiles/EncoderData.dir/home/anirudh/.pico-sdk/sdk/2.1.1/src/rp2_common/hardware_watchdog/watchdog.c.o
                0x10001c78                watchdog_reboot
 .text.tick_start
                0x10001d14       0x10 CMakeFiles/EncoderData.dir/home/anirudh/.pico-sdk/sdk/2.1.1/src/rp2_common/hardware_ticks/ticks.c.o
                0x10001d14                tick_start
 .text.rom_func_lookup
                0x10001d24       0x10 CMakeFiles/EncoderData.dir/home/anirudh/.pico-sdk/sdk/2.1.1/src/rp2_common/pico_bootrom/bootrom.c.o
                0x10001d24                rom_func_lookup
 .text.rom_data_lookup
                0x10001d34       0x10 CMakeFiles/EncoderData.dir/home/anirudh/.pico-sdk/sdk/2.1.1/src/rp2_common/pico_bootrom/bootrom.c.o
                0x10001d34                rom_data_lookup
 .text.rom_funcs_lookup
                0x10001d44       0x44 CMakeFiles/EncoderData.dir/home/anirudh/.pico-sdk/sdk/2.1.1/src/rp2_common/pico_bootrom/bootrom.c.o
                0x10001d44                rom_funcs_lookup
 .text.rom_reset_usb_boot_extra
                0x10001d88       0x24 CMakeFiles/EncoderData.dir/home/anirudh/.pico-sdk/sdk/2.1.1/src/rp2_common/pico_bootrom/bootrom.c.o
                0x10001d88                rom_reset_usb_boot_extra
 .text.xosc_init
                0x10001dac       0x28 CMakeFiles/EncoderData.dir/home/anirudh/.pico-sdk/sdk/2.1.1/src/rp2_common/hardware_xosc/xosc.c.o
                0x10001dac                xosc_init
 .text.first_per_core_initializer
                0x10001dd4        0x4 CMakeFiles/EncoderData.dir/home/anirudh/.pico-sdk/sdk/2.1.1/src/rp2_common/pico_runtime/runtime.c.o
 .text.hard_assertion_failure
                0x10001dd8        0xc CMakeFiles/EncoderData.dir/home/anirudh/.pico-sdk/sdk/2.1.1/src/rp2_common/pico_runtime/runtime.c.o
                0x10001dd8                hard_assertion_failure
 .text.runtime_run_initializers
                0x10001de4       0x28 CMakeFiles/EncoderData.dir/home/anirudh/.pico-sdk/sdk/2.1.1/src/rp2_common/pico_runtime/runtime.c.o
                0x10001de4                runtime_run_initializers
 .text.runtime_init_early_resets
                0x10001e0c       0x2c CMakeFiles/EncoderData.dir/home/anirudh/.pico-sdk/sdk/2.1.1/src/rp2_common/pico_runtime_init/runtime_init.c.o
                0x10001e0c                runtime_init_early_resets
 .text.runtime_init_usb_power_down
                0x10001e38       0x1c CMakeFiles/EncoderData.dir/home/anirudh/.pico-sdk/sdk/2.1.1/src/rp2_common/pico_runtime_init/runtime_init.c.o
                0x10001e38                runtime_init_usb_power_down
 .text.runtime_init_post_clock_resets
                0x10001e54       0x20 CMakeFiles/EncoderData.dir/home/anirudh/.pico-sdk/sdk/2.1.1/src/rp2_common/pico_runtime_init/runtime_init.c.o
                0x10001e54                runtime_init_post_clock_resets
 .text.runtime_init_rp2040_gpio_ie_disable
                0x10001e74       0x14 CMakeFiles/EncoderData.dir/home/anirudh/.pico-sdk/sdk/2.1.1/src/rp2_common/pico_runtime_init/runtime_init.c.o
                0x10001e74                runtime_init_rp2040_gpio_ie_disable
 .text.runtime_init_spin_locks_reset
                0x10001e88        0x8 CMakeFiles/EncoderData.dir/home/anirudh/.pico-sdk/sdk/2.1.1/src/rp2_common/pico_runtime_init/runtime_init.c.o
                0x10001e88                runtime_init_spin_locks_reset
 .text.runtime_init_install_ram_vector_table
                0x10001e90       0x1c CMakeFiles/EncoderData.dir/home/anirudh/.pico-sdk/sdk/2.1.1/src/rp2_common/pico_runtime_init/runtime_init.c.o
                0x10001e90                runtime_init_install_ram_vector_table
 .text.runtime_init_clocks
                0x10001eac       0xd8 CMakeFiles/EncoderData.dir/home/anirudh/.pico-sdk/sdk/2.1.1/src/rp2_common/pico_runtime_init/runtime_init_clocks.c.o
                0x10001eac                runtime_init_clocks
 .text          0x10001f84       0x10 CMakeFiles/EncoderData.dir/home/anirudh/.pico-sdk/sdk/2.1.1/src/rp2_common/pico_bit_ops/bit_ops_aeabi.S.o
 .text.__wrap___aeabi_idiv
                0x10001f94       0x50 CMakeFiles/EncoderData.dir/home/anirudh/.pico-sdk/sdk/2.1.1/src/rp2_common/pico_divider/divider_hardware.S.o
                0x10001f94                __wrap___aeabi_idivmod
                0x10001f94                divmod_s32s32
                0x10001f94                div_s32s32
                0x10001f94                __wrap___aeabi_idiv
                0x10001f9c                divmod_s32s32_unsafe
                0x10001fc8                divmod_s32s32_savestate
 .text.__wrap___aeabi_uidiv
                0x10001fe4       0x4c CMakeFiles/EncoderData.dir/home/anirudh/.pico-sdk/sdk/2.1.1/src/rp2_common/pico_divider/divider_hardware.S.o
                0x10001fe4                __wrap___aeabi_uidiv
                0x10001fe4                __wrap___aeabi_uidivmod
                0x10001fe4                div_u32u32
                0x10001fe4                divmod_u32u32
                0x10001fec                divmod_u32u32_unsafe
                0x10002014                divmod_u32u32_savestate
 .text.__wrap___aeabi_ldiv
                0x10002030      0x424 CMakeFiles/EncoderData.dir/home/anirudh/.pico-sdk/sdk/2.1.1/src/rp2_common/pico_divider/divider_hardware.S.o
                0x10002030                div_s64s64
                0x10002030                divmod_s64s64
                0x10002030                __wrap___aeabi_ldivmod
                0x10002060                div_u64u64
                0x10002060                divmod_u64u64
                0x10002060                __wrap___aeabi_uldivmod
                0x10002070                divmod_u64u64_savestate
                0x10002090                divmod_s64s64_unsafe
                0x10002118                divmod_u64u64_unsafe
 .text.__wrap___aeabi_darithmetic
                0x10002454       0x80 CMakeFiles/EncoderData.dir/home/anirudh/.pico-sdk/sdk/2.1.1/src/rp2_common/pico_double/double_aeabi_rp2040.S.o
                0x10002454                __wrap___aeabi_drsub
                0x1000245a                __wrap___aeabi_dsub
                0x1000246c                __wrap___aeabi_dadd
                0x1000247e                __wrap___aeabi_ddiv
                0x100024ba                __wrap___aeabi_dmul
 .text.__wrap___aeabi_cdcmple
                0x100024d4       0x6c CMakeFiles/EncoderData.dir/home/anirudh/.pico-sdk/sdk/2.1.1/src/rp2_common/pico_double/double_aeabi_rp2040.S.o
                0x100024d4                __wrap___aeabi_cdrcmple
                0x100024e4                __wrap___aeabi_cdcmple
                0x100024e4                __wrap___aeabi_cdcmpeq
 .text.__wrap___aeabi_dcmplt
                0x10002540        0xc CMakeFiles/EncoderData.dir/home/anirudh/.pico-sdk/sdk/2.1.1/src/rp2_common/pico_double/double_aeabi_rp2040.S.o
                0x10002540                __wrap___aeabi_dcmplt
 .text.__wrap___aeabi_dcmple
                0x1000254c       0x10 CMakeFiles/EncoderData.dir/home/anirudh/.pico-sdk/sdk/2.1.1/src/rp2_common/pico_double/double_aeabi_rp2040.S.o
                0x1000254c                __wrap___aeabi_dcmple
 .text.__wrap___aeabi_dcmpge
                0x1000255c       0x10 CMakeFiles/EncoderData.dir/home/anirudh/.pico-sdk/sdk/2.1.1/src/rp2_common/pico_double/double_aeabi_rp2040.S.o
                0x1000255c                __wrap___aeabi_dcmpge
 .text.__wrap___aeabi_dcmpgt
                0x1000256c        0xa CMakeFiles/EncoderData.dir/home/anirudh/.pico-sdk/sdk/2.1.1/src/rp2_common/pico_double/double_aeabi_rp2040.S.o
                0x1000256c                __wrap___aeabi_dcmpgt
 .text.__wrap___aeabi_dcmpun
                0x10002576       0x18 CMakeFiles/EncoderData.dir/home/anirudh/.pico-sdk/sdk/2.1.1/src/rp2_common/pico_double/double_aeabi_rp2040.S.o
                0x10002576                __wrap___aeabi_dcmpun
 *fill*         0x1000258e        0x2 
 .text.__wrap___aeabi_i2d
                0x10002590       0x38 CMakeFiles/EncoderData.dir/home/anirudh/.pico-sdk/sdk/2.1.1/src/rp2_common/pico_double/double_aeabi_rp2040.S.o
                0x10002590                __wrap___aeabi_ui2d
                0x10002590                uint2double
                0x10002598                __wrap___aeabi_i2d
                0x10002598                int2double
 .text.__wrap___aeabi_d2iz
                0x100025c8       0x48 CMakeFiles/EncoderData.dir/home/anirudh/.pico-sdk/sdk/2.1.1/src/rp2_common/pico_double/double_aeabi_rp2040.S.o
                0x100025c8                __wrap___aeabi_d2iz
                0x100025c8                double2int_z
 .text.__wrap___aeabi_d2uiz
                0x10002610       0x18 CMakeFiles/EncoderData.dir/home/anirudh/.pico-sdk/sdk/2.1.1/src/rp2_common/pico_double/double_aeabi_rp2040.S.o
                0x10002610                double2uint_z
                0x10002610                double2uint
                0x10002610                __wrap___aeabi_d2uiz
 .text.__wrap___aeabi_d2f
                0x10002628       0x18 CMakeFiles/EncoderData.dir/home/anirudh/.pico-sdk/sdk/2.1.1/src/rp2_common/pico_double/double_aeabi_rp2040.S.o
                0x10002628                __wrap___aeabi_d2f
 .text.__aeabi_double_init
                0x10002640       0xa4 CMakeFiles/EncoderData.dir/home/anirudh/.pico-sdk/sdk/2.1.1/src/rp2_common/pico_double/double_init_rom_rp2040.c.o
                0x10002640                __aeabi_double_init
 .text.double_table_shim_on_use_helper
                0x100026e4       0x2c CMakeFiles/EncoderData.dir/home/anirudh/.pico-sdk/sdk/2.1.1/src/rp2_common/pico_double/double_v1_rom_shim_rp2040.S.o
                0x100026e4                double_table_shim_on_use_helper
 .text.__wrap___aeabi_dsub
                0x10002710       0x10 CMakeFiles/EncoderData.dir/home/anirudh/.pico-sdk/sdk/2.1.1/src/rp2_common/pico_double/double_v1_rom_shim_rp2040.S.o
                0x10002710                drsub_shim
                0x10002716                dsub_shim
 .text.dadd_shim
                0x10002720      0x15c CMakeFiles/EncoderData.dir/home/anirudh/.pico-sdk/sdk/2.1.1/src/rp2_common/pico_double/double_v1_rom_shim_rp2040.S.o
                0x10002720                dadd_shim
 .text.dmul_shim
                0x1000287c      0x15c CMakeFiles/EncoderData.dir/home/anirudh/.pico-sdk/sdk/2.1.1/src/rp2_common/pico_double/double_v1_rom_shim_rp2040.S.o
                0x1000287c                dmul_shim
 .text.ddiv_shim
                0x100029d8      0x1b0 CMakeFiles/EncoderData.dir/home/anirudh/.pico-sdk/sdk/2.1.1/src/rp2_common/pico_double/double_v1_rom_shim_rp2040.S.o
                0x100029d8                ddiv_shim
 .text.double2uint_shim
                0x10002b88        0xe CMakeFiles/EncoderData.dir/home/anirudh/.pico-sdk/sdk/2.1.1/src/rp2_common/pico_double/double_v1_rom_shim_rp2040.S.o
                0x10002b88                double2uint_shim
                0x10002b8a                double2ufix_shim
 *fill*         0x10002b96        0x2 
 .text.double2uint64_shim
                0x10002b98       0x70 CMakeFiles/EncoderData.dir/home/anirudh/.pico-sdk/sdk/2.1.1/src/rp2_common/pico_double/double_v1_rom_shim_rp2040.S.o
                0x10002b98                double2uint64_shim
                0x10002b9a                double2ufix64_shim
                0x10002bba                d2fix_a
 .text.double2float_shim
                0x10002c08       0x5c CMakeFiles/EncoderData.dir/home/anirudh/.pico-sdk/sdk/2.1.1/src/rp2_common/pico_double/double_v1_rom_shim_rp2040.S.o
                0x10002c08                double2float_shim
 .text.dunpacks
                0x10002c64       0x3c CMakeFiles/EncoderData.dir/home/anirudh/.pico-sdk/sdk/2.1.1/src/rp2_common/pico_double/double_v1_rom_shim_rp2040.S.o
                0x10002c64                dunpacks
 .text.__aeabi_lmul
                0x10002ca0       0x32 CMakeFiles/EncoderData.dir/home/anirudh/.pico-sdk/sdk/2.1.1/src/rp2_common/pico_int64_ops/pico_int64_ops_aeabi.S.o
                0x10002ca0                __wrap___aeabi_lmul
 *fill*         0x10002cd2        0x2 
 .text.__wrap___aeabi_farithmetic
                0x10002cd4       0x48 CMakeFiles/EncoderData.dir/home/anirudh/.pico-sdk/sdk/2.1.1/src/rp2_common/pico_float/float_aeabi_rp2040.S.o
                0x10002cd4                __wrap___aeabi_frsub
                0x10002cda                __wrap___aeabi_fsub
                0x10002ce0                __wrap___aeabi_fadd
                0x10002ce6                __wrap___aeabi_fdiv
                0x10002d0e                __wrap___aeabi_fmul
 .text.__wrap___aeabi_f2uiz
                0x10002d1c        0xc CMakeFiles/EncoderData.dir/home/anirudh/.pico-sdk/sdk/2.1.1/src/rp2_common/pico_float/float_aeabi_rp2040.S.o
                0x10002d1c                float2uint
                0x10002d1c                float2uint_z
                0x10002d1c                __wrap___aeabi_f2uiz
 .text.__wrap___aeabi_f2d
                0x10002d28       0x14 CMakeFiles/EncoderData.dir/home/anirudh/.pico-sdk/sdk/2.1.1/src/rp2_common/pico_float/float_aeabi_rp2040.S.o
                0x10002d28                __wrap___aeabi_f2d
 .text.__aeabi_float_init
                0x10002d3c       0x64 CMakeFiles/EncoderData.dir/home/anirudh/.pico-sdk/sdk/2.1.1/src/rp2_common/pico_float/float_init_rom_rp2040.c.o
                0x10002d3c                __aeabi_float_init
 .text.float_table_shim_on_use_helper
                0x10002da0       0x2c CMakeFiles/EncoderData.dir/home/anirudh/.pico-sdk/sdk/2.1.1/src/rp2_common/pico_float/float_v1_rom_shim_rp2040.S.o
                0x10002da0                float_table_shim_on_use_helper
 .text.float2double_shim
                0x10002dcc       0x30 CMakeFiles/EncoderData.dir/home/anirudh/.pico-sdk/sdk/2.1.1/src/rp2_common/pico_float/float_v1_rom_shim_rp2040.S.o
                0x10002dcc                float2double_shim
 .text          0x10002dfc       0x10 CMakeFiles/EncoderData.dir/home/anirudh/.pico-sdk/sdk/2.1.1/src/rp2_common/pico_mem_ops/mem_ops_aeabi.S.o
                0x10002dfc                __aeabi_mem_init
 .text.memset   0x10002e0c        0xc CMakeFiles/EncoderData.dir/home/anirudh/.pico-sdk/sdk/2.1.1/src/rp2_common/pico_mem_ops/mem_ops_aeabi.S.o
                0x10002e0c                __wrap_memset
 .text.memcpy   0x10002e18        0xc CMakeFiles/EncoderData.dir/home/anirudh/.pico-sdk/sdk/2.1.1/src/rp2_common/pico_mem_ops/mem_ops_aeabi.S.o
                0x10002e18                __wrap___aeabi_memcpy
                0x10002e18                __wrap_memcpy
 .text._out_null
                0x10002e24        0x4 CMakeFiles/EncoderData.dir/home/anirudh/.pico-sdk/sdk/2.1.1/src/rp2_common/pico_printf/printf.c.o
 .text._out_rev
                0x10002e28       0xac CMakeFiles/EncoderData.dir/home/anirudh/.pico-sdk/sdk/2.1.1/src/rp2_common/pico_printf/printf.c.o
 .text._ntoa_format
                0x10002ed4      0x1cc CMakeFiles/EncoderData.dir/home/anirudh/.pico-sdk/sdk/2.1.1/src/rp2_common/pico_printf/printf.c.o
 .text._out_char
                0x100030a0       0x10 CMakeFiles/EncoderData.dir/home/anirudh/.pico-sdk/sdk/2.1.1/src/rp2_common/pico_printf/printf.c.o
 .text._out_fct
                0x100030b0       0x10 CMakeFiles/EncoderData.dir/home/anirudh/.pico-sdk/sdk/2.1.1/src/rp2_common/pico_printf/printf.c.o
 .text._ftoa    0x100030c0      0x4a8 CMakeFiles/EncoderData.dir/home/anirudh/.pico-sdk/sdk/2.1.1/src/rp2_common/pico_printf/printf.c.o
 .text._etoa    0x10003568      0x57c CMakeFiles/EncoderData.dir/home/anirudh/.pico-sdk/sdk/2.1.1/src/rp2_common/pico_printf/printf.c.o
 .text._vsnprintf
                0x10003ae4      0xbe0 CMakeFiles/EncoderData.dir/home/anirudh/.pico-sdk/sdk/2.1.1/src/rp2_common/pico_printf/printf.c.o
 .text.vfctprintf
                0x100046c4       0x24 CMakeFiles/EncoderData.dir/home/anirudh/.pico-sdk/sdk/2.1.1/src/rp2_common/pico_printf/printf.c.o
                0x100046c4                vfctprintf
 .text.weak_raw_vprintf
                0x100046e8       0x30 CMakeFiles/EncoderData.dir/home/anirudh/.pico-sdk/sdk/2.1.1/src/rp2_common/pico_printf/printf.c.o
                0x100046e8                weak_raw_vprintf
 .text._exit    0x10004718        0x4 CMakeFiles/EncoderData.dir/home/anirudh/.pico-sdk/sdk/2.1.1/src/rp2_common/pico_clib_interface/newlib_interface.c.o
                0x10004718                _exit
 .text.exit     0x1000471c        0x8 CMakeFiles/EncoderData.dir/home/anirudh/.pico-sdk/sdk/2.1.1/src/rp2_common/pico_clib_interface/newlib_interface.c.o
                0x1000471c                exit
 .text.runtime_init
                0x10004724       0x2c CMakeFiles/EncoderData.dir/home/anirudh/.pico-sdk/sdk/2.1.1/src/rp2_common/pico_clib_interface/newlib_interface.c.o
                0x10004724                runtime_init
 .text.stdio_out_chars_no_crlf
                0x10004750       0x10 CMakeFiles/EncoderData.dir/home/anirudh/.pico-sdk/sdk/2.1.1/src/rp2_common/pico_stdio/stdio.c.o
 .text.stdio_out_chars_crlf
                0x10004760       0xb0 CMakeFiles/EncoderData.dir/home/anirudh/.pico-sdk/sdk/2.1.1/src/rp2_common/pico_stdio/stdio.c.o
 .text.stdio_buffered_printer
                0x10004810       0x64 CMakeFiles/EncoderData.dir/home/anirudh/.pico-sdk/sdk/2.1.1/src/rp2_common/pico_stdio/stdio.c.o
 .text.stdio_put_string
                0x10004874       0xfc CMakeFiles/EncoderData.dir/home/anirudh/.pico-sdk/sdk/2.1.1/src/rp2_common/pico_stdio/stdio.c.o
                0x10004874                stdio_put_string
 .text.stdio_set_driver_enabled
                0x10004970       0x30 CMakeFiles/EncoderData.dir/home/anirudh/.pico-sdk/sdk/2.1.1/src/rp2_common/pico_stdio/stdio.c.o
                0x10004970                stdio_set_driver_enabled
 .text.stdio_init_all
                0x100049a0        0x8 CMakeFiles/EncoderData.dir/home/anirudh/.pico-sdk/sdk/2.1.1/src/rp2_common/pico_stdio/stdio.c.o
                0x100049a0                stdio_init_all
 .text.__wrap_putchar
                0x100049a8       0x94 CMakeFiles/EncoderData.dir/home/anirudh/.pico-sdk/sdk/2.1.1/src/rp2_common/pico_stdio/stdio.c.o
                0x100049a8                stdio_putchar
                0x100049a8                __wrap_putchar
 .text.__wrap_puts
                0x10004a3c       0x3c CMakeFiles/EncoderData.dir/home/anirudh/.pico-sdk/sdk/2.1.1/src/rp2_common/pico_stdio/stdio.c.o
                0x10004a3c                __wrap_puts
                0x10004a3c                stdio_puts
 .text.__wrap_vprintf
                0x10004a78       0xcc CMakeFiles/EncoderData.dir/home/anirudh/.pico-sdk/sdk/2.1.1/src/rp2_common/pico_stdio/stdio.c.o
                0x10004a78                __wrap_vprintf
                0x10004a78                stdio_vprintf
 .text.__wrap_printf
                0x10004b44       0x18 CMakeFiles/EncoderData.dir/home/anirudh/.pico-sdk/sdk/2.1.1/src/rp2_common/pico_stdio/stdio.c.o
                0x10004b44                stdio_printf
                0x10004b44                __wrap_printf
 .text.resetd_init
                0x10004b5c        0x4 CMakeFiles/EncoderData.dir/home/anirudh/.pico-sdk/sdk/2.1.1/src/rp2_common/pico_stdio_usb/reset_interface.c.o
 .text.resetd_reset
                0x10004b60        0xc CMakeFiles/EncoderData.dir/home/anirudh/.pico-sdk/sdk/2.1.1/src/rp2_common/pico_stdio_usb/reset_interface.c.o
 .text.resetd_open
                0x10004b6c       0x28 CMakeFiles/EncoderData.dir/home/anirudh/.pico-sdk/sdk/2.1.1/src/rp2_common/pico_stdio_usb/reset_interface.c.o
 .text.resetd_xfer_cb
                0x10004b94        0x4 CMakeFiles/EncoderData.dir/home/anirudh/.pico-sdk/sdk/2.1.1/src/rp2_common/pico_stdio_usb/reset_interface.c.o
 .text.resetd_control_xfer_cb
                0x10004b98       0x54 CMakeFiles/EncoderData.dir/home/anirudh/.pico-sdk/sdk/2.1.1/src/rp2_common/pico_stdio_usb/reset_interface.c.o
 .text.tud_descriptor_bos_cb
                0x10004bec        0x8 CMakeFiles/EncoderData.dir/home/anirudh/.pico-sdk/sdk/2.1.1/src/rp2_common/pico_stdio_usb/reset_interface.c.o
                0x10004bec                tud_descriptor_bos_cb
 .text.tud_vendor_control_xfer_cb
                0x10004bf4       0x34 CMakeFiles/EncoderData.dir/home/anirudh/.pico-sdk/sdk/2.1.1/src/rp2_common/pico_stdio_usb/reset_interface.c.o
                0x10004bf4                tud_vendor_control_xfer_cb
 .text.usbd_app_driver_get_cb
                0x10004c28        0xc CMakeFiles/EncoderData.dir/home/anirudh/.pico-sdk/sdk/2.1.1/src/rp2_common/pico_stdio_usb/reset_interface.c.o
                0x10004c28                usbd_app_driver_get_cb
 .text.tud_cdc_line_coding_cb
                0x10004c34       0x2c CMakeFiles/EncoderData.dir/home/anirudh/.pico-sdk/sdk/2.1.1/src/rp2_common/pico_stdio_usb/reset_interface.c.o
                0x10004c34                tud_cdc_line_coding_cb
 .text.stdio_usb_set_chars_available_callback
                0x10004c60       0x14 CMakeFiles/EncoderData.dir/home/anirudh/.pico-sdk/sdk/2.1.1/src/rp2_common/pico_stdio_usb/stdio_usb.c.o
                0x10004c60                stdio_usb_set_chars_available_callback
 .text.usb_irq  0x10004c74       0x10 CMakeFiles/EncoderData.dir/home/anirudh/.pico-sdk/sdk/2.1.1/src/rp2_common/pico_stdio_usb/stdio_usb.c.o
 .text.timer_task
                0x10004c84       0x64 CMakeFiles/EncoderData.dir/home/anirudh/.pico-sdk/sdk/2.1.1/src/rp2_common/pico_stdio_usb/stdio_usb.c.o
 .text.stdio_usb_in_chars
                0x10004ce8       0x8c CMakeFiles/EncoderData.dir/home/anirudh/.pico-sdk/sdk/2.1.1/src/rp2_common/pico_stdio_usb/stdio_usb.c.o
                0x10004ce8                stdio_usb_in_chars
 .text.stdio_usb_out_flush
                0x10004d74       0x4c CMakeFiles/EncoderData.dir/home/anirudh/.pico-sdk/sdk/2.1.1/src/rp2_common/pico_stdio_usb/stdio_usb.c.o
 .text.stdio_usb_out_chars
                0x10004dc0      0x100 CMakeFiles/EncoderData.dir/home/anirudh/.pico-sdk/sdk/2.1.1/src/rp2_common/pico_stdio_usb/stdio_usb.c.o
 .text.low_priority_worker_irq
                0x10004ec0       0xc8 CMakeFiles/EncoderData.dir/home/anirudh/.pico-sdk/sdk/2.1.1/src/rp2_common/pico_stdio_usb/stdio_usb.c.o
 .text.stdio_usb_init
                0x10004f88       0xe8 CMakeFiles/EncoderData.dir/home/anirudh/.pico-sdk/sdk/2.1.1/src/rp2_common/pico_stdio_usb/stdio_usb.c.o
                0x10004f88                stdio_usb_init
 .text.tud_descriptor_device_cb
                0x10005070        0x8 CMakeFiles/EncoderData.dir/home/anirudh/.pico-sdk/sdk/2.1.1/src/rp2_common/pico_stdio_usb/stdio_usb_descriptors.c.o
                0x10005070                tud_descriptor_device_cb
 .text.tud_descriptor_configuration_cb
                0x10005078        0x8 CMakeFiles/EncoderData.dir/home/anirudh/.pico-sdk/sdk/2.1.1/src/rp2_common/pico_stdio_usb/stdio_usb_descriptors.c.o
                0x10005078                tud_descriptor_configuration_cb
 .text.tud_descriptor_string_cb
                0x10005080       0x78 CMakeFiles/EncoderData.dir/home/anirudh/.pico-sdk/sdk/2.1.1/src/rp2_common/pico_stdio_usb/stdio_usb_descriptors.c.o
                0x10005080                tud_descriptor_string_cb
 .text.startup._retrieve_unique_id_on_boot
                0x100050f8       0x10 CMakeFiles/EncoderData.dir/home/anirudh/.pico-sdk/sdk/2.1.1/src/rp2_common/pico_unique_id/unique_id.c.o
 .text.pico_get_unique_board_id_string
                0x10005108      0x1a8 CMakeFiles/EncoderData.dir/home/anirudh/.pico-sdk/sdk/2.1.1/src/rp2_common/pico_unique_id/unique_id.c.o
                0x10005108                pico_get_unique_board_id_string
 .text.flash_get_unique_id
                0x100052b0       0x3c CMakeFiles/EncoderData.dir/home/anirudh/.pico-sdk/sdk/2.1.1/src/rp2_common/hardware_flash/flash.c.o
                0x100052b0                flash_get_unique_id
 .text.dcd_init
                0x100052ec       0x90 CMakeFiles/EncoderData.dir/home/anirudh/.pico-sdk/sdk/2.1.1/lib/tinyusb/src/portable/raspberrypi/rp2040/dcd_rp2040.c.o
                0x100052ec                dcd_init
 .text.dcd_int_enable
                0x1000537c        0xc CMakeFiles/EncoderData.dir/home/anirudh/.pico-sdk/sdk/2.1.1/lib/tinyusb/src/portable/raspberrypi/rp2040/dcd_rp2040.c.o
                0x1000537c                dcd_int_enable
 .text.dcd_set_address
                0x10005388       0x14 CMakeFiles/EncoderData.dir/home/anirudh/.pico-sdk/sdk/2.1.1/lib/tinyusb/src/portable/raspberrypi/rp2040/dcd_rp2040.c.o
                0x10005388                dcd_set_address
 .text.dcd_sof_enable
                0x1000539c       0x1c CMakeFiles/EncoderData.dir/home/anirudh/.pico-sdk/sdk/2.1.1/lib/tinyusb/src/portable/raspberrypi/rp2040/dcd_rp2040.c.o
                0x1000539c                dcd_sof_enable
 .text.dcd_edpt0_status_complete
                0x100053b8       0x1c CMakeFiles/EncoderData.dir/home/anirudh/.pico-sdk/sdk/2.1.1/lib/tinyusb/src/portable/raspberrypi/rp2040/dcd_rp2040.c.o
                0x100053b8                dcd_edpt0_status_complete
 .text.dcd_edpt_open
                0x100053d4      0x114 CMakeFiles/EncoderData.dir/home/anirudh/.pico-sdk/sdk/2.1.1/lib/tinyusb/src/portable/raspberrypi/rp2040/dcd_rp2040.c.o
                0x100053d4                dcd_edpt_open
 .text.dcd_edpt_close_all
                0x100054e8        0x8 CMakeFiles/EncoderData.dir/home/anirudh/.pico-sdk/sdk/2.1.1/lib/tinyusb/src/portable/raspberrypi/rp2040/dcd_rp2040.c.o
                0x100054e8                dcd_edpt_close_all
 .text.dcd_edpt_xfer
                0x100054f0       0x24 CMakeFiles/EncoderData.dir/home/anirudh/.pico-sdk/sdk/2.1.1/lib/tinyusb/src/portable/raspberrypi/rp2040/dcd_rp2040.c.o
                0x100054f0                dcd_edpt_xfer
 .text.dcd_edpt_stall
                0x10005514       0x3c CMakeFiles/EncoderData.dir/home/anirudh/.pico-sdk/sdk/2.1.1/lib/tinyusb/src/portable/raspberrypi/rp2040/dcd_rp2040.c.o
                0x10005514                dcd_edpt_stall
 .text.dcd_edpt_clear_stall
                0x10005550       0x30 CMakeFiles/EncoderData.dir/home/anirudh/.pico-sdk/sdk/2.1.1/lib/tinyusb/src/portable/raspberrypi/rp2040/dcd_rp2040.c.o
                0x10005550                dcd_edpt_clear_stall
 .text.rp2040_usb_init
                0x10005580       0x40 CMakeFiles/EncoderData.dir/home/anirudh/.pico-sdk/sdk/2.1.1/lib/tinyusb/src/portable/raspberrypi/rp2040/rp2040_usb.c.o
                0x10005580                rp2040_usb_init
 .text.hw_endpoint_xfer_start
                0x100055c0       0x40 CMakeFiles/EncoderData.dir/home/anirudh/.pico-sdk/sdk/2.1.1/lib/tinyusb/src/portable/raspberrypi/rp2040/rp2040_usb.c.o
                0x100055c0                hw_endpoint_xfer_start
 .text.tud_event_hook_cb
                0x10005600        0x4 CMakeFiles/EncoderData.dir/home/anirudh/.pico-sdk/sdk/2.1.1/lib/tinyusb/src/device/usbd.c.o
                0x10005600                tud_event_hook_cb
 .text.tud_sof_cb
                0x10005604        0x4 CMakeFiles/EncoderData.dir/home/anirudh/.pico-sdk/sdk/2.1.1/lib/tinyusb/src/device/usbd.c.o
                0x10005604                tud_sof_cb
 .text.tud_descriptor_device_qualifier_cb
                0x10005608        0x4 CMakeFiles/EncoderData.dir/home/anirudh/.pico-sdk/sdk/2.1.1/lib/tinyusb/src/device/usbd.c.o
                0x10005608                tud_descriptor_device_qualifier_cb
 .text.tud_descriptor_other_speed_configuration_cb
                0x1000560c        0x4 CMakeFiles/EncoderData.dir/home/anirudh/.pico-sdk/sdk/2.1.1/lib/tinyusb/src/device/usbd.c.o
                0x1000560c                tud_descriptor_other_speed_configuration_cb
 .text.tud_mount_cb
                0x10005610        0x4 CMakeFiles/EncoderData.dir/home/anirudh/.pico-sdk/sdk/2.1.1/lib/tinyusb/src/device/usbd.c.o
                0x10005610                tud_mount_cb
 .text.tud_umount_cb
                0x10005614        0x4 CMakeFiles/EncoderData.dir/home/anirudh/.pico-sdk/sdk/2.1.1/lib/tinyusb/src/device/usbd.c.o
                0x10005614                tud_umount_cb
 .text.tud_suspend_cb
                0x10005618        0x4 CMakeFiles/EncoderData.dir/home/anirudh/.pico-sdk/sdk/2.1.1/lib/tinyusb/src/device/usbd.c.o
                0x10005618                tud_suspend_cb
 .text.tud_resume_cb
                0x1000561c        0x4 CMakeFiles/EncoderData.dir/home/anirudh/.pico-sdk/sdk/2.1.1/lib/tinyusb/src/device/usbd.c.o
                0x1000561c                tud_resume_cb
 .text.tud_mounted
                0x10005620       0x10 CMakeFiles/EncoderData.dir/home/anirudh/.pico-sdk/sdk/2.1.1/lib/tinyusb/src/device/usbd.c.o
                0x10005620                tud_mounted
 .text.tud_suspended
                0x10005630       0x10 CMakeFiles/EncoderData.dir/home/anirudh/.pico-sdk/sdk/2.1.1/lib/tinyusb/src/device/usbd.c.o
                0x10005630                tud_suspended
 .text.tud_rhport_init
                0x10005640       0xf4 CMakeFiles/EncoderData.dir/home/anirudh/.pico-sdk/sdk/2.1.1/lib/tinyusb/src/device/usbd.c.o
                0x10005640                tud_rhport_init
 .text.tud_task_ext
                0x10005734      0x800 CMakeFiles/EncoderData.dir/home/anirudh/.pico-sdk/sdk/2.1.1/lib/tinyusb/src/device/usbd.c.o
                0x10005734                tud_task_ext
 .text.usbd_open_edpt_pair
                0x10005f34       0x9c CMakeFiles/EncoderData.dir/home/anirudh/.pico-sdk/sdk/2.1.1/lib/tinyusb/src/device/usbd.c.o
                0x10005f34                usbd_open_edpt_pair
 .text.usbd_edpt_open
                0x10005fd0       0x34 CMakeFiles/EncoderData.dir/home/anirudh/.pico-sdk/sdk/2.1.1/lib/tinyusb/src/device/usbd.c.o
                0x10005fd0                usbd_edpt_open
 .text.usbd_edpt_claim
                0x10006004       0x28 CMakeFiles/EncoderData.dir/home/anirudh/.pico-sdk/sdk/2.1.1/lib/tinyusb/src/device/usbd.c.o
                0x10006004                usbd_edpt_claim
 .text.usbd_edpt_release
                0x1000602c       0x28 CMakeFiles/EncoderData.dir/home/anirudh/.pico-sdk/sdk/2.1.1/lib/tinyusb/src/device/usbd.c.o
                0x1000602c                usbd_edpt_release
 .text.usbd_edpt_xfer
                0x10006054       0x4c CMakeFiles/EncoderData.dir/home/anirudh/.pico-sdk/sdk/2.1.1/lib/tinyusb/src/device/usbd.c.o
                0x10006054                usbd_edpt_xfer
 .text.tud_control_status
                0x100060a0       0x2c CMakeFiles/EncoderData.dir/home/anirudh/.pico-sdk/sdk/2.1.1/lib/tinyusb/src/device/usbd_control.c.o
                0x100060a0                tud_control_status
 .text.tud_control_xfer
                0x100060cc       0xa8 CMakeFiles/EncoderData.dir/home/anirudh/.pico-sdk/sdk/2.1.1/lib/tinyusb/src/device/usbd_control.c.o
                0x100060cc                tud_control_xfer
 .text.usbd_control_reset
                0x10006174       0x14 CMakeFiles/EncoderData.dir/home/anirudh/.pico-sdk/sdk/2.1.1/lib/tinyusb/src/device/usbd_control.c.o
                0x10006174                usbd_control_reset
 .text.usbd_control_set_complete_callback
                0x10006188        0xc CMakeFiles/EncoderData.dir/home/anirudh/.pico-sdk/sdk/2.1.1/lib/tinyusb/src/device/usbd_control.c.o
                0x10006188                usbd_control_set_complete_callback
 .text.usbd_control_set_request
                0x10006194       0x1c CMakeFiles/EncoderData.dir/home/anirudh/.pico-sdk/sdk/2.1.1/lib/tinyusb/src/device/usbd_control.c.o
                0x10006194                usbd_control_set_request
 .text.usbd_control_xfer_cb
                0x100061b0       0xec CMakeFiles/EncoderData.dir/home/anirudh/.pico-sdk/sdk/2.1.1/lib/tinyusb/src/device/usbd_control.c.o
                0x100061b0                usbd_control_xfer_cb
 .text._prep_out_transaction.isra.0
                0x1000629c       0x6c CMakeFiles/EncoderData.dir/home/anirudh/.pico-sdk/sdk/2.1.1/lib/tinyusb/src/class/cdc/cdc_device.c.o
 .text.tud_cdc_n_connected
                0x10006308       0x2c CMakeFiles/EncoderData.dir/home/anirudh/.pico-sdk/sdk/2.1.1/lib/tinyusb/src/class/cdc/cdc_device.c.o
                0x10006308                tud_cdc_n_connected
 .text.tud_cdc_n_available
                0x10006334       0x14 CMakeFiles/EncoderData.dir/home/anirudh/.pico-sdk/sdk/2.1.1/lib/tinyusb/src/class/cdc/cdc_device.c.o
                0x10006334                tud_cdc_n_available
 .text.tud_cdc_n_read
                0x10006348       0x88 CMakeFiles/EncoderData.dir/home/anirudh/.pico-sdk/sdk/2.1.1/lib/tinyusb/src/class/cdc/cdc_device.c.o
                0x10006348                tud_cdc_n_read
 .text.tud_cdc_n_write_flush
                0x100063d0       0x74 CMakeFiles/EncoderData.dir/home/anirudh/.pico-sdk/sdk/2.1.1/lib/tinyusb/src/class/cdc/cdc_device.c.o
                0x100063d0                tud_cdc_n_write_flush
 .text.tud_cdc_n_write
                0x10006444       0x40 CMakeFiles/EncoderData.dir/home/anirudh/.pico-sdk/sdk/2.1.1/lib/tinyusb/src/class/cdc/cdc_device.c.o
                0x10006444                tud_cdc_n_write
 .text.tud_cdc_n_write_available
                0x10006484       0x14 CMakeFiles/EncoderData.dir/home/anirudh/.pico-sdk/sdk/2.1.1/lib/tinyusb/src/class/cdc/cdc_device.c.o
                0x10006484                tud_cdc_n_write_available
 .text.cdcd_init
                0x10006498       0x70 CMakeFiles/EncoderData.dir/home/anirudh/.pico-sdk/sdk/2.1.1/lib/tinyusb/src/class/cdc/cdc_device.c.o
                0x10006498                cdcd_init
 .text.cdcd_deinit
                0x10006508       0x30 CMakeFiles/EncoderData.dir/home/anirudh/.pico-sdk/sdk/2.1.1/lib/tinyusb/src/class/cdc/cdc_device.c.o
                0x10006508                cdcd_deinit
 .text.cdcd_reset
                0x10006538       0x4c CMakeFiles/EncoderData.dir/home/anirudh/.pico-sdk/sdk/2.1.1/lib/tinyusb/src/class/cdc/cdc_device.c.o
                0x10006538                cdcd_reset
 .text.cdcd_open
                0x10006584       0xa4 CMakeFiles/EncoderData.dir/home/anirudh/.pico-sdk/sdk/2.1.1/lib/tinyusb/src/class/cdc/cdc_device.c.o
                0x10006584                cdcd_open
 .text.cdcd_control_xfer_cb
                0x10006628       0xe8 CMakeFiles/EncoderData.dir/home/anirudh/.pico-sdk/sdk/2.1.1/lib/tinyusb/src/class/cdc/cdc_device.c.o
                0x10006628                cdcd_control_xfer_cb
 .text.cdcd_xfer_cb
                0x10006710      0x100 CMakeFiles/EncoderData.dir/home/anirudh/.pico-sdk/sdk/2.1.1/lib/tinyusb/src/class/cdc/cdc_device.c.o
                0x10006710                cdcd_xfer_cb
 .text.vendord_init
                0x10006810       0x5c CMakeFiles/EncoderData.dir/home/anirudh/.pico-sdk/sdk/2.1.1/lib/tinyusb/src/class/vendor/vendor_device.c.o
                0x10006810                vendord_init
 .text.vendord_deinit
                0x1000686c       0x1c CMakeFiles/EncoderData.dir/home/anirudh/.pico-sdk/sdk/2.1.1/lib/tinyusb/src/class/vendor/vendor_device.c.o
                0x1000686c                vendord_deinit
 .text.vendord_reset
                0x10006888       0x28 CMakeFiles/EncoderData.dir/home/anirudh/.pico-sdk/sdk/2.1.1/lib/tinyusb/src/class/vendor/vendor_device.c.o
                0x10006888                vendord_reset
 .text.vendord_open
                0x100068b0      0x120 CMakeFiles/EncoderData.dir/home/anirudh/.pico-sdk/sdk/2.1.1/lib/tinyusb/src/class/vendor/vendor_device.c.o
                0x100068b0                vendord_open
 .text.vendord_xfer_cb
                0x100069d0       0x9c CMakeFiles/EncoderData.dir/home/anirudh/.pico-sdk/sdk/2.1.1/lib/tinyusb/src/class/vendor/vendor_device.c.o
                0x100069d0                vendord_xfer_cb
 .text.tusb_rhport_init
                0x10006a6c       0x4c CMakeFiles/EncoderData.dir/home/anirudh/.pico-sdk/sdk/2.1.1/lib/tinyusb/src/tusb.c.o
                0x10006a6c                tusb_rhport_init
 .text.tu_edpt_claim
                0x10006ab8       0x50 CMakeFiles/EncoderData.dir/home/anirudh/.pico-sdk/sdk/2.1.1/lib/tinyusb/src/tusb.c.o
                0x10006ab8                tu_edpt_claim
 .text.tu_edpt_release
                0x10006b08       0x38 CMakeFiles/EncoderData.dir/home/anirudh/.pico-sdk/sdk/2.1.1/lib/tinyusb/src/tusb.c.o
                0x10006b08                tu_edpt_release
 .text.tu_edpt_validate
                0x10006b40       0x7c CMakeFiles/EncoderData.dir/home/anirudh/.pico-sdk/sdk/2.1.1/lib/tinyusb/src/tusb.c.o
                0x10006b40                tu_edpt_validate
 .text.tu_edpt_bind_driver
                0x10006bbc       0x34 CMakeFiles/EncoderData.dir/home/anirudh/.pico-sdk/sdk/2.1.1/lib/tinyusb/src/tusb.c.o
                0x10006bbc                tu_edpt_bind_driver
 .text.tu_edpt_stream_init
                0x10006bf0       0x6c CMakeFiles/EncoderData.dir/home/anirudh/.pico-sdk/sdk/2.1.1/lib/tinyusb/src/tusb.c.o
                0x10006bf0                tu_edpt_stream_init
 .text.tu_edpt_stream_deinit
                0x10006c5c        0x4 CMakeFiles/EncoderData.dir/home/anirudh/.pico-sdk/sdk/2.1.1/lib/tinyusb/src/tusb.c.o
                0x10006c5c                tu_edpt_stream_deinit
 .text.tu_edpt_stream_write_zlp_if_needed
                0x10006c60       0x68 CMakeFiles/EncoderData.dir/home/anirudh/.pico-sdk/sdk/2.1.1/lib/tinyusb/src/tusb.c.o
                0x10006c60                tu_edpt_stream_write_zlp_if_needed
 .text.tu_edpt_stream_write_xfer
                0x10006cc8       0x68 CMakeFiles/EncoderData.dir/home/anirudh/.pico-sdk/sdk/2.1.1/lib/tinyusb/src/tusb.c.o
                0x10006cc8                tu_edpt_stream_write_xfer
 .text.tu_edpt_stream_read_xfer
                0x10006d30       0xd8 CMakeFiles/EncoderData.dir/home/anirudh/.pico-sdk/sdk/2.1.1/lib/tinyusb/src/tusb.c.o
                0x10006d30                tu_edpt_stream_read_xfer
 .text.tu_fifo_config
                0x10006e08       0x6c CMakeFiles/EncoderData.dir/home/anirudh/.pico-sdk/sdk/2.1.1/lib/tinyusb/src/common/tusb_fifo.c.o
                0x10006e08                tu_fifo_config
 .text.tu_fifo_count
                0x10006e74       0x2c CMakeFiles/EncoderData.dir/home/anirudh/.pico-sdk/sdk/2.1.1/lib/tinyusb/src/common/tusb_fifo.c.o
                0x10006e74                tu_fifo_count
 .text.tu_fifo_empty
                0x10006ea0       0x10 CMakeFiles/EncoderData.dir/home/anirudh/.pico-sdk/sdk/2.1.1/lib/tinyusb/src/common/tusb_fifo.c.o
                0x10006ea0                tu_fifo_empty
 .text.tu_fifo_remaining
                0x10006eb0       0x2c CMakeFiles/EncoderData.dir/home/anirudh/.pico-sdk/sdk/2.1.1/lib/tinyusb/src/common/tusb_fifo.c.o
                0x10006eb0                tu_fifo_remaining
 .text.tu_fifo_read
                0x10006edc       0x9c CMakeFiles/EncoderData.dir/home/anirudh/.pico-sdk/sdk/2.1.1/lib/tinyusb/src/common/tusb_fifo.c.o
                0x10006edc                tu_fifo_read
 .text.tu_fifo_read_n
                0x10006f78       0xe8 CMakeFiles/EncoderData.dir/home/anirudh/.pico-sdk/sdk/2.1.1/lib/tinyusb/src/common/tusb_fifo.c.o
                0x10006f78                tu_fifo_read_n
 .text.tu_fifo_write
                0x10007060       0xa4 CMakeFiles/EncoderData.dir/home/anirudh/.pico-sdk/sdk/2.1.1/lib/tinyusb/src/common/tusb_fifo.c.o
                0x10007060                tu_fifo_write
 .text.tu_fifo_write_n
                0x10007104      0x178 CMakeFiles/EncoderData.dir/home/anirudh/.pico-sdk/sdk/2.1.1/lib/tinyusb/src/common/tusb_fifo.c.o
                0x10007104                tu_fifo_write_n
 .text.tu_fifo_clear
                0x1000727c       0x40 CMakeFiles/EncoderData.dir/home/anirudh/.pico-sdk/sdk/2.1.1/lib/tinyusb/src/common/tusb_fifo.c.o
                0x1000727c                tu_fifo_clear
 .text.tu_fifo_set_overwritable
                0x100072bc       0x48 CMakeFiles/EncoderData.dir/home/anirudh/.pico-sdk/sdk/2.1.1/lib/tinyusb/src/common/tusb_fifo.c.o
                0x100072bc                tu_fifo_set_overwritable
 .text.strlen   0x10007304       0x5c /home/anirudh/.pico-sdk/toolchain/14_2_Rel1/bin/../lib/gcc/arm-none-eabi/14.2.1/../../../../arm-none-eabi/lib/thumb/v6-m/nofp/libg.a(libc_a-strlen-stub.o)
                0x10007304                strlen
 *(.fini)
 .fini          0x10007360        0x4 /home/anirudh/.pico-sdk/toolchain/14_2_Rel1/bin/../lib/gcc/arm-none-eabi/14.2.1/thumb/v6-m/nofp/crti.o
                0x10007360                _fini
 *fill*         0x10007364        0x4 
 .fini.__stub   0x10007368       0xc0 linker stubs
 *crtbegin.o(.ctors)
 *crtbegin?.o(.ctors)
 *(EXCLUDE_FILE(*crtend.o *crtend?.o) .ctors)
 *(SORT_BY_NAME(.ctors.*))
 *(.ctors)
 *crtbegin.o(.dtors)
 *crtbegin?.o(.dtors)
 *(EXCLUDE_FILE(*crtend.o *crtend?.o) .dtors)
 *(SORT_BY_NAME(.dtors.*))
 *(.dtors)
                0x10007428                        . = ALIGN (0x4)
                0x10007428                        PROVIDE (__preinit_array_start = .)
 *(SORT_BY_NAME(.preinit_array.*))
 .preinit_array.00100
                0x10007428        0x4 CMakeFiles/EncoderData.dir/home/anirudh/.pico-sdk/sdk/2.1.1/src/rp2_common/pico_runtime_init/runtime_init.c.o
                0x10007428                __pre_init_runtime_init_early_resets
 .preinit_array.00101
                0x1000742c        0x4 CMakeFiles/EncoderData.dir/home/anirudh/.pico-sdk/sdk/2.1.1/src/rp2_common/pico_runtime_init/runtime_init.c.o
                0x1000742c                __pre_init_runtime_init_usb_power_down
 .preinit_array.00275
                0x10007430        0x4 CMakeFiles/EncoderData.dir/home/anirudh/.pico-sdk/sdk/2.1.1/src/rp2_common/pico_bit_ops/bit_ops_aeabi.S.o
 .preinit_array.00300
                0x10007434        0x4 CMakeFiles/EncoderData.dir/home/anirudh/.pico-sdk/sdk/2.1.1/src/rp2_common/pico_mem_ops/mem_ops_aeabi.S.o
 .preinit_array.00350
                0x10007438        0x4 CMakeFiles/EncoderData.dir/home/anirudh/.pico-sdk/sdk/2.1.1/src/rp2_common/pico_double/double_aeabi_rp2040.S.o
 .preinit_array.00350
                0x1000743c        0x4 CMakeFiles/EncoderData.dir/home/anirudh/.pico-sdk/sdk/2.1.1/src/rp2_common/pico_float/float_aeabi_rp2040.S.o
 .preinit_array.00500
                0x10007440        0x4 CMakeFiles/EncoderData.dir/home/anirudh/.pico-sdk/sdk/2.1.1/src/rp2_common/pico_runtime_init/runtime_init.c.o
                0x10007440                __pre_init_runtime_init_clocks
 .preinit_array.00600
                0x10007444        0x4 CMakeFiles/EncoderData.dir/home/anirudh/.pico-sdk/sdk/2.1.1/src/rp2_common/pico_runtime_init/runtime_init.c.o
                0x10007444                __pre_init_runtime_init_post_clock_resets
 .preinit_array.00700
                0x10007448        0x4 CMakeFiles/EncoderData.dir/home/anirudh/.pico-sdk/sdk/2.1.1/src/rp2_common/pico_runtime_init/runtime_init.c.o
                0x10007448                __pre_init_runtime_init_rp2040_gpio_ie_disable
 .preinit_array.01000
                0x1000744c        0x4 CMakeFiles/EncoderData.dir/home/anirudh/.pico-sdk/sdk/2.1.1/src/rp2_common/pico_runtime_init/runtime_init.c.o
                0x1000744c                __pre_init_runtime_init_spin_locks_reset
 .preinit_array.01100
                0x10007450        0x4 CMakeFiles/EncoderData.dir/home/anirudh/.pico-sdk/sdk/2.1.1/src/common/pico_sync/mutex.c.o
                0x10007450                __pre_init_runtime_init_mutex
 .preinit_array.10080
                0x10007454        0x4 CMakeFiles/EncoderData.dir/home/anirudh/.pico-sdk/sdk/2.1.1/src/rp2_common/pico_runtime_init/runtime_init.c.o
                0x10007454                __pre_init_runtime_init_install_ram_vector_table
 .preinit_array.11000
                0x10007458        0x4 CMakeFiles/EncoderData.dir/home/anirudh/.pico-sdk/sdk/2.1.1/src/common/pico_time/time.c.o
                0x10007458                __pre_init_runtime_init_default_alarm_pool
 .preinit_array.YYYYY
                0x1000745c        0x4 CMakeFiles/EncoderData.dir/home/anirudh/.pico-sdk/sdk/2.1.1/src/rp2_common/pico_runtime/runtime.c.o
                0x1000745c                __pre_init_first_per_core_initializer
 .preinit_array.ZZZZZ.01200
                0x10007460        0x4 CMakeFiles/EncoderData.dir/home/anirudh/.pico-sdk/sdk/2.1.1/src/rp2_common/hardware_irq/irq.c.o
                0x10007460                __pre_init_runtime_init_per_core_irq_priorities
 *(.preinit_array)
                0x10007464                        PROVIDE (__preinit_array_end = .)
                0x10007464                        . = ALIGN (0x4)
                0x10007464                        PROVIDE (__init_array_start = .)
 *(SORT_BY_NAME(.init_array.*))
 *(.init_array)
 .init_array    0x10007464        0x4 /home/anirudh/.pico-sdk/toolchain/14_2_Rel1/bin/../lib/gcc/arm-none-eabi/14.2.1/thumb/v6-m/nofp/crtbegin.o
 .init_array    0x10007468        0x4 CMakeFiles/EncoderData.dir/home/anirudh/.pico-sdk/sdk/2.1.1/src/rp2_common/pico_unique_id/unique_id.c.o
                0x1000746c                        PROVIDE (__init_array_end = .)
                0x1000746c                        . = ALIGN (0x4)
                [!provide]                        PROVIDE (__fini_array_start = .)
 *(SORT_BY_NAME(.fini_array.*))
 *(.fini_array)
                [!provide]                        PROVIDE (__fini_array_end = .)
 *(.eh_frame*)
 .eh_frame      0x1000746c        0x0 /home/anirudh/.pico-sdk/toolchain/14_2_Rel1/bin/../lib/gcc/arm-none-eabi/14.2.1/thumb/v6-m/nofp/crtbegin.o
                0x1000746c                        . = ALIGN (0x4)

.glue_7         0x1000746c        0x0
 .glue_7        0x1000746c        0x0 linker stubs

.glue_7t        0x1000746c        0x0
 .glue_7t       0x1000746c        0x0 linker stubs

.vfp11_veneer   0x1000746c        0x0
 .vfp11_veneer  0x1000746c        0x0 linker stubs

.v4_bx          0x1000746c        0x0
 .v4_bx         0x1000746c        0x0 linker stubs

.iplt           0x1000746c        0x0
 .iplt          0x1000746c        0x0 /home/anirudh/.pico-sdk/toolchain/14_2_Rel1/bin/../lib/gcc/arm-none-eabi/14.2.1/thumb/v6-m/nofp/crtbegin.o

.rodata         0x10007470      0x6b4
 *(EXCLUDE_FILE(*libm.a: *libc.a:*lib_a-mem*.o *libgcc.a:) .rodata*)
 .rodata.main.str1.4
                0x10007470      0x204 CMakeFiles/EncoderData.dir/EncoderData.c.o
                                 0x8b (size before relaxing)
 .rodata.panic.str1.4
                0x10007674       0x12 CMakeFiles/EncoderData.dir/home/anirudh/.pico-sdk/sdk/2.1.1/src/rp2_common/pico_platform_panic/panic.c.o
 .rodata.spin_lock_claim_unused.str1.4
                0x10007674       0x1b CMakeFiles/EncoderData.dir/home/anirudh/.pico-sdk/sdk/2.1.1/src/rp2_common/hardware_sync/sync.c.o
 .rodata.user_irq_claim_unused.str1.4
                0x10007674       0x1b CMakeFiles/EncoderData.dir/home/anirudh/.pico-sdk/sdk/2.1.1/src/rp2_common/hardware_irq/irq.c.o
 .rodata.timer_hardware_alarm_claim.str1.4
                0x10007674       0x22 CMakeFiles/EncoderData.dir/home/anirudh/.pico-sdk/sdk/2.1.1/src/rp2_common/hardware_timer/timer.c.o
 .rodata.hard_assertion_failure.str1.4
                0x10007674        0xc CMakeFiles/EncoderData.dir/home/anirudh/.pico-sdk/sdk/2.1.1/src/rp2_common/pico_runtime/runtime.c.o
 .rodata.str1.4
                0x10007674       0x44 CMakeFiles/EncoderData.dir/home/anirudh/.pico-sdk/sdk/2.1.1/src/rp2_common/pico_standard_binary_info/standard_binary_info.c.o
 .rodata.__bi_84
                0x10007674        0xc CMakeFiles/EncoderData.dir/home/anirudh/.pico-sdk/sdk/2.1.1/src/rp2_common/pico_standard_binary_info/standard_binary_info.c.o
 .rodata.__bi_78
                0x10007680        0xc CMakeFiles/EncoderData.dir/home/anirudh/.pico-sdk/sdk/2.1.1/src/rp2_common/pico_standard_binary_info/standard_binary_info.c.o
 .rodata.__bi_60
                0x1000768c        0xc CMakeFiles/EncoderData.dir/home/anirudh/.pico-sdk/sdk/2.1.1/src/rp2_common/pico_standard_binary_info/standard_binary_info.c.o
 .rodata.__bi_54
                0x10007698        0xc CMakeFiles/EncoderData.dir/home/anirudh/.pico-sdk/sdk/2.1.1/src/rp2_common/pico_standard_binary_info/standard_binary_info.c.o
 .rodata.__bi_48
                0x100076a4        0xc CMakeFiles/EncoderData.dir/home/anirudh/.pico-sdk/sdk/2.1.1/src/rp2_common/pico_standard_binary_info/standard_binary_info.c.o
 .rodata.__bi_42
                0x100076b0        0xc CMakeFiles/EncoderData.dir/home/anirudh/.pico-sdk/sdk/2.1.1/src/rp2_common/pico_standard_binary_info/standard_binary_info.c.o
 .rodata.__bi_34
                0x100076bc        0xc CMakeFiles/EncoderData.dir/home/anirudh/.pico-sdk/sdk/2.1.1/src/rp2_common/pico_standard_binary_info/standard_binary_info.c.o
 .rodata.__bi_26
                0x100076c8        0xc CMakeFiles/EncoderData.dir/home/anirudh/.pico-sdk/sdk/2.1.1/src/rp2_common/pico_standard_binary_info/standard_binary_info.c.o
 .rodata._ftoa.str1.4
                0x100076d4       0x15 CMakeFiles/EncoderData.dir/home/anirudh/.pico-sdk/sdk/2.1.1/src/rp2_common/pico_printf/printf.c.o
 .rodata._vsnprintf
                0x100076d4      0x19c CMakeFiles/EncoderData.dir/home/anirudh/.pico-sdk/sdk/2.1.1/src/rp2_common/pico_printf/printf.c.o
 .rodata.pow10.0
                0x10007870       0x50 CMakeFiles/EncoderData.dir/home/anirudh/.pico-sdk/sdk/2.1.1/src/rp2_common/pico_printf/printf.c.o
 .rodata.crlf_str.0
                0x100078c0        0x2 CMakeFiles/EncoderData.dir/home/anirudh/.pico-sdk/sdk/2.1.1/src/rp2_common/pico_stdio/stdio.c.o
 *fill*         0x100078c2        0x2 
 .rodata._resetd_driver
                0x100078c4       0x20 CMakeFiles/EncoderData.dir/home/anirudh/.pico-sdk/sdk/2.1.1/src/rp2_common/pico_stdio_usb/reset_interface.c.o
 .rodata.desc_ms_os_20
                0x100078e4       0xa6 CMakeFiles/EncoderData.dir/home/anirudh/.pico-sdk/sdk/2.1.1/src/rp2_common/pico_stdio_usb/reset_interface.c.o
 *fill*         0x1000798a        0x2 
 .rodata.desc_bos
                0x1000798c       0x21 CMakeFiles/EncoderData.dir/home/anirudh/.pico-sdk/sdk/2.1.1/src/rp2_common/pico_stdio_usb/reset_interface.c.o
                0x1000798c                desc_bos
 .rodata.str1.4
                0x100079ad       0x13 CMakeFiles/EncoderData.dir/home/anirudh/.pico-sdk/sdk/2.1.1/src/rp2_common/pico_stdio_usb/stdio_usb.c.o
 *fill*         0x100079ad        0x3 
 .rodata.__bi_197.0
                0x100079b0        0xc CMakeFiles/EncoderData.dir/home/anirudh/.pico-sdk/sdk/2.1.1/src/rp2_common/pico_stdio_usb/stdio_usb.c.o
 .rodata.str1.4
                0x100079bc       0x2a CMakeFiles/EncoderData.dir/home/anirudh/.pico-sdk/sdk/2.1.1/src/rp2_common/pico_stdio_usb/stdio_usb_descriptors.c.o
 .rodata.usbd_desc_str
                0x100079bc       0x18 CMakeFiles/EncoderData.dir/home/anirudh/.pico-sdk/sdk/2.1.1/src/rp2_common/pico_stdio_usb/stdio_usb_descriptors.c.o
 .rodata.usbd_desc_cfg
                0x100079d4       0x54 CMakeFiles/EncoderData.dir/home/anirudh/.pico-sdk/sdk/2.1.1/src/rp2_common/pico_stdio_usb/stdio_usb_descriptors.c.o
 .rodata.usbd_desc_device
                0x10007a28       0x12 CMakeFiles/EncoderData.dir/home/anirudh/.pico-sdk/sdk/2.1.1/src/rp2_common/pico_stdio_usb/stdio_usb_descriptors.c.o
 .rodata.str1.4
                0x10007a3a       0x14 CMakeFiles/EncoderData.dir/home/anirudh/.pico-sdk/sdk/2.1.1/lib/tinyusb/src/portable/raspberrypi/rp2040/dcd_rp2040.c.o
 .rodata.str1.4
                0x10007a3a       0x48 CMakeFiles/EncoderData.dir/home/anirudh/.pico-sdk/sdk/2.1.1/lib/tinyusb/src/portable/raspberrypi/rp2040/rp2040_usb.c.o
 *fill*         0x10007a3a        0x2 
 .rodata.tud_task_ext
                0x10007a3c       0x8c CMakeFiles/EncoderData.dir/home/anirudh/.pico-sdk/sdk/2.1.1/lib/tinyusb/src/device/usbd.c.o
 .rodata        0x10007ac8       0x1c CMakeFiles/EncoderData.dir/home/anirudh/.pico-sdk/sdk/2.1.1/lib/tinyusb/src/device/usbd.c.o
 .rodata._usbd_driver
                0x10007ae4       0x40 CMakeFiles/EncoderData.dir/home/anirudh/.pico-sdk/sdk/2.1.1/lib/tinyusb/src/device/usbd.c.o
                0x10007b24                        . = ALIGN (0x4)
 *(SORT_BY_ALIGNMENT(SORT_BY_NAME(.flashdata*)))
                0x10007b24                        . = ALIGN (0x4)

.ARM.extab
 *(.ARM.extab* .gnu.linkonce.armextab.*)
                0x10007b24                        __exidx_start = .

.ARM.exidx
 *(.ARM.exidx* .gnu.linkonce.armexidx.*)
                0x10007b24                        __exidx_end = .
                0x10007b24                        . = ALIGN (0x4)
                0x10007b24                        __binary_info_start = .

.binary_info    0x10007b24       0x24
 *(.binary_info.keep.*)
 .binary_info.keep.__bi_ptr84
                0x10007b24        0x4 CMakeFiles/EncoderData.dir/home/anirudh/.pico-sdk/sdk/2.1.1/src/rp2_common/pico_standard_binary_info/standard_binary_info.c.o
 .binary_info.keep.__bi_ptr78
                0x10007b28        0x4 CMakeFiles/EncoderData.dir/home/anirudh/.pico-sdk/sdk/2.1.1/src/rp2_common/pico_standard_binary_info/standard_binary_info.c.o
 .binary_info.keep.__bi_ptr60
                0x10007b2c        0x4 CMakeFiles/EncoderData.dir/home/anirudh/.pico-sdk/sdk/2.1.1/src/rp2_common/pico_standard_binary_info/standard_binary_info.c.o
 .binary_info.keep.__bi_ptr54
                0x10007b30        0x4 CMakeFiles/EncoderData.dir/home/anirudh/.pico-sdk/sdk/2.1.1/src/rp2_common/pico_standard_binary_info/standard_binary_info.c.o
 .binary_info.keep.__bi_ptr48
                0x10007b34        0x4 CMakeFiles/EncoderData.dir/home/anirudh/.pico-sdk/sdk/2.1.1/src/rp2_common/pico_standard_binary_info/standard_binary_info.c.o
 .binary_info.keep.__bi_ptr42
                0x10007b38        0x4 CMakeFiles/EncoderData.dir/home/anirudh/.pico-sdk/sdk/2.1.1/src/rp2_common/pico_standard_binary_info/standard_binary_info.c.o
 .binary_info.keep.__bi_ptr34
                0x10007b3c        0x4 CMakeFiles/EncoderData.dir/home/anirudh/.pico-sdk/sdk/2.1.1/src/rp2_common/pico_standard_binary_info/standard_binary_info.c.o
 .binary_info.keep.__bi_ptr26
                0x10007b40        0x4 CMakeFiles/EncoderData.dir/home/anirudh/.pico-sdk/sdk/2.1.1/src/rp2_common/pico_standard_binary_info/standard_binary_info.c.o
 *(.binary_info.*)
 .binary_info.__bi_ptr197
                0x10007b44        0x4 CMakeFiles/EncoderData.dir/home/anirudh/.pico-sdk/sdk/2.1.1/src/rp2_common/pico_stdio_usb/stdio_usb.c.o
                0x10007b48                        __binary_info_end = .

.rel.dyn        0x10007b48        0x0
 .rel.iplt      0x10007b48        0x0 /home/anirudh/.pico-sdk/toolchain/14_2_Rel1/bin/../lib/gcc/arm-none-eabi/14.2.1/thumb/v6-m/nofp/crtbegin.o
                0x10007b48                        . = ALIGN (0x4)

.ram_vector_table
                0x20000000       0xc0
 *(.ram_vector_table)
 .ram_vector_table
                0x20000000       0xc0 CMakeFiles/EncoderData.dir/home/anirudh/.pico-sdk/sdk/2.1.1/src/rp2_common/pico_runtime_init/runtime_init.c.o
                0x20000000                ram_vector_table

.uninitialized_data
                0x200000c0        0x0
                0x200000c0                        . = ALIGN (0x4)
 *(.uninitialized_data*)

.data           0x200000c0      0xfa0 load address 0x10007b48
                0x200000c0                        __data_start__ = .
 *(vtable)
 *(.time_critical*)
 .time_critical.mutex_try_enter
                0x200000c0       0x40 CMakeFiles/EncoderData.dir/home/anirudh/.pico-sdk/sdk/2.1.1/src/common/pico_sync/mutex.c.o
                0x200000c0                mutex_try_enter
 .time_critical.mutex_try_enter_block_until
                0x20000100       0x98 CMakeFiles/EncoderData.dir/home/anirudh/.pico-sdk/sdk/2.1.1/src/common/pico_sync/mutex.c.o
                0x20000100                mutex_try_enter_block_until
 .time_critical.mutex_enter_timeout_ms
                0x20000198       0x8c CMakeFiles/EncoderData.dir/home/anirudh/.pico-sdk/sdk/2.1.1/src/common/pico_sync/mutex.c.o
                0x20000198                mutex_enter_timeout_ms
 .time_critical.mutex_exit
                0x20000224       0x28 CMakeFiles/EncoderData.dir/home/anirudh/.pico-sdk/sdk/2.1.1/src/common/pico_sync/mutex.c.o
                0x20000224                mutex_exit
 .time_critical.flash_init_boot2_copyout
                0x2000024c       0x30 CMakeFiles/EncoderData.dir/home/anirudh/.pico-sdk/sdk/2.1.1/src/rp2_common/hardware_flash/flash.c.o
 .time_critical.flash_enable_xip_via_boot2
                0x2000027c        0xc CMakeFiles/EncoderData.dir/home/anirudh/.pico-sdk/sdk/2.1.1/src/rp2_common/hardware_flash/flash.c.o
 .time_critical.flash_cs_force
                0x20000288       0x38 CMakeFiles/EncoderData.dir/home/anirudh/.pico-sdk/sdk/2.1.1/src/rp2_common/hardware_flash/flash.c.o
 .time_critical.flash_do_cmd
                0x200002c0      0x130 CMakeFiles/EncoderData.dir/home/anirudh/.pico-sdk/sdk/2.1.1/src/rp2_common/hardware_flash/flash.c.o
                0x200002c0                flash_do_cmd
 .time_critical.reset_non_control_endpoints
                0x200003f0       0x68 CMakeFiles/EncoderData.dir/home/anirudh/.pico-sdk/sdk/2.1.1/lib/tinyusb/src/portable/raspberrypi/rp2040/dcd_rp2040.c.o
 .time_critical.hw_handle_buff_status
                0x20000458       0xa0 CMakeFiles/EncoderData.dir/home/anirudh/.pico-sdk/sdk/2.1.1/lib/tinyusb/src/portable/raspberrypi/rp2040/dcd_rp2040.c.o
 .time_critical.dcd_rp2040_irq
                0x200004f8      0x548 CMakeFiles/EncoderData.dir/home/anirudh/.pico-sdk/sdk/2.1.1/lib/tinyusb/src/portable/raspberrypi/rp2040/dcd_rp2040.c.o
 .time_critical.prepare_ep_buffer
                0x20000a40       0xc8 CMakeFiles/EncoderData.dir/home/anirudh/.pico-sdk/sdk/2.1.1/lib/tinyusb/src/portable/raspberrypi/rp2040/rp2040_usb.c.o
 .time_critical.sync_ep_buffer
                0x20000b08       0x9c CMakeFiles/EncoderData.dir/home/anirudh/.pico-sdk/sdk/2.1.1/lib/tinyusb/src/portable/raspberrypi/rp2040/rp2040_usb.c.o
 .time_critical._hw_endpoint_xfer_sync
                0x20000ba4       0x28 CMakeFiles/EncoderData.dir/home/anirudh/.pico-sdk/sdk/2.1.1/lib/tinyusb/src/portable/raspberrypi/rp2040/rp2040_usb.c.o
 .time_critical.e15_is_bulkin_ep
                0x20000bcc       0x28 CMakeFiles/EncoderData.dir/home/anirudh/.pico-sdk/sdk/2.1.1/lib/tinyusb/src/portable/raspberrypi/rp2040/rp2040_usb.c.o
 .time_critical.e15_is_critical_frame_period
                0x20000bf4       0x34 CMakeFiles/EncoderData.dir/home/anirudh/.pico-sdk/sdk/2.1.1/lib/tinyusb/src/portable/raspberrypi/rp2040/rp2040_usb.c.o
 .time_critical.hw_endpoint_reset_transfer
                0x20000c28        0xc CMakeFiles/EncoderData.dir/home/anirudh/.pico-sdk/sdk/2.1.1/lib/tinyusb/src/portable/raspberrypi/rp2040/rp2040_usb.c.o
                0x20000c28                hw_endpoint_reset_transfer
 .time_critical._hw_endpoint_buffer_control_update32
                0x20000c34       0x50 CMakeFiles/EncoderData.dir/home/anirudh/.pico-sdk/sdk/2.1.1/lib/tinyusb/src/portable/raspberrypi/rp2040/rp2040_usb.c.o
                0x20000c34                _hw_endpoint_buffer_control_update32
 .time_critical.hw_endpoint_start_next_buffer
                0x20000c84       0x68 CMakeFiles/EncoderData.dir/home/anirudh/.pico-sdk/sdk/2.1.1/lib/tinyusb/src/portable/raspberrypi/rp2040/rp2040_usb.c.o
                0x20000c84                hw_endpoint_start_next_buffer
 .time_critical.hw_endpoint_xfer_continue
                0x20000cec       0x40 CMakeFiles/EncoderData.dir/home/anirudh/.pico-sdk/sdk/2.1.1/lib/tinyusb/src/portable/raspberrypi/rp2040/rp2040_usb.c.o
                0x20000cec                hw_endpoint_xfer_continue
 .time_critical.tinyusb
                0x20000d2c      0x1e4 CMakeFiles/EncoderData.dir/home/anirudh/.pico-sdk/sdk/2.1.1/lib/tinyusb/src/device/usbd.c.o
                0x20000d2c                dcd_event_handler
 *(.text*)
 .text          0x20000f10        0x4 /home/anirudh/.pico-sdk/toolchain/14_2_Rel1/bin/../lib/gcc/arm-none-eabi/14.2.1/thumb/v6-m/nofp/libgcc.a(_dvmd_tls.o)
                0x20000f10                __aeabi_ldiv0
                0x20000f10                __aeabi_idiv0
 *fill*         0x20000f14        0x4 
 .text.__stub   0x20000f18       0x80 linker stubs
                0x20000f98                        . = ALIGN (0x4)
 *(.rodata*)
                0x20000f98                        . = ALIGN (0x4)
 *(.data*)
 .data.log_value_B
                0x20000f98        0x1 CMakeFiles/EncoderData.dir/EncoderData.c.o
                0x20000f98                log_value_B
 .data.log_value_A
                0x20000f99        0x1 CMakeFiles/EncoderData.dir/EncoderData.c.o
                0x20000f99                log_value_A
 .data.striped_spin_lock_num
                0x20000f9a        0x1 CMakeFiles/EncoderData.dir/home/anirudh/.pico-sdk/sdk/2.1.1/src/rp2_common/hardware_sync/sync.c.o
 *fill*         0x20000f9b        0x1 
 .data          0x20000f9c       0x48 CMakeFiles/EncoderData.dir/home/anirudh/.pico-sdk/sdk/2.1.1/src/rp2_common/hardware_irq/irq_handler_chain.S.o
                0x20000f9c                irq_handler_chain_slots
                0x20000fcc                irq_handler_chain_first_slot
                0x20000fd6                irq_handler_chain_remove_tail
 .data.default_alarm_pool
                0x20000fe4       0x18 CMakeFiles/EncoderData.dir/home/anirudh/.pico-sdk/sdk/2.1.1/src/common/pico_time/time.c.o
 *fill*         0x20000ffc        0x4 
 .data.aeabi_bits_funcs
                0x20001000       0x10 CMakeFiles/EncoderData.dir/home/anirudh/.pico-sdk/sdk/2.1.1/src/rp2_common/pico_bit_ops/bit_ops_aeabi.S.o
                0x20001000                aeabi_bits_funcs
                0x20001010                aeabi_bits_funcs_end
 .data.aeabi_mem_funcs
                0x20001010       0x10 CMakeFiles/EncoderData.dir/home/anirudh/.pico-sdk/sdk/2.1.1/src/rp2_common/pico_mem_ops/mem_ops_aeabi.S.o
                0x20001010                aeabi_mem_funcs
                0x20001020                aeabi_mem_funcs_end
 .data.stdio_usb
                0x20001020       0x18 CMakeFiles/EncoderData.dir/home/anirudh/.pico-sdk/sdk/2.1.1/src/rp2_common/pico_stdio_usb/stdio_usb.c.o
                0x20001020                stdio_usb
 .data._usbd_qdef
                0x20001038       0x1c CMakeFiles/EncoderData.dir/home/anirudh/.pico-sdk/sdk/2.1.1/lib/tinyusb/src/device/usbd.c.o
                0x20001038                _usbd_qdef
 .data._usbd_rhport
                0x20001054        0x1 CMakeFiles/EncoderData.dir/home/anirudh/.pico-sdk/sdk/2.1.1/lib/tinyusb/src/device/usbd.c.o
                0x20001058                        . = ALIGN (0x4)
 *fill*         0x20001055        0x3 
 *(.after_data.*)
                0x20001058                        . = ALIGN (0x4)
                0x20001058                        PROVIDE (__mutex_array_start = .)
 *(SORT_BY_NAME(.mutex_array.*))
 *(.mutex_array)
 .mutex_array   0x20001058        0x8 CMakeFiles/EncoderData.dir/home/anirudh/.pico-sdk/sdk/2.1.1/src/rp2_common/pico_stdio/stdio.c.o
                0x20001060                        PROVIDE (__mutex_array_end = .)
                0x20001060                        . = ALIGN (0x4)
 *(.jcr)
                0x20001060                        . = ALIGN (0x4)

.tm_clone_table
                0x20001060        0x0 load address 0x10008ae8
 .tm_clone_table
                0x20001060        0x0 /home/anirudh/.pico-sdk/toolchain/14_2_Rel1/bin/../lib/gcc/arm-none-eabi/14.2.1/thumb/v6-m/nofp/crtbegin.o
 .tm_clone_table
                0x20001060        0x0 /home/anirudh/.pico-sdk/toolchain/14_2_Rel1/bin/../lib/gcc/arm-none-eabi/14.2.1/thumb/v6-m/nofp/crtend.o

.igot.plt       0x20001060        0x0 load address 0x10008ae8
 .igot.plt      0x20001060        0x0 /home/anirudh/.pico-sdk/toolchain/14_2_Rel1/bin/../lib/gcc/arm-none-eabi/14.2.1/thumb/v6-m/nofp/crtbegin.o

.tdata          0x20001060        0x0 load address 0x10008ae8
                0x20001060                        . = ALIGN (0x4)
 *(.tdata .tdata.* .gnu.linkonce.td.*)
                0x20001060                        __tdata_end = .
                0x20001060                        PROVIDE (__data_end__ = .)
                0x10007b48                        __etext = LOADADDR (.data)

.tbss           0x20001060        0x0 load address 0x10008ae8
                0x20001060                        . = ALIGN (0x4)
                0x20001060                        __bss_start__ = .
                0x20001060                        __tls_base = .
 *(.tbss .tbss.* .gnu.linkonce.tb.*)
 *(.tcommon)
                0x20001060                        __tls_end = .

.bss            0x20001060      0xf44 load address 0x10008ae8
                0x20001060                        . = ALIGN (0x4)
                0x20001060                        __tbss_end = .
 *(SORT_BY_ALIGNMENT(SORT_BY_NAME(.bss*)))
 .bss.TimePeriod
                0x20001060       0x10 CMakeFiles/EncoderData.dir/EncoderData.c.o
                0x20001060                TimePeriod
 .bss.TimeStamp
                0x20001070       0x20 CMakeFiles/EncoderData.dir/EncoderData.c.o
                0x20001070                TimeStamp
 .bss.default_alarm_pool_entries
                0x20001090      0x180 CMakeFiles/EncoderData.dir/home/anirudh/.pico-sdk/sdk/2.1.1/src/common/pico_time/time.c.o
 .bss.last_avail_time.1
                0x20001210        0x8 CMakeFiles/EncoderData.dir/home/anirudh/.pico-sdk/sdk/2.1.1/src/rp2_common/pico_stdio_usb/stdio_usb.c.o
 .bss.sd_table  0x20001218      0x100 CMakeFiles/EncoderData.dir/home/anirudh/.pico-sdk/sdk/2.1.1/src/rp2_common/pico_double/double_init_rom_rp2040.c.o
                0x20001218                sd_table
 .bss.sf_table  0x20001318      0x100 CMakeFiles/EncoderData.dir/home/anirudh/.pico-sdk/sdk/2.1.1/src/rp2_common/pico_float/float_init_rom_rp2040.c.o
                0x20001318                sf_table
 .bss.REVOLUTIONS
                0x20001418        0x8 CMakeFiles/EncoderData.dir/EncoderData.c.o
                0x20001418                REVOLUTIONS
 .bss._app_driver
                0x20001420        0x4 CMakeFiles/EncoderData.dir/home/anirudh/.pico-sdk/sdk/2.1.1/lib/tinyusb/src/device/usbd.c.o
 .bss._cdcd_epbuf
                0x20001424       0x80 CMakeFiles/EncoderData.dir/home/anirudh/.pico-sdk/sdk/2.1.1/lib/tinyusb/src/class/cdc/cdc_device.c.o
 .bss._cdcd_fifo_cfg
                0x200014a4        0x1 CMakeFiles/EncoderData.dir/home/anirudh/.pico-sdk/sdk/2.1.1/lib/tinyusb/src/class/cdc/cdc_device.c.o
 *fill*         0x200014a5        0x3 
 .bss._cdcd_itf
                0x200014a8       0xc8 CMakeFiles/EncoderData.dir/home/anirudh/.pico-sdk/sdk/2.1.1/lib/tinyusb/src/class/cdc/cdc_device.c.o
 .bss._ctrl_epbuf
                0x20001570       0x40 CMakeFiles/EncoderData.dir/home/anirudh/.pico-sdk/sdk/2.1.1/lib/tinyusb/src/device/usbd_control.c.o
 .bss._ctrl_xfer
                0x200015b0       0x14 CMakeFiles/EncoderData.dir/home/anirudh/.pico-sdk/sdk/2.1.1/lib/tinyusb/src/device/usbd_control.c.o
 .bss._tusb_rhport_role
                0x200015c4        0x2 CMakeFiles/EncoderData.dir/home/anirudh/.pico-sdk/sdk/2.1.1/lib/tinyusb/src/tusb.c.o
                0x200015c4                _tusb_rhport_role
 *fill*         0x200015c6        0x2 
 .bss._ubsd_mutexdef
                0x200015c8        0x8 CMakeFiles/EncoderData.dir/home/anirudh/.pico-sdk/sdk/2.1.1/lib/tinyusb/src/device/usbd.c.o
 .bss._usbd_dev
                0x200015d0       0x54 CMakeFiles/EncoderData.dir/home/anirudh/.pico-sdk/sdk/2.1.1/lib/tinyusb/src/device/usbd.c.o
 .bss._usbd_mutex
                0x20001624        0x4 CMakeFiles/EncoderData.dir/home/anirudh/.pico-sdk/sdk/2.1.1/lib/tinyusb/src/device/usbd.c.o
 .bss._usbd_q   0x20001628        0x4 CMakeFiles/EncoderData.dir/home/anirudh/.pico-sdk/sdk/2.1.1/lib/tinyusb/src/device/usbd.c.o
 .bss._usbd_qdef_buf
                0x2000162c       0xc0 CMakeFiles/EncoderData.dir/home/anirudh/.pico-sdk/sdk/2.1.1/lib/tinyusb/src/device/usbd.c.o
                0x2000162c                _usbd_qdef_buf
 .bss._vendord_epbuf
                0x200016ec       0x80 CMakeFiles/EncoderData.dir/home/anirudh/.pico-sdk/sdk/2.1.1/lib/tinyusb/src/class/vendor/vendor_device.c.o
 .bss._vendord_itf
                0x2000176c      0x24c CMakeFiles/EncoderData.dir/home/anirudh/.pico-sdk/sdk/2.1.1/lib/tinyusb/src/class/vendor/vendor_device.c.o
 .bss.boot2_copyout
                0x200019b8      0x100 CMakeFiles/EncoderData.dir/home/anirudh/.pico-sdk/sdk/2.1.1/src/rp2_common/hardware_flash/flash.c.o
 .bss.callbacks
                0x20001ab8        0x8 CMakeFiles/EncoderData.dir/home/anirudh/.pico-sdk/sdk/2.1.1/src/rp2_common/hardware_gpio/gpio.c.o
 .bss.chars_available_callback
                0x20001ac0        0x4 CMakeFiles/EncoderData.dir/home/anirudh/.pico-sdk/sdk/2.1.1/src/rp2_common/pico_stdio_usb/stdio_usb.c.o
 .bss.chars_available_param
                0x20001ac4        0x4 CMakeFiles/EncoderData.dir/home/anirudh/.pico-sdk/sdk/2.1.1/src/rp2_common/pico_stdio_usb/stdio_usb.c.o
 .bss.claimed   0x20001ac8        0x4 CMakeFiles/EncoderData.dir/home/anirudh/.pico-sdk/sdk/2.1.1/src/rp2_common/hardware_sync/sync.c.o
 .bss.claimed   0x20001acc        0x1 CMakeFiles/EncoderData.dir/home/anirudh/.pico-sdk/sdk/2.1.1/src/rp2_common/hardware_timer/timer.c.o
 *fill*         0x20001acd        0x3 
 .bss.configured_freq
                0x20001ad0       0x28 CMakeFiles/EncoderData.dir/home/anirudh/.pico-sdk/sdk/2.1.1/src/rp2_common/hardware_clocks/clocks.c.o
 .bss.desc_str.0
                0x20001af8       0x28 CMakeFiles/EncoderData.dir/home/anirudh/.pico-sdk/sdk/2.1.1/src/rp2_common/pico_stdio_usb/stdio_usb_descriptors.c.o
 .bss.drivers   0x20001b20        0x4 CMakeFiles/EncoderData.dir/home/anirudh/.pico-sdk/sdk/2.1.1/src/rp2_common/pico_stdio/stdio.c.o
 .bss.e15_last_sof
                0x20001b24        0x4 CMakeFiles/EncoderData.dir/home/anirudh/.pico-sdk/sdk/2.1.1/lib/tinyusb/src/portable/raspberrypi/rp2040/rp2040_usb.c.o
                0x20001b24                e15_last_sof
 .bss.filter    0x20001b28        0x4 CMakeFiles/EncoderData.dir/home/anirudh/.pico-sdk/sdk/2.1.1/src/rp2_common/pico_stdio/stdio.c.o
 .bss.hw_endpoints
                0x20001b2c      0x400 CMakeFiles/EncoderData.dir/home/anirudh/.pico-sdk/sdk/2.1.1/lib/tinyusb/src/portable/raspberrypi/rp2040/dcd_rp2040.c.o
 .bss.lazy_vsnprintf
                0x20001f2c        0x4 CMakeFiles/EncoderData.dir/home/anirudh/.pico-sdk/sdk/2.1.1/src/rp2_common/pico_printf/printf.c.o
 .bss.load_value
                0x20001f30        0x4 CMakeFiles/EncoderData.dir/home/anirudh/.pico-sdk/sdk/2.1.1/src/rp2_common/hardware_watchdog/watchdog.c.o
 .bss.next_buffer_ptr
                0x20001f34        0x4 CMakeFiles/EncoderData.dir/home/anirudh/.pico-sdk/sdk/2.1.1/lib/tinyusb/src/portable/raspberrypi/rp2040/dcd_rp2040.c.o
 .bss.object.0  0x20001f38       0x18 /home/anirudh/.pico-sdk/toolchain/14_2_Rel1/bin/../lib/gcc/arm-none-eabi/14.2.1/thumb/v6-m/nofp/crtbegin.o
 .bss.one_shot_timer_crit_sec
                0x20001f50        0x8 CMakeFiles/EncoderData.dir/home/anirudh/.pico-sdk/sdk/2.1.1/src/rp2_common/pico_stdio_usb/stdio_usb.c.o
 .bss.pools     0x20001f58       0x10 CMakeFiles/EncoderData.dir/home/anirudh/.pico-sdk/sdk/2.1.1/src/common/pico_time/time.c.o
 .bss.raw_irq_mask
                0x20001f68        0x8 CMakeFiles/EncoderData.dir/home/anirudh/.pico-sdk/sdk/2.1.1/src/rp2_common/hardware_gpio/gpio.c.o
 .bss.retrieved_id
                0x20001f70        0x8 CMakeFiles/EncoderData.dir/home/anirudh/.pico-sdk/sdk/2.1.1/src/rp2_common/pico_unique_id/unique_id.c.o
 .bss.sf_clz_func
                0x20001f78        0x4 CMakeFiles/EncoderData.dir/home/anirudh/.pico-sdk/sdk/2.1.1/src/rp2_common/pico_double/double_init_rom_rp2040.c.o
                0x20001f78                sf_clz_func
 .bss.sleep_notifier
                0x20001f7c        0x4 CMakeFiles/EncoderData.dir/home/anirudh/.pico-sdk/sdk/2.1.1/src/common/pico_time/time.c.o
 .bss.stdio_usb_mutex
                0x20001f80        0x8 CMakeFiles/EncoderData.dir/home/anirudh/.pico-sdk/sdk/2.1.1/src/rp2_common/pico_stdio_usb/stdio_usb.c.o
 .bss.usbd_serial_str
                0x20001f88       0x11 CMakeFiles/EncoderData.dir/home/anirudh/.pico-sdk/sdk/2.1.1/src/rp2_common/pico_stdio_usb/stdio_usb_descriptors.c.o
 .bss._app_driver_count
                0x20001f99        0x1 CMakeFiles/EncoderData.dir/home/anirudh/.pico-sdk/sdk/2.1.1/lib/tinyusb/src/device/usbd.c.o
 .bss._sof_enable
                0x20001f9a        0x1 CMakeFiles/EncoderData.dir/home/anirudh/.pico-sdk/sdk/2.1.1/lib/tinyusb/src/portable/raspberrypi/rp2040/dcd_rp2040.c.o
 .bss._usbd_queued_setup
                0x20001f9b        0x1 CMakeFiles/EncoderData.dir/home/anirudh/.pico-sdk/sdk/2.1.1/lib/tinyusb/src/device/usbd.c.o
 .bss.boot2_copyout_valid
                0x20001f9c        0x1 CMakeFiles/EncoderData.dir/home/anirudh/.pico-sdk/sdk/2.1.1/src/rp2_common/hardware_flash/flash.c.o
 .bss.irq_handler_chain_free_slot_head
                0x20001f9d        0x1 CMakeFiles/EncoderData.dir/home/anirudh/.pico-sdk/sdk/2.1.1/src/rp2_common/hardware_irq/irq.c.o
 .bss.itf_num   0x20001f9e        0x1 CMakeFiles/EncoderData.dir/home/anirudh/.pico-sdk/sdk/2.1.1/src/rp2_common/pico_stdio_usb/reset_interface.c.o
 .bss.low_priority_irq_num
                0x20001f9f        0x1 CMakeFiles/EncoderData.dir/home/anirudh/.pico-sdk/sdk/2.1.1/src/rp2_common/pico_stdio_usb/stdio_usb.c.o
 .bss.one_shot_timer_pending
                0x20001fa0        0x1 CMakeFiles/EncoderData.dir/home/anirudh/.pico-sdk/sdk/2.1.1/src/rp2_common/pico_stdio_usb/stdio_usb.c.o
 .bss.user_irq_claimed
                0x20001fa1        0x1 CMakeFiles/EncoderData.dir/home/anirudh/.pico-sdk/sdk/2.1.1/src/rp2_common/hardware_irq/irq.c.o
 *(COMMON)
                0x20001fa4                        . = ALIGN (0x4)
 *fill*         0x20001fa2        0x2 
                0x20001fa4                        __bss_end__ = .

.heap           0x20001fa4      0x800 load address 0x10008ae8
                0x20001fa4                        __end__ = .
                0x20001fa4                        end = __end__
 *(.heap*)
 .heap          0x20001fa4      0x800 CMakeFiles/EncoderData.dir/home/anirudh/.pico-sdk/sdk/2.1.1/src/rp2_common/pico_crt0/crt0.S.o
                0x20040000                        __HeapLimit = (ORIGIN (RAM) + LENGTH (RAM))

.scratch_x      0x20040000        0x0 load address 0x10008ae8
                0x20040000                        __scratch_x_start__ = .
 *(.scratch_x.*)
                0x20040000                        . = ALIGN (0x4)
                0x20040000                        __scratch_x_end__ = .
                0x10008ae8                        __scratch_x_source__ = LOADADDR (.scratch_x)

.scratch_y      0x20041000        0x0 load address 0x10008ae8
                0x20041000                        __scratch_y_start__ = .
 *(.scratch_y.*)
                0x20041000                        . = ALIGN (0x4)
                0x20041000                        __scratch_y_end__ = .
                0x10008ae8                        __scratch_y_source__ = LOADADDR (.scratch_y)

.stack1_dummy
 *(.stack1*)

.stack_dummy    0x20041000      0x800
 *(.stack*)
 .stack         0x20041000      0x800 CMakeFiles/EncoderData.dir/home/anirudh/.pico-sdk/sdk/2.1.1/src/rp2_common/pico_crt0/crt0.S.o

.flash_end      0x10008ae8        0x0
 *(.embedded_end_block*)
                0x10008ae8                        PROVIDE (__flash_binary_end = .)
                0x20040000                        __StackLimit = (ORIGIN (RAM) + LENGTH (RAM))
                0x20041000                        __StackOneTop = (ORIGIN (SCRATCH_X) + LENGTH (SCRATCH_X))
                0x20042000                        __StackTop = (ORIGIN (SCRATCH_Y) + LENGTH (SCRATCH_Y))
                0x20041000                        __StackOneBottom = (__StackOneTop - SIZEOF (.stack1_dummy))
                0x20041800                        __StackBottom = (__StackTop - SIZEOF (.stack_dummy))
                0x20042000                        PROVIDE (__stack = __StackTop)
                [!provide]                        PROVIDE (__heap_start = __end__)
                [!provide]                        PROVIDE (__heap_end = __HeapLimit)
                [!provide]                        PROVIDE (__tls_align = MAX (ALIGNOF (.tdata), ALIGNOF (.tbss)))
                [!provide]                        PROVIDE (__tls_size_align = (((__tls_size + __tls_align) - 0x1) & ~ ((__tls_align - 0x1))))
                [!provide]                        PROVIDE (__arm32_tls_tcb_offset = MAX (0x8, __tls_align))
                [!provide]                        PROVIDE (_end = __end__)
                [!provide]                        PROVIDE (__llvm_libc_heap_limit = __HeapLimit)
                0x00000001                        ASSERT ((__StackLimit >= __HeapLimit), region RAM overflowed)
                0x00000001                        ASSERT (((__binary_info_header_end - __logical_binary_start) <= 0x100), Binary info must be in first 256 bytes of the binary)
LOAD CMakeFiles/EncoderData.dir/EncoderData.c.o
LOAD CMakeFiles/EncoderData.dir/home/anirudh/.pico-sdk/sdk/2.1.1/src/rp2_common/pico_stdlib/stdlib.c.o
LOAD CMakeFiles/EncoderData.dir/home/anirudh/.pico-sdk/sdk/2.1.1/src/rp2_common/hardware_gpio/gpio.c.o
LOAD CMakeFiles/EncoderData.dir/home/anirudh/.pico-sdk/sdk/2.1.1/src/rp2040/pico_platform/platform.c.o
LOAD CMakeFiles/EncoderData.dir/home/anirudh/.pico-sdk/sdk/2.1.1/src/rp2_common/pico_platform_panic/panic.c.o
LOAD CMakeFiles/EncoderData.dir/home/anirudh/.pico-sdk/sdk/2.1.1/src/common/hardware_claim/claim.c.o
LOAD CMakeFiles/EncoderData.dir/home/anirudh/.pico-sdk/sdk/2.1.1/src/rp2_common/hardware_sync/sync.c.o
LOAD CMakeFiles/EncoderData.dir/home/anirudh/.pico-sdk/sdk/2.1.1/src/rp2_common/hardware_sync_spin_lock/sync_spin_lock.c.o
LOAD CMakeFiles/EncoderData.dir/home/anirudh/.pico-sdk/sdk/2.1.1/src/rp2_common/hardware_irq/irq.c.o
LOAD CMakeFiles/EncoderData.dir/home/anirudh/.pico-sdk/sdk/2.1.1/src/rp2_common/hardware_irq/irq_handler_chain.S.o
LOAD CMakeFiles/EncoderData.dir/home/anirudh/.pico-sdk/sdk/2.1.1/src/common/pico_sync/sem.c.o
LOAD CMakeFiles/EncoderData.dir/home/anirudh/.pico-sdk/sdk/2.1.1/src/common/pico_sync/lock_core.c.o
LOAD CMakeFiles/EncoderData.dir/home/anirudh/.pico-sdk/sdk/2.1.1/src/common/pico_sync/mutex.c.o
LOAD CMakeFiles/EncoderData.dir/home/anirudh/.pico-sdk/sdk/2.1.1/src/common/pico_sync/critical_section.c.o
LOAD CMakeFiles/EncoderData.dir/home/anirudh/.pico-sdk/sdk/2.1.1/src/common/pico_time/time.c.o
LOAD CMakeFiles/EncoderData.dir/home/anirudh/.pico-sdk/sdk/2.1.1/src/common/pico_time/timeout_helper.c.o
LOAD CMakeFiles/EncoderData.dir/home/anirudh/.pico-sdk/sdk/2.1.1/src/rp2_common/hardware_timer/timer.c.o
LOAD CMakeFiles/EncoderData.dir/home/anirudh/.pico-sdk/sdk/2.1.1/src/common/pico_util/datetime.c.o
LOAD CMakeFiles/EncoderData.dir/home/anirudh/.pico-sdk/sdk/2.1.1/src/common/pico_util/pheap.c.o
LOAD CMakeFiles/EncoderData.dir/home/anirudh/.pico-sdk/sdk/2.1.1/src/common/pico_util/queue.c.o
LOAD CMakeFiles/EncoderData.dir/home/anirudh/.pico-sdk/sdk/2.1.1/src/rp2_common/hardware_uart/uart.c.o
LOAD CMakeFiles/EncoderData.dir/home/anirudh/.pico-sdk/sdk/2.1.1/src/rp2_common/hardware_clocks/clocks.c.o