Archive member included to satisfy reference by file (symbol)

/home/anirudh/.pico-sdk/toolchain/14_2_Rel1/bin/../lib/gcc/arm-none-eabi/14.2.1/thumb/v6-m/nofp/libgcc.a(_dvmd_tls.o)
                              CMakeFiles/main.dir/home/anirudh/.pico-sdk/sdk/2.1.1/src/rp2_common/pico_divider/divider_hardware.S.o (__aeabi_idiv0)
/home/anirudh/.pico-sdk/toolchain/14_2_Rel1/bin/../lib/gcc/arm-none-eabi/14.2.1/../../../../arm-none-eabi/lib/thumb/v6-m/nofp/libg.a(libc_a-calloc.o)
                              CMakeFiles/main.dir/home/anirudh/.pico-sdk/sdk/2.1.1/src/rp2_common/pico_malloc/malloc.c.o (calloc)
/home/anirudh/.pico-sdk/toolchain/14_2_Rel1/bin/../lib/gcc/arm-none-eabi/14.2.1/../../../../arm-none-eabi/lib/thumb/v6-m/nofp/libg.a(libc_a-callocr.o)
                              /home/anirudh/.pico-sdk/toolchain/14_2_Rel1/bin/../lib/gcc/arm-none-eabi/14.2.1/../../../../arm-none-eabi/lib/thumb/v6-m/nofp/libg.a(libc_a-calloc.o) (_calloc_r)
/home/anirudh/.pico-sdk/toolchain/14_2_Rel1/bin/../lib/gcc/arm-none-eabi/14.2.1/../../../../arm-none-eabi/lib/thumb/v6-m/nofp/libg.a(libc_a-malloc.o)
                              CMakeFiles/main.dir/home/anirudh/.pico-sdk/sdk/2.1.1/src/rp2_common/pico_malloc/malloc.c.o (malloc)
/home/anirudh/.pico-sdk/toolchain/14_2_Rel1/bin/../lib/gcc/arm-none-eabi/14.2.1/../../../../arm-none-eabi/lib/thumb/v6-m/nofp/libg.a(libc_a-mallocr.o)
                              /home/anirudh/.pico-sdk/toolchain/14_2_Rel1/bin/../lib/gcc/arm-none-eabi/14.2.1/../../../../arm-none-eabi/lib/thumb/v6-m/nofp/libg.a(libc_a-callocr.o) (_malloc_r)
/home/anirudh/.pico-sdk/toolchain/14_2_Rel1/bin/../lib/gcc/arm-none-eabi/14.2.1/../../../../arm-none-eabi/lib/thumb/v6-m/nofp/libg.a(libc_a-mlock.o)
                              /home/anirudh/.pico-sdk/toolchain/14_2_Rel1/bin/../lib/gcc/arm-none-eabi/14.2.1/../../../../arm-none-eabi/lib/thumb/v6-m/nofp/libg.a(libc_a-mallocr.o) (__malloc_lock)
/home/anirudh/.pico-sdk/toolchain/14_2_Rel1/bin/../lib/gcc/arm-none-eabi/14.2.1/../../../../arm-none-eabi/lib/thumb/v6-m/nofp/libg.a(libc_a-realloc.o)
                              CMakeFiles/main.dir/home/anirudh/.pico-sdk/sdk/2.1.1/src/rp2_common/pico_malloc/malloc.c.o (realloc)
/home/anirudh/.pico-sdk/toolchain/14_2_Rel1/bin/../lib/gcc/arm-none-eabi/14.2.1/../../../../arm-none-eabi/lib/thumb/v6-m/nofp/libg.a(libc_a-reallocr.o)
                              /home/anirudh/.pico-sdk/toolchain/14_2_Rel1/bin/../lib/gcc/arm-none-eabi/14.2.1/../../../../arm-none-eabi/lib/thumb/v6-m/nofp/libg.a(libc_a-realloc.o) (_realloc_r)
/home/anirudh/.pico-sdk/toolchain/14_2_Rel1/bin/../lib/gcc/arm-none-eabi/14.2.1/../../../../arm-none-eabi/lib/thumb/v6-m/nofp/libg.a(libc_a-memcmp.o)
                              CMakeFiles/main.dir/home/anirudh/.pico-sdk/sdk/2.1.1/src/rp2_common/pico_atomic/atomic.c.o (memcmp)
/home/anirudh/.pico-sdk/toolchain/14_2_Rel1/bin/../lib/gcc/arm-none-eabi/14.2.1/../../../../arm-none-eabi/lib/thumb/v6-m/nofp/libg.a(libc_a-memmove.o)
                              /home/anirudh/.pico-sdk/toolchain/14_2_Rel1/bin/../lib/gcc/arm-none-eabi/14.2.1/../../../../arm-none-eabi/lib/thumb/v6-m/nofp/libg.a(libc_a-reallocr.o) (memmove)
/home/anirudh/.pico-sdk/toolchain/14_2_Rel1/bin/../lib/gcc/arm-none-eabi/14.2.1/../../../../arm-none-eabi/lib/thumb/v6-m/nofp/libg.a(libc_a-lcltime_r.o)
                              CMakeFiles/main.dir/home/anirudh/.pico-sdk/sdk/2.1.1/src/common/pico_util/datetime.c.o (localtime_r)
/home/anirudh/.pico-sdk/toolchain/14_2_Rel1/bin/../lib/gcc/arm-none-eabi/14.2.1/../../../../arm-none-eabi/lib/thumb/v6-m/nofp/libg.a(libc_a-mktime.o)
                              CMakeFiles/main.dir/home/anirudh/.pico-sdk/sdk/2.1.1/src/common/pico_util/datetime.c.o (mktime)
/home/anirudh/.pico-sdk/toolchain/14_2_Rel1/bin/../lib/gcc/arm-none-eabi/14.2.1/../../../../arm-none-eabi/lib/thumb/v6-m/nofp/libg.a(libc_a-month_lengths.o)
                              /home/anirudh/.pico-sdk/toolchain/14_2_Rel1/bin/../lib/gcc/arm-none-eabi/14.2.1/../../../../arm-none-eabi/lib/thumb/v6-m/nofp/libg.a(libc_a-lcltime_r.o) (__month_lengths)
/home/anirudh/.pico-sdk/toolchain/14_2_Rel1/bin/../lib/gcc/arm-none-eabi/14.2.1/../../../../arm-none-eabi/lib/thumb/v6-m/nofp/libg.a(libc_a-tzcalc_limits.o)
                              /home/anirudh/.pico-sdk/toolchain/14_2_Rel1/bin/../lib/gcc/arm-none-eabi/14.2.1/../../../../arm-none-eabi/lib/thumb/v6-m/nofp/libg.a(libc_a-lcltime_r.o) (__tzcalc_limits)
/home/anirudh/.pico-sdk/toolchain/14_2_Rel1/bin/../lib/gcc/arm-none-eabi/14.2.1/../../../../arm-none-eabi/lib/thumb/v6-m/nofp/libg.a(libc_a-tzlock.o)
                              /home/anirudh/.pico-sdk/toolchain/14_2_Rel1/bin/../lib/gcc/arm-none-eabi/14.2.1/../../../../arm-none-eabi/lib/thumb/v6-m/nofp/libg.a(libc_a-lcltime_r.o) (__tz_lock)
/home/anirudh/.pico-sdk/toolchain/14_2_Rel1/bin/../lib/gcc/arm-none-eabi/14.2.1/../../../../arm-none-eabi/lib/thumb/v6-m/nofp/libg.a(libc_a-tzset.o)
[...]
Memory Configuration

Name             Origin             Length             Attributes
FLASH            0x10000000         0x00200000         xr
RAM              0x20000000         0x00040000         xrw
SCRATCH_X        0x20040000         0x00001000         xrw
SCRATCH_Y        0x20041000         0x00001000         xrw
*default*        0x00000000         0xffffffff

Linker script and memory map

LOAD /home/anirudh/.pico-sdk/toolchain/14_2_Rel1/bin/../lib/gcc/arm-none-eabi/14.2.1/thumb/v6-m/nofp/crti.o
LOAD /home/anirudh/.pico-sdk/toolchain/14_2_Rel1/bin/../lib/gcc/arm-none-eabi/14.2.1/thumb/v6-m/nofp/crtbegin.o
LOAD /home/anirudh/.pico-sdk/toolchain/14_2_Rel1/bin/../lib/gcc/arm-none-eabi/14.2.1/../../../../arm-none-eabi/lib/thumb/v6-m/nofp/crt0.o

.flash_begin    0x10000000        0x0
                0x10000000                        __flash_binary_start = .

.boot2          0x10000000      0x100
                0x10000000                        __boot2_start__ = .
 *(.boot2)
 .boot2         0x10000000      0x100 pico-sdk/src/rp2040/boot_stage2/CMakeFiles/bs2_default_library.dir/bs2_default_padded_checksummed.S.o
                0x10000100                        __boot2_end__ = .
                0x00000001                        ASSERT (((__boot2_end__ - __boot2_start__) == 0x100), ERROR: Pico second stage bootloader must be 256 bytes in size)

.text           0x10000100     0x81d4
                0x10000100                        __logical_binary_start = .
 *(.vectors)
 .vectors       0x10000100       0xd4 CMakeFiles/main.dir/home/anirudh/.pico-sdk/sdk/2.1.1/src/rp2_common/pico_crt0/crt0.S.o
                0x10000100                __vectors
                0x10000100                __VECTOR_TABLE
                0x100001c0                isr_invalid
                0x100001c0                __default_isrs_start
                0x100001c2                isr_nmi
                0x100001c4                isr_hardfault
                0x100001c6                isr_svcall
                0x100001c8                isr_pendsv
                0x100001ca                isr_systick
                0x100001cc                isr_irq30
                0x100001cc                __unhandled_user_irq
                0x100001cc                isr_irq13
                0x100001cc                isr_irq27
                0x100001cc                isr_irq31
                0x100001cc                isr_irq5
                0x100001cc                isr_irq11
                0x100001cc                isr_irq23
                0x100001cc                isr_irq18
                0x100001cc                isr_irq28
                0x100001cc                isr_irq19
                0x100001cc                isr_irq0
                0x100001cc                isr_irq6
                0x100001cc                isr_irq22
                0x100001cc                isr_irq17
                0x100001cc                isr_irq14
                0x100001cc                isr_irq2
                0x100001cc                isr_irq10
                0x100001cc                isr_irq8
                0x100001cc                isr_irq24
                0x100001cc                isr_irq1
                0x100001cc                isr_irq7
                0x100001cc                isr_irq21
                0x100001cc                isr_irq20
                0x100001cc                isr_irq15
                0x100001cc                isr_irq25
                0x100001cc                isr_irq4
                0x100001cc                isr_irq16
                0x100001cc                isr_irq29
                0x100001cc                isr_irq26
                0x100001cc                __default_isrs_end
                0x100001cc                isr_irq3
                0x100001cc                isr_irq12
                0x100001cc                isr_irq9
                0x100001d2                unhandled_user_irq_num_in_r0
 *(.binary_info_header)
 .binary_info_header
                0x100001d4       0x14 CMakeFiles/main.dir/home/anirudh/.pico-sdk/sdk/2.1.1/src/rp2_common/pico_crt0/crt0.S.o
                0x100001e8                        __binary_info_header_end = .
 *(.embedded_block)
                0x100001e8                        __embedded_block_end = .
 *(.reset)
 .reset         0x100001e8       0x9c CMakeFiles/main.dir/home/anirudh/.pico-sdk/sdk/2.1.1/src/rp2_common/pico_crt0/crt0.S.o
                0x100001e8                _entry_point
 *(.init)
 .init          0x10000284        0x4 /home/anirudh/.pico-sdk/toolchain/14_2_Rel1/bin/../lib/gcc/arm-none-eabi/14.2.1/thumb/v6-m/nofp/crti.o
                0x10000284                _init
 *(EXCLUDE_FILE(*libm.a: *libc.a:*lib_a-mem*.o *libgcc.a:) .text*)
 .text.register_tm_clones
                0x10000288       0x28 /home/anirudh/.pico-sdk/toolchain/14_2_Rel1/bin/../lib/gcc/arm-none-eabi/14.2.1/thumb/v6-m/nofp/crtbegin.o
 .text.frame_dummy
                0x100002b0       0x24 /home/anirudh/.pico-sdk/toolchain/14_2_Rel1/bin/../lib/gcc/arm-none-eabi/14.2.1/thumb/v6-m/nofp/crtbegin.o
 .text.gpio_callback_channel
                0x100002d4      0x390 CMakeFiles/main.dir/main.c.o
                0x100002d4                gpio_callback_channel
 .text.init_motor_pins
                0x10000664       0x64 CMakeFiles/main.dir/main.c.o
                0x10000664                init_motor_pins
 .text.init_pwm_pins
                0x100006c8       0x58 CMakeFiles/main.dir/main.c.o
                0x100006c8                init_pwm_pins
 .text.set_motor_dirn
                0x10000720       0xa8 CMakeFiles/main.dir/main.c.o
                0x10000720                set_motor_dirn
 .text.push_message
                0x100007c8       0x78 CMakeFiles/main.dir/main.c.o
                0x100007c8                push_message
 .text.readUSBBuffer
                0x10000840      0x42c CMakeFiles/main.dir/main.c.o
                0x10000840                readUSBBuffer
 .text.accel_init
                0x10000c6c      0x10c CMakeFiles/main.dir/main.c.o
                0x10000c6c                accel_init
 .text.imu_init
                0x10000d78       0x3c CMakeFiles/main.dir/main.c.o
                0x10000d78                imu_init
 .text.finish_init
                0x10000db4       0x20 CMakeFiles/main.dir/main.c.o
                0x10000db4                finish_init
 .text.init_interrupt_pins
                0x10000dd4       0x5c CMakeFiles/main.dir/main.c.o
                0x10000dd4                init_interrupt_pins
 .text.bind_encoder_interrupts
                0x10000e30       0x3c CMakeFiles/main.dir/main.c.o
                0x10000e30                bind_encoder_interrupts
 .text.startup.main
                0x10000e6c      0x3bc CMakeFiles/main.dir/main.c.o
                0x10000e6c                main
 .text.gpio_default_irq_handler
                0x10001228      0x2c8 CMakeFiles/main.dir/home/anirudh/.pico-sdk/sdk/2.1.1/src/rp2_common/hardware_gpio/gpio.c.o
 .text.gpio_set_function
                0x100014f0       0x34 CMakeFiles/main.dir/home/anirudh/.pico-sdk/sdk/2.1.1/src/rp2_common/hardware_gpio/gpio.c.o
                0x100014f0                gpio_set_function
 .text.gpio_set_pulls
                0x10001524       0x28 CMakeFiles/main.dir/home/anirudh/.pico-sdk/sdk/2.1.1/src/rp2_common/hardware_gpio/gpio.c.o
                0x10001524                gpio_set_pulls
 .text.gpio_set_irq_enabled_with_callback
                0x1000154c       0xd0 CMakeFiles/main.dir/home/anirudh/.pico-sdk/sdk/2.1.1/src/rp2_common/hardware_gpio/gpio.c.o
                0x1000154c                gpio_set_irq_enabled_with_callback
 .text.gpio_init
                0x1000161c       0x40 CMakeFiles/main.dir/home/anirudh/.pico-sdk/sdk/2.1.1/src/rp2_common/hardware_gpio/gpio.c.o
                0x1000161c                gpio_init
 .text.rp2040_chip_version
                0x1000165c        0xc CMakeFiles/main.dir/home/anirudh/.pico-sdk/sdk/2.1.1/src/rp2040/pico_platform/platform.c.o
                0x1000165c                rp2040_chip_version
 .text.panic    0x10001668       0x30 CMakeFiles/main.dir/home/anirudh/.pico-sdk/sdk/2.1.1/src/rp2_common/pico_platform_panic/panic.c.o
                0x10001668                panic
 .text.hw_claim_or_assert
                0x10001698       0x44 CMakeFiles/main.dir/home/anirudh/.pico-sdk/sdk/2.1.1/src/common/hardware_claim/claim.c.o
                0x10001698                hw_claim_or_assert
 .text.hw_claim_unused_from_range
                0x100016dc       0x88 CMakeFiles/main.dir/home/anirudh/.pico-sdk/sdk/2.1.1/src/common/hardware_claim/claim.c.o
                0x100016dc                hw_claim_unused_from_range
 .text.next_striped_spin_lock_num
                0x10001764       0x18 CMakeFiles/main.dir/home/anirudh/.pico-sdk/sdk/2.1.1/src/rp2_common/hardware_sync/sync.c.o
                0x10001764                next_striped_spin_lock_num
 .text.spin_lock_claim_unused
                0x1000177c       0x24 CMakeFiles/main.dir/home/anirudh/.pico-sdk/sdk/2.1.1/src/rp2_common/hardware_sync/sync.c.o
                0x1000177c                spin_lock_claim_unused
 .text.spin_locks_reset
                0x100017a0       0x1c CMakeFiles/main.dir/home/anirudh/.pico-sdk/sdk/2.1.1/src/rp2_common/hardware_sync_spin_lock/sync_spin_lock.c.o
                0x100017a0                spin_locks_reset
 .text.runtime_init_per_core_irq_priorities
                0x100017bc       0x24 CMakeFiles/main.dir/home/anirudh/.pico-sdk/sdk/2.1.1/src/rp2_common/hardware_irq/irq.c.o
                0x100017bc                runtime_init_per_core_irq_priorities
 .text.irq_set_enabled
                0x100017e0       0x24 CMakeFiles/main.dir/home/anirudh/.pico-sdk/sdk/2.1.1/src/rp2_common/hardware_irq/irq.c.o
                0x100017e0                irq_set_enabled
 .text.irq_is_enabled
                0x10001804       0x18 CMakeFiles/main.dir/home/anirudh/.pico-sdk/sdk/2.1.1/src/rp2_common/hardware_irq/irq.c.o
                0x10001804                irq_is_enabled
 .text.irq_set_pending
                0x1000181c       0x10 CMakeFiles/main.dir/home/anirudh/.pico-sdk/sdk/2.1.1/src/rp2_common/hardware_irq/irq.c.o
                0x1000181c                irq_set_pending
 .text.irq_has_shared_handler
                0x1000182c       0x24 CMakeFiles/main.dir/home/anirudh/.pico-sdk/sdk/2.1.1/src/rp2_common/hardware_irq/irq.c.o
                0x1000182c                irq_has_shared_handler
 .text.irq_set_exclusive_handler
                0x10001850       0x54 CMakeFiles/main.dir/home/anirudh/.pico-sdk/sdk/2.1.1/src/rp2_common/hardware_irq/irq.c.o
                0x10001850                irq_set_exclusive_handler
 .text.irq_add_shared_handler
                0x100018a4      0x1f4 CMakeFiles/main.dir/home/anirudh/.pico-sdk/sdk/2.1.1/src/rp2_common/hardware_irq/irq.c.o
                0x100018a4                irq_add_shared_handler
 .text.irq_remove_handler
                0x10001a98      0x1d4 CMakeFiles/main.dir/home/anirudh/.pico-sdk/sdk/2.1.1/src/rp2_common/hardware_irq/irq.c.o
                0x10001a98                irq_remove_handler
 .text.irq_add_tail_to_free_list
                0x10001c6c       0xb4 CMakeFiles/main.dir/home/anirudh/.pico-sdk/sdk/2.1.1/src/rp2_common/hardware_irq/irq.c.o
                0x10001c6c                irq_add_tail_to_free_list
 .text.user_irq_claim_unused
                0x10001d20       0x2c CMakeFiles/main.dir/home/anirudh/.pico-sdk/sdk/2.1.1/src/rp2_common/hardware_irq/irq.c.o
                0x10001d20                user_irq_claim_unused
 .text.lock_init
                0x10001d4c       0x10 CMakeFiles/main.dir/home/anirudh/.pico-sdk/sdk/2.1.1/src/common/pico_sync/lock_core.c.o
                0x10001d4c                lock_init
 .text.runtime_init_mutex
                0x10001d5c       0x50 CMakeFiles/main.dir/home/anirudh/.pico-sdk/sdk/2.1.1/src/common/pico_sync/mutex.c.o
                0x10001d5c                runtime_init_mutex
 .text.mutex_init
                0x10001dac       0x1c CMakeFiles/main.dir/home/anirudh/.pico-sdk/sdk/2.1.1/src/common/pico_sync/mutex.c.o
                0x10001dac                mutex_init
 .text.critical_section_init
                0x10001dc8       0x1c CMakeFiles/main.dir/home/anirudh/.pico-sdk/sdk/2.1.1/src/common/pico_sync/critical_section.c.o
                0x10001dc8                critical_section_init
 .text.critical_section_init_with_lock_num
                0x10001de4       0x14 CMakeFiles/main.dir/home/anirudh/.pico-sdk/sdk/2.1.1/src/common/pico_sync/critical_section.c.o
                0x10001de4                critical_section_init_with_lock_num
 .text.sleep_until_callback
                0x10001df8       0x30 CMakeFiles/main.dir/home/anirudh/.pico-sdk/sdk/2.1.1/src/common/pico_time/time.c.o
 .text.alarm_pool_irq_handler
                0x10001e28      0x300 CMakeFiles/main.dir/home/anirudh/.pico-sdk/sdk/2.1.1/src/common/pico_time/time.c.o
 .text.runtime_init_default_alarm_pool
                0x10002128       0xdc CMakeFiles/main.dir/home/anirudh/.pico-sdk/sdk/2.1.1/src/common/pico_time/time.c.o
                0x10002128                runtime_init_default_alarm_pool
 .text.alarm_pool_get_default
                0x10002204        0x8 CMakeFiles/main.dir/home/anirudh/.pico-sdk/sdk/2.1.1/src/common/pico_time/time.c.o
                0x10002204                alarm_pool_get_default
 .text.alarm_pool_add_alarm_at
                0x1000220c       0xd0 CMakeFiles/main.dir/home/anirudh/.pico-sdk/sdk/2.1.1/src/common/pico_time/time.c.o
                0x1000220c                alarm_pool_add_alarm_at
 .text.alarm_pool_add_alarm_at_force_in_context
                0x100022dc       0xb0 CMakeFiles/main.dir/home/anirudh/.pico-sdk/sdk/2.1.1/src/common/pico_time/time.c.o
                0x100022dc                alarm_pool_add_alarm_at_force_in_context
 .text.alarm_pool_cancel_alarm
                0x1000238c       0x74 CMakeFiles/main.dir/home/anirudh/.pico-sdk/sdk/2.1.1/src/common/pico_time/time.c.o
                0x1000238c                alarm_pool_cancel_alarm
 .text.alarm_pool_core_num
                0x10002400        0x4 CMakeFiles/main.dir/home/anirudh/.pico-sdk/sdk/2.1.1/src/common/pico_time/time.c.o
                0x10002400                alarm_pool_core_num
 .text.sleep_ms
                0x10002404       0xfc CMakeFiles/main.dir/home/anirudh/.pico-sdk/sdk/2.1.1/src/common/pico_time/time.c.o
                0x10002404                sleep_ms
 .text.best_effort_wfe_or_timeout
                0x10002500      0x10c CMakeFiles/main.dir/home/anirudh/.pico-sdk/sdk/2.1.1/src/common/pico_time/time.c.o
                0x10002500                best_effort_wfe_or_timeout
 .text.timer_hardware_alarm_claim
                0x1000260c       0x14 CMakeFiles/main.dir/home/anirudh/.pico-sdk/sdk/2.1.1/src/rp2_common/hardware_timer/timer.c.o
                0x1000260c                timer_hardware_alarm_claim
 .text.timer_time_us_64
                0x10002620       0x10 CMakeFiles/main.dir/home/anirudh/.pico-sdk/sdk/2.1.1/src/rp2_common/hardware_timer/timer.c.o
                0x10002620                timer_time_us_64
 .text.time_us_64
                0x10002630       0x14 CMakeFiles/main.dir/home/anirudh/.pico-sdk/sdk/2.1.1/src/rp2_common/hardware_timer/timer.c.o
                0x10002630                time_us_64
 .text.busy_wait_until
                0x10002644       0x20 CMakeFiles/main.dir/home/anirudh/.pico-sdk/sdk/2.1.1/src/rp2_common/hardware_timer/timer.c.o
                0x10002644                busy_wait_until
 .text.clock_configure_int_divider
                0x10002664       0xf4 CMakeFiles/main.dir/home/anirudh/.pico-sdk/sdk/2.1.1/src/rp2_common/hardware_clocks/clocks.c.o
                0x10002664                clock_configure_int_divider
 .text.clock_configure_undivided
                0x10002758       0xe8 CMakeFiles/main.dir/home/anirudh/.pico-sdk/sdk/2.1.1/src/rp2_common/hardware_clocks/clocks.c.o
                0x10002758                clock_configure_undivided
 .text.clock_get_hz
                0x10002840        0xc CMakeFiles/main.dir/home/anirudh/.pico-sdk/sdk/2.1.1/src/rp2_common/hardware_clocks/clocks.c.o
                0x10002840                clock_get_hz
 .text.pll_init
                0x1000284c       0xa4 CMakeFiles/main.dir/home/anirudh/.pico-sdk/sdk/2.1.1/src/rp2_common/hardware_pll/pll.c.o
                0x1000284c                pll_init
 .text.watchdog_reboot
                0x100028f0       0x9c CMakeFiles/main.dir/home/anirudh/.pico-sdk/sdk/2.1.1/src/rp2_common/hardware_watchdog/watchdog.c.o
                0x100028f0                watchdog_reboot
 .text.tick_start
                0x1000298c       0x10 CMakeFiles/main.dir/home/anirudh/.pico-sdk/sdk/2.1.1/src/rp2_common/hardware_ticks/ticks.c.o
                0x1000298c                tick_start
 .text.rom_func_lookup
                0x1000299c       0x10 CMakeFiles/main.dir/home/anirudh/.pico-sdk/sdk/2.1.1/src/rp2_common/pico_bootrom/bootrom.c.o
                0x1000299c                rom_func_lookup
 .text.rom_data_lookup
                0x100029ac       0x10 CMakeFiles/main.dir/home/anirudh/.pico-sdk/sdk/2.1.1/src/rp2_common/pico_bootrom/bootrom.c.o
                0x100029ac                rom_data_lookup
 .text.rom_funcs_lookup
                0x100029bc       0x44 CMakeFiles/main.dir/home/anirudh/.pico-sdk/sdk/2.1.1/src/rp2_common/pico_bootrom/bootrom.c.o
                0x100029bc                rom_funcs_lookup
 .text.rom_reset_usb_boot_extra
                0x10002a00       0x24 CMakeFiles/main.dir/home/anirudh/.pico-sdk/sdk/2.1.1/src/rp2_common/pico_bootrom/bootrom.c.o
                0x10002a00                rom_reset_usb_boot_extra
 .text.xosc_init
                0x10002a24       0x28 CMakeFiles/main.dir/home/anirudh/.pico-sdk/sdk/2.1.1/src/rp2_common/hardware_xosc/xosc.c.o
                0x10002a24                xosc_init
 .text.first_per_core_initializer
                0x10002a4c        0x4 CMakeFiles/main.dir/home/anirudh/.pico-sdk/sdk/2.1.1/src/rp2_common/pico_runtime/runtime.c.o
 .text.hard_assertion_failure
                0x10002a50        0xc CMakeFiles/main.dir/home/anirudh/.pico-sdk/sdk/2.1.1/src/rp2_common/pico_runtime/runtime.c.o
                0x10002a50                hard_assertion_failure
 .text.runtime_run_initializers
                0x10002a5c       0x28 CMakeFiles/main.dir/home/anirudh/.pico-sdk/sdk/2.1.1/src/rp2_common/pico_runtime/runtime.c.o
                0x10002a5c                runtime_run_initializers
 .text.runtime_init_early_resets
                0x10002a84       0x2c CMakeFiles/main.dir/home/anirudh/.pico-sdk/sdk/2.1.1/src/rp2_common/pico_runtime_init/runtime_init.c.o
                0x10002a84                runtime_init_early_resets
 .text.runtime_init_usb_power_down
                0x10002ab0       0x1c CMakeFiles/main.dir/home/anirudh/.pico-sdk/sdk/2.1.1/src/rp2_common/pico_runtime_init/runtime_init.c.o
                0x10002ab0                runtime_init_usb_power_down
 .text.runtime_init_post_clock_resets
                0x10002acc       0x20 CMakeFiles/main.dir/home/anirudh/.pico-sdk/sdk/2.1.1/src/rp2_common/pico_runtime_init/runtime_init.c.o
                0x10002acc                runtime_init_post_clock_resets
 .text.runtime_init_rp2040_gpio_ie_disable
                0x10002aec       0x14 CMakeFiles/main.dir/home/anirudh/.pico-sdk/sdk/2.1.1/src/rp2_common/pico_runtime_init/runtime_init.c.o
                0x10002aec                runtime_init_rp2040_gpio_ie_disable
 .text.runtime_init_spin_locks_reset
                0x10002b00        0x8 CMakeFiles/main.dir/home/anirudh/.pico-sdk/sdk/2.1.1/src/rp2_common/pico_runtime_init/runtime_init.c.o
                0x10002b00                runtime_init_spin_locks_reset
 .text.runtime_init_install_ram_vector_table
                0x10002b08       0x1c CMakeFiles/main.dir/home/anirudh/.pico-sdk/sdk/2.1.1/src/rp2_common/pico_runtime_init/runtime_init.c.o
                0x10002b08                runtime_init_install_ram_vector_table
 .text.runtime_init_clocks
                0x10002b24       0xd8 CMakeFiles/main.dir/home/anirudh/.pico-sdk/sdk/2.1.1/src/rp2_common/pico_runtime_init/runtime_init_clocks.c.o
                0x10002b24                runtime_init_clocks
 .text          0x10002bfc       0x10 CMakeFiles/main.dir/home/anirudh/.pico-sdk/sdk/2.1.1/src/rp2_common/pico_bit_ops/bit_ops_aeabi.S.o
 .text.__wrap___aeabi_idiv
                0x10002c0c       0x50 CMakeFiles/main.dir/home/anirudh/.pico-sdk/sdk/2.1.1/src/rp2_common/pico_divider/divider_hardware.S.o
                0x10002c0c                __wrap___aeabi_idivmod
                0x10002c0c                divmod_s32s32
                0x10002c0c                div_s32s32
                0x10002c0c                __wrap___aeabi_idiv
                0x10002c14                divmod_s32s32_unsafe
                0x10002c40                divmod_s32s32_savestate
 .text.__wrap___aeabi_uidiv
                0x10002c5c       0x4c CMakeFiles/main.dir/home/anirudh/.pico-sdk/sdk/2.1.1/src/rp2_common/pico_divider/divider_hardware.S.o
                0x10002c5c                __wrap___aeabi_uidiv
                0x10002c5c                __wrap___aeabi_uidivmod
                0x10002c5c                div_u32u32
                0x10002c5c                divmod_u32u32
                0x10002c64                divmod_u32u32_unsafe
                0x10002c8c                divmod_u32u32_savestate
 .text.__wrap___aeabi_ldiv
                0x10002ca8      0x424 CMakeFiles/main.dir/home/anirudh/.pico-sdk/sdk/2.1.1/src/rp2_common/pico_divider/divider_hardware.S.o
                0x10002ca8                div_s64s64
                0x10002ca8                divmod_s64s64
                0x10002ca8                __wrap___aeabi_ldivmod
                0x10002cd8                div_u64u64
                0x10002cd8                divmod_u64u64
                0x10002cd8                __wrap___aeabi_uldivmod
                0x10002ce8                divmod_u64u64_savestate
                0x10002d08                divmod_s64s64_unsafe
                0x10002d90                divmod_u64u64_unsafe
 .text.__wrap___aeabi_darithmetic
                0x100030cc       0x80 CMakeFiles/main.dir/home/anirudh/.pico-sdk/sdk/2.1.1/src/rp2_common/pico_double/double_aeabi_rp2040.S.o
                0x100030cc                __wrap___aeabi_drsub
                0x100030d2                __wrap___aeabi_dsub
                0x100030e4                __wrap___aeabi_dadd
                0x100030f6                __wrap___aeabi_ddiv
                0x10003132                __wrap___aeabi_dmul
 .text.__wrap___aeabi_cdcmple
                0x1000314c       0x6c CMakeFiles/main.dir/home/anirudh/.pico-sdk/sdk/2.1.1/src/rp2_common/pico_double/double_aeabi_rp2040.S.o
                0x1000314c                __wrap___aeabi_cdrcmple
                0x1000315c                __wrap___aeabi_cdcmple
                0x1000315c                __wrap___aeabi_cdcmpeq
 .text.__wrap___aeabi_dcmplt
                0x100031b8        0xc CMakeFiles/main.dir/home/anirudh/.pico-sdk/sdk/2.1.1/src/rp2_common/pico_double/double_aeabi_rp2040.S.o
                0x100031b8                __wrap___aeabi_dcmplt
 .text.__wrap___aeabi_dcmple
                0x100031c4       0x10 CMakeFiles/main.dir/home/anirudh/.pico-sdk/sdk/2.1.1/src/rp2_common/pico_double/double_aeabi_rp2040.S.o
                0x100031c4                __wrap___aeabi_dcmple
 .text.__wrap___aeabi_dcmpge
                0x100031d4       0x10 CMakeFiles/main.dir/home/anirudh/.pico-sdk/sdk/2.1.1/src/rp2_common/pico_double/double_aeabi_rp2040.S.o
                0x100031d4                __wrap___aeabi_dcmpge
 .text.__wrap___aeabi_dcmpgt
                0x100031e4        0xa CMakeFiles/main.dir/home/anirudh/.pico-sdk/sdk/2.1.1/src/rp2_common/pico_double/double_aeabi_rp2040.S.o
                0x100031e4                __wrap___aeabi_dcmpgt
 .text.__wrap___aeabi_dcmpun
                0x100031ee       0x18 CMakeFiles/main.dir/home/anirudh/.pico-sdk/sdk/2.1.1/src/rp2_common/pico_double/double_aeabi_rp2040.S.o
                0x100031ee                __wrap___aeabi_dcmpun
 *fill*         0x10003206        0x2 
 .text.__wrap___aeabi_i2d
                0x10003208       0x38 CMakeFiles/main.dir/home/anirudh/.pico-sdk/sdk/2.1.1/src/rp2_common/pico_double/double_aeabi_rp2040.S.o
                0x10003208                __wrap___aeabi_ui2d
                0x10003208                uint2double
                0x10003210                __wrap___aeabi_i2d
                0x10003210                int2double
 .text.__wrap___aeabi_d2iz
                0x10003240       0x48 CMakeFiles/main.dir/home/anirudh/.pico-sdk/sdk/2.1.1/src/rp2_common/pico_double/double_aeabi_rp2040.S.o
                0x10003240                __wrap___aeabi_d2iz
                0x10003240                double2int_z
 .text.__wrap___aeabi_d2uiz
                0x10003288       0x18 CMakeFiles/main.dir/home/anirudh/.pico-sdk/sdk/2.1.1/src/rp2_common/pico_double/double_aeabi_rp2040.S.o
                0x10003288                double2uint_z
                0x10003288                double2uint
                0x10003288                __wrap___aeabi_d2uiz
 .text.__aeabi_double_init
                0x100032a0       0xa4 CMakeFiles/main.dir/home/anirudh/.pico-sdk/sdk/2.1.1/src/rp2_common/pico_double/double_init_rom_rp2040.c.o
                0x100032a0                __aeabi_double_init
 .text.double_table_shim_on_use_helper
                0x10003344       0x2c CMakeFiles/main.dir/home/anirudh/.pico-sdk/sdk/2.1.1/src/rp2_common/pico_double/double_v1_rom_shim_rp2040.S.o
                0x10003344                double_table_shim_on_use_helper
 .text.__wrap___aeabi_dsub
                0x10003370       0x10 CMakeFiles/main.dir/home/anirudh/.pico-sdk/sdk/2.1.1/src/rp2_common/pico_double/double_v1_rom_shim_rp2040.S.o
                0x10003370                drsub_shim
                0x10003376                dsub_shim
 .text.dadd_shim
                0x10003380      0x15c CMakeFiles/main.dir/home/anirudh/.pico-sdk/sdk/2.1.1/src/rp2_common/pico_double/double_v1_rom_shim_rp2040.S.o
                0x10003380                dadd_shim
 .text.dmul_shim
                0x100034dc      0x15c CMakeFiles/main.dir/home/anirudh/.pico-sdk/sdk/2.1.1/src/rp2_common/pico_double/double_v1_rom_shim_rp2040.S.o
                0x100034dc                dmul_shim
 .text.ddiv_shim
                0x10003638      0x1b0 CMakeFiles/main.dir/home/anirudh/.pico-sdk/sdk/2.1.1/src/rp2_common/pico_double/double_v1_rom_shim_rp2040.S.o
                0x10003638                ddiv_shim
 .text.double2uint_shim
                0x100037e8        0xe CMakeFiles/main.dir/home/anirudh/.pico-sdk/sdk/2.1.1/src/rp2_common/pico_double/double_v1_rom_shim_rp2040.S.o
                0x100037e8                double2uint_shim
                0x100037ea                double2ufix_shim
 *fill*         0x100037f6        0x2 
 .text.double2uint64_shim
                0x100037f8       0x70 CMakeFiles/main.dir/home/anirudh/.pico-sdk/sdk/2.1.1/src/rp2_common/pico_double/double_v1_rom_shim_rp2040.S.o
                0x100037f8                double2uint64_shim
                0x100037fa                double2ufix64_shim
                0x1000381a                d2fix_a
 .text.dunpacks
                0x10003868       0x3c CMakeFiles/main.dir/home/anirudh/.pico-sdk/sdk/2.1.1/src/rp2_common/pico_double/double_v1_rom_shim_rp2040.S.o
                0x10003868                dunpacks
 .text.__aeabi_lmul
                0x100038a4       0x32 CMakeFiles/main.dir/home/anirudh/.pico-sdk/sdk/2.1.1/src/rp2_common/pico_int64_ops/pico_int64_ops_aeabi.S.o
                0x100038a4                __wrap___aeabi_lmul
 *fill*         0x100038d6        0x2 
 .text.__aeabi_float_init
                0x100038d8       0x64 CMakeFiles/main.dir/home/anirudh/.pico-sdk/sdk/2.1.1/src/rp2_common/pico_float/float_init_rom_rp2040.c.o
                0x100038d8                __aeabi_float_init
 .text.float_table_shim_on_use_helper
                0x1000393c       0x2c CMakeFiles/main.dir/home/anirudh/.pico-sdk/sdk/2.1.1/src/rp2_common/pico_float/float_v1_rom_shim_rp2040.S.o
                0x1000393c                float_table_shim_on_use_helper
 .text          0x10003968       0x10 CMakeFiles/main.dir/home/anirudh/.pico-sdk/sdk/2.1.1/src/rp2_common/pico_mem_ops/mem_ops_aeabi.S.o
                0x10003968                __aeabi_mem_init
 .text.memset   0x10003978        0xc CMakeFiles/main.dir/home/anirudh/.pico-sdk/sdk/2.1.1/src/rp2_common/pico_mem_ops/mem_ops_aeabi.S.o
                0x10003978                __wrap_memset
 .text.memcpy   0x10003984        0xc CMakeFiles/main.dir/home/anirudh/.pico-sdk/sdk/2.1.1/src/rp2_common/pico_mem_ops/mem_ops_aeabi.S.o
                0x10003984                __wrap___aeabi_memcpy
                0x10003984                __wrap_memcpy
 .text._out_buffer
                0x10003990        0x8 CMakeFiles/main.dir/home/anirudh/.pico-sdk/sdk/2.1.1/src/rp2_common/pico_printf/printf.c.o
 .text._out_null
                0x10003998        0x4 CMakeFiles/main.dir/home/anirudh/.pico-sdk/sdk/2.1.1/src/rp2_common/pico_printf/printf.c.o
 .text._out_rev
                0x1000399c       0xac CMakeFiles/main.dir/home/anirudh/.pico-sdk/sdk/2.1.1/src/rp2_common/pico_printf/printf.c.o
 .text._ntoa_format
                0x10003a48      0x1cc CMakeFiles/main.dir/home/anirudh/.pico-sdk/sdk/2.1.1/src/rp2_common/pico_printf/printf.c.o
 .text._out_char
                0x10003c14       0x10 CMakeFiles/main.dir/home/anirudh/.pico-sdk/sdk/2.1.1/src/rp2_common/pico_printf/printf.c.o
 .text._out_fct
                0x10003c24       0x10 CMakeFiles/main.dir/home/anirudh/.pico-sdk/sdk/2.1.1/src/rp2_common/pico_printf/printf.c.o
 .text._ftoa    0x10003c34      0x4a8 CMakeFiles/main.dir/home/anirudh/.pico-sdk/sdk/2.1.1/src/rp2_common/pico_printf/printf.c.o
 .text._etoa    0x100040dc      0x57c CMakeFiles/main.dir/home/anirudh/.pico-sdk/sdk/2.1.1/src/rp2_common/pico_printf/printf.c.o
 .text._vsnprintf
                0x10004658      0xbe0 CMakeFiles/main.dir/home/anirudh/.pico-sdk/sdk/2.1.1/src/rp2_common/pico_printf/printf.c.o
 .text.__wrap_vsnprintf
                0x10005238       0x1c CMakeFiles/main.dir/home/anirudh/.pico-sdk/sdk/2.1.1/src/rp2_common/pico_printf/printf.c.o
                0x10005238                __wrap_vsnprintf
 .text.vfctprintf
                0x10005254       0x24 CMakeFiles/main.dir/home/anirudh/.pico-sdk/sdk/2.1.1/src/rp2_common/pico_printf/printf.c.o
                0x10005254                vfctprintf
 .text.weak_raw_vprintf
                0x10005278       0x30 CMakeFiles/main.dir/home/anirudh/.pico-sdk/sdk/2.1.1/src/rp2_common/pico_printf/printf.c.o
                0x10005278                weak_raw_vprintf
 .text._exit    0x100052a8        0x4 CMakeFiles/main.dir/home/anirudh/.pico-sdk/sdk/2.1.1/src/rp2_common/pico_clib_interface/newlib_interface.c.o
                0x100052a8                _exit
 .text.exit     0x100052ac        0x8 CMakeFiles/main.dir/home/anirudh/.pico-sdk/sdk/2.1.1/src/rp2_common/pico_clib_interface/newlib_interface.c.o
                0x100052ac                exit
 .text.runtime_init
                0x100052b4       0x2c CMakeFiles/main.dir/home/anirudh/.pico-sdk/sdk/2.1.1/src/rp2_common/pico_clib_interface/newlib_interface.c.o
                0x100052b4                runtime_init
 .text.stdio_out_chars_no_crlf
                0x100052e0       0x10 CMakeFiles/main.dir/home/anirudh/.pico-sdk/sdk/2.1.1/src/rp2_common/pico_stdio/stdio.c.o
 .text.stdio_out_chars_crlf
                0x100052f0       0xb0 CMakeFiles/main.dir/home/anirudh/.pico-sdk/sdk/2.1.1/src/rp2_common/pico_stdio/stdio.c.o
 .text.stdio_buffered_printer
                0x100053a0       0x64 CMakeFiles/main.dir/home/anirudh/.pico-sdk/sdk/2.1.1/src/rp2_common/pico_stdio/stdio.c.o
 .text.stdio_put_string
                0x10005404       0xfc CMakeFiles/main.dir/home/anirudh/.pico-sdk/sdk/2.1.1/src/rp2_common/pico_stdio/stdio.c.o
                0x10005404                stdio_put_string
 .text.stdio_set_driver_enabled
                0x10005500       0x30 CMakeFiles/main.dir/home/anirudh/.pico-sdk/sdk/2.1.1/src/rp2_common/pico_stdio/stdio.c.o
                0x10005500                stdio_set_driver_enabled
 .text.stdio_init_all
                0x10005530        0x8 CMakeFiles/main.dir/home/anirudh/.pico-sdk/sdk/2.1.1/src/rp2_common/pico_stdio/stdio.c.o
                0x10005530                stdio_init_all
 .text.__wrap_putchar
                0x10005538       0x94 CMakeFiles/main.dir/home/anirudh/.pico-sdk/sdk/2.1.1/src/rp2_common/pico_stdio/stdio.c.o
                0x10005538                stdio_putchar
                0x10005538                __wrap_putchar
 .text.__wrap_puts
                0x100055cc       0x3c CMakeFiles/main.dir/home/anirudh/.pico-sdk/sdk/2.1.1/src/rp2_common/pico_stdio/stdio.c.o
                0x100055cc                __wrap_puts
                0x100055cc                stdio_puts
 .text.__wrap_vprintf
                0x10005608       0xcc CMakeFiles/main.dir/home/anirudh/.pico-sdk/sdk/2.1.1/src/rp2_common/pico_stdio/stdio.c.o
                0x10005608                __wrap_vprintf
                0x10005608                stdio_vprintf
 .text.__wrap_printf
                0x100056d4       0x18 CMakeFiles/main.dir/home/anirudh/.pico-sdk/sdk/2.1.1/src/rp2_common/pico_stdio/stdio.c.o
                0x100056d4                stdio_printf
                0x100056d4                __wrap_printf
 .text.resetd_init
                0x100056ec        0x4 CMakeFiles/main.dir/home/anirudh/.pico-sdk/sdk/2.1.1/src/rp2_common/pico_stdio_usb/reset_interface.c.o
 .text.resetd_reset
                0x100056f0        0xc CMakeFiles/main.dir/home/anirudh/.pico-sdk/sdk/2.1.1/src/rp2_common/pico_stdio_usb/reset_interface.c.o
 .text.resetd_open
                0x100056fc       0x28 CMakeFiles/main.dir/home/anirudh/.pico-sdk/sdk/2.1.1/src/rp2_common/pico_stdio_usb/reset_interface.c.o
 .text.resetd_xfer_cb
                0x10005724        0x4 CMakeFiles/main.dir/home/anirudh/.pico-sdk/sdk/2.1.1/src/rp2_common/pico_stdio_usb/reset_interface.c.o
 .text.resetd_control_xfer_cb
                0x10005728       0x54 CMakeFiles/main.dir/home/anirudh/.pico-sdk/sdk/2.1.1/src/rp2_common/pico_stdio_usb/reset_interface.c.o
 .text.tud_descriptor_bos_cb
                0x1000577c        0x8 CMakeFiles/main.dir/home/anirudh/.pico-sdk/sdk/2.1.1/src/rp2_common/pico_stdio_usb/reset_interface.c.o
                0x1000577c                tud_descriptor_bos_cb
 .text.tud_vendor_control_xfer_cb
                0x10005784       0x34 CMakeFiles/main.dir/home/anirudh/.pico-sdk/sdk/2.1.1/src/rp2_common/pico_stdio_usb/reset_interface.c.o
                0x10005784                tud_vendor_control_xfer_cb
 .text.usbd_app_driver_get_cb
                0x100057b8        0xc CMakeFiles/main.dir/home/anirudh/.pico-sdk/sdk/2.1.1/src/rp2_common/pico_stdio_usb/reset_interface.c.o
                0x100057b8                usbd_app_driver_get_cb
 .text.tud_cdc_line_coding_cb
                0x100057c4       0x2c CMakeFiles/main.dir/home/anirudh/.pico-sdk/sdk/2.1.1/src/rp2_common/pico_stdio_usb/reset_interface.c.o
                0x100057c4                tud_cdc_line_coding_cb
 .text.stdio_usb_set_chars_available_callback
                0x100057f0       0x14 CMakeFiles/main.dir/home/anirudh/.pico-sdk/sdk/2.1.1/src/rp2_common/pico_stdio_usb/stdio_usb.c.o
                0x100057f0                stdio_usb_set_chars_available_callback
 .text.usb_irq  0x10005804       0x10 CMakeFiles/main.dir/home/anirudh/.pico-sdk/sdk/2.1.1/src/rp2_common/pico_stdio_usb/stdio_usb.c.o
 .text.timer_task
                0x10005814       0x64 CMakeFiles/main.dir/home/anirudh/.pico-sdk/sdk/2.1.1/src/rp2_common/pico_stdio_usb/stdio_usb.c.o
 .text.stdio_usb_in_chars
                0x10005878       0x8c CMakeFiles/main.dir/home/anirudh/.pico-sdk/sdk/2.1.1/src/rp2_common/pico_stdio_usb/stdio_usb.c.o
                0x10005878                stdio_usb_in_chars
 .text.stdio_usb_out_flush
                0x10005904       0x4c CMakeFiles/main.dir/home/anirudh/.pico-sdk/sdk/2.1.1/src/rp2_common/pico_stdio_usb/stdio_usb.c.o
 .text.stdio_usb_out_chars
                0x10005950      0x100 CMakeFiles/main.dir/home/anirudh/.pico-sdk/sdk/2.1.1/src/rp2_common/pico_stdio_usb/stdio_usb.c.o
 .text.low_priority_worker_irq
                0x10005a50       0xc8 CMakeFiles/main.dir/home/anirudh/.pico-sdk/sdk/2.1.1/src/rp2_common/pico_stdio_usb/stdio_usb.c.o
 .text.stdio_usb_init
                0x10005b18       0xe8 CMakeFiles/main.dir/home/anirudh/.pico-sdk/sdk/2.1.1/src/rp2_common/pico_stdio_usb/stdio_usb.c.o
                0x10005b18                stdio_usb_init
 .text.tud_descriptor_device_cb
                0x10005c00        0x8 CMakeFiles/main.dir/home/anirudh/.pico-sdk/sdk/2.1.1/src/rp2_common/pico_stdio_usb/stdio_usb_descriptors.c.o
                0x10005c00                tud_descriptor_device_cb
 .text.tud_descriptor_configuration_cb
                0x10005c08        0x8 CMakeFiles/main.dir/home/anirudh/.pico-sdk/sdk/2.1.1/src/rp2_common/pico_stdio_usb/stdio_usb_descriptors.c.o
                0x10005c08                tud_descriptor_configuration_cb
 .text.tud_descriptor_string_cb
                0x10005c10       0x78 CMakeFiles/main.dir/home/anirudh/.pico-sdk/sdk/2.1.1/src/rp2_common/pico_stdio_usb/stdio_usb_descriptors.c.o
                0x10005c10                tud_descriptor_string_cb
 .text.startup._retrieve_unique_id_on_boot
                0x10005c88       0x10 CMakeFiles/main.dir/home/anirudh/.pico-sdk/sdk/2.1.1/src/rp2_common/pico_unique_id/unique_id.c.o
 .text.pico_get_unique_board_id_string
                0x10005c98      0x1a8 CMakeFiles/main.dir/home/anirudh/.pico-sdk/sdk/2.1.1/src/rp2_common/pico_unique_id/unique_id.c.o
                0x10005c98                pico_get_unique_board_id_string
 .text.flash_get_unique_id
                0x10005e40       0x3c CMakeFiles/main.dir/home/anirudh/.pico-sdk/sdk/2.1.1/src/rp2_common/hardware_flash/flash.c.o
                0x10005e40                flash_get_unique_id
 .text.dcd_init
                0x10005e7c       0x90 CMakeFiles/main.dir/home/anirudh/.pico-sdk/sdk/2.1.1/lib/tinyusb/src/portable/raspberrypi/rp2040/dcd_rp2040.c.o
                0x10005e7c                dcd_init
 .text.dcd_int_enable
                0x10005f0c        0xc CMakeFiles/main.dir/home/anirudh/.pico-sdk/sdk/2.1.1/lib/tinyusb/src/portable/raspberrypi/rp2040/dcd_rp2040.c.o
                0x10005f0c                dcd_int_enable
 .text.dcd_set_address
                0x10005f18       0x14 CMakeFiles/main.dir/home/anirudh/.pico-sdk/sdk/2.1.1/lib/tinyusb/src/portable/raspberrypi/rp2040/dcd_rp2040.c.o
                0x10005f18                dcd_set_address
 .text.dcd_sof_enable
                0x10005f2c       0x1c CMakeFiles/main.dir/home/anirudh/.pico-sdk/sdk/2.1.1/lib/tinyusb/src/portable/raspberrypi/rp2040/dcd_rp2040.c.o
                0x10005f2c                dcd_sof_enable
 .text.dcd_edpt0_status_complete
                0x10005f48       0x1c CMakeFiles/main.dir/home/anirudh/.pico-sdk/sdk/2.1.1/lib/tinyusb/src/portable/raspberrypi/rp2040/dcd_rp2040.c.o
                0x10005f48                dcd_edpt0_status_complete
 .text.dcd_edpt_open
                0x10005f64      0x114 CMakeFiles/main.dir/home/anirudh/.pico-sdk/sdk/2.1.1/lib/tinyusb/src/portable/raspberrypi/rp2040/dcd_rp2040.c.o
                0x10005f64                dcd_edpt_open
 .text.dcd_edpt_close_all
                0x10006078        0x8 CMakeFiles/main.dir/home/anirudh/.pico-sdk/sdk/2.1.1/lib/tinyusb/src/portable/raspberrypi/rp2040/dcd_rp2040.c.o
                0x10006078                dcd_edpt_close_all
 .text.dcd_edpt_xfer
                0x10006080       0x24 CMakeFiles/main.dir/home/anirudh/.pico-sdk/sdk/2.1.1/lib/tinyusb/src/portable/raspberrypi/rp2040/dcd_rp2040.c.o
                0x10006080                dcd_edpt_xfer
 .text.dcd_edpt_stall
                0x100060a4       0x3c CMakeFiles/main.dir/home/anirudh/.pico-sdk/sdk/2.1.1/lib/tinyusb/src/portable/raspberrypi/rp2040/dcd_rp2040.c.o
                0x100060a4                dcd_edpt_stall
 .text.dcd_edpt_clear_stall
                0x100060e0       0x30 CMakeFiles/main.dir/home/anirudh/.pico-sdk/sdk/2.1.1/lib/tinyusb/src/portable/raspberrypi/rp2040/dcd_rp2040.c.o
                0x100060e0                dcd_edpt_clear_stall
 .text.rp2040_usb_init
                0x10006110       0x40 CMakeFiles/main.dir/home/anirudh/.pico-sdk/sdk/2.1.1/lib/tinyusb/src/portable/raspberrypi/rp2040/rp2040_usb.c.o
                0x10006110                rp2040_usb_init
 .text.hw_endpoint_xfer_start
                0x10006150       0x40 CMakeFiles/main.dir/home/anirudh/.pico-sdk/sdk/2.1.1/lib/tinyusb/src/portable/raspberrypi/rp2040/rp2040_usb.c.o
                0x10006150                hw_endpoint_xfer_start
 .text.tud_event_hook_cb
                0x10006190        0x4 CMakeFiles/main.dir/home/anirudh/.pico-sdk/sdk/2.1.1/lib/tinyusb/src/device/usbd.c.o
                0x10006190                tud_event_hook_cb
 .text.tud_sof_cb
                0x10006194        0x4 CMakeFiles/main.dir/home/anirudh/.pico-sdk/sdk/2.1.1/lib/tinyusb/src/device/usbd.c.o
                0x10006194                tud_sof_cb
 .text.tud_descriptor_device_qualifier_cb
                0x10006198        0x4 CMakeFiles/main.dir/home/anirudh/.pico-sdk/sdk/2.1.1/lib/tinyusb/src/device/usbd.c.o
                0x10006198                tud_descriptor_device_qualifier_cb
 .text.tud_descriptor_other_speed_configuration_cb
                0x1000619c        0x4 CMakeFiles/main.dir/home/anirudh/.pico-sdk/sdk/2.1.1/lib/tinyusb/src/device/usbd.c.o
                0x1000619c                tud_descriptor_other_speed_configuration_cb
 .text.tud_mount_cb
                0x100061a0        0x4 CMakeFiles/main.dir/home/anirudh/.pico-sdk/sdk/2.1.1/lib/tinyusb/src/device/usbd.c.o
                0x100061a0                tud_mount_cb
 .text.tud_umount_cb
                0x100061a4        0x4 CMakeFiles/main.dir/home/anirudh/.pico-sdk/sdk/2.1.1/lib/tinyusb/src/device/usbd.c.o
                0x100061a4                tud_umount_cb
 .text.tud_suspend_cb
                0x100061a8        0x4 CMakeFiles/main.dir/home/anirudh/.pico-sdk/sdk/2.1.1/lib/tinyusb/src/device/usbd.c.o
                0x100061a8                tud_suspend_cb
 .text.tud_resume_cb
                0x100061ac        0x4 CMakeFiles/main.dir/home/anirudh/.pico-sdk/sdk/2.1.1/lib/tinyusb/src/device/usbd.c.o
                0x100061ac                tud_resume_cb
 .text.tud_mounted
                0x100061b0       0x10 CMakeFiles/main.dir/home/anirudh/.pico-sdk/sdk/2.1.1/lib/tinyusb/src/device/usbd.c.o
                0x100061b0                tud_mounted
 .text.tud_suspended
                0x100061c0       0x10 CMakeFiles/main.dir/home/anirudh/.pico-sdk/sdk/2.1.1/lib/tinyusb/src/device/usbd.c.o
                0x100061c0                tud_suspended
 .text.tud_rhport_init
                0x100061d0       0xf4 CMakeFiles/main.dir/home/anirudh/.pico-sdk/sdk/2.1.1/lib/tinyusb/src/device/usbd.c.o
                0x100061d0                tud_rhport_init
 .text.tud_task_ext
                0x100062c4      0x800 CMakeFiles/main.dir/home/anirudh/.pico-sdk/sdk/2.1.1/lib/tinyusb/src/device/usbd.c.o
                0x100062c4                tud_task_ext
 .text.usbd_open_edpt_pair
                0x10006ac4       0x9c CMakeFiles/main.dir/home/anirudh/.pico-sdk/sdk/2.1.1/lib/tinyusb/src/device/usbd.c.o
                0x10006ac4                usbd_open_edpt_pair
 .text.usbd_edpt_open
                0x10006b60       0x34 CMakeFiles/main.dir/home/anirudh/.pico-sdk/sdk/2.1.1/lib/tinyusb/src/device/usbd.c.o
                0x10006b60                usbd_edpt_open
 .text.usbd_edpt_claim
                0x10006b94       0x28 CMakeFiles/main.dir/home/anirudh/.pico-sdk/sdk/2.1.1/lib/tinyusb/src/device/usbd.c.o
                0x10006b94                usbd_edpt_claim
 .text.usbd_edpt_release
                0x10006bbc       0x28 CMakeFiles/main.dir/home/anirudh/.pico-sdk/sdk/2.1.1/lib/tinyusb/src/device/usbd.c.o
                0x10006bbc                usbd_edpt_release
 .text.usbd_edpt_xfer
                0x10006be4       0x4c CMakeFiles/main.dir/home/anirudh/.pico-sdk/sdk/2.1.1/lib/tinyusb/src/device/usbd.c.o
                0x10006be4                usbd_edpt_xfer
 .text.tud_control_status
                0x10006c30       0x2c CMakeFiles/main.dir/home/anirudh/.pico-sdk/sdk/2.1.1/lib/tinyusb/src/device/usbd_control.c.o
                0x10006c30                tud_control_status
 .text.tud_control_xfer
                0x10006c5c       0xa8 CMakeFiles/main.dir/home/anirudh/.pico-sdk/sdk/2.1.1/lib/tinyusb/src/device/usbd_control.c.o
                0x10006c5c                tud_control_xfer
 .text.usbd_control_reset
                0x10006d04       0x14 CMakeFiles/main.dir/home/anirudh/.pico-sdk/sdk/2.1.1/lib/tinyusb/src/device/usbd_control.c.o
                0x10006d04                usbd_control_reset
 .text.usbd_control_set_complete_callback
                0x10006d18        0xc CMakeFiles/main.dir/home/anirudh/.pico-sdk/sdk/2.1.1/lib/tinyusb/src/device/usbd_control.c.o
                0x10006d18                usbd_control_set_complete_callback
 .text.usbd_control_set_request
                0x10006d24       0x1c CMakeFiles/main.dir/home/anirudh/.pico-sdk/sdk/2.1.1/lib/tinyusb/src/device/usbd_control.c.o
                0x10006d24                usbd_control_set_request
 .text.usbd_control_xfer_cb
                0x10006d40       0xec CMakeFiles/main.dir/home/anirudh/.pico-sdk/sdk/2.1.1/lib/tinyusb/src/device/usbd_control.c.o
                0x10006d40                usbd_control_xfer_cb
 .text._prep_out_transaction.isra.0
                0x10006e2c       0x6c CMakeFiles/main.dir/home/anirudh/.pico-sdk/sdk/2.1.1/lib/tinyusb/src/class/cdc/cdc_device.c.o
 .text.tud_cdc_n_connected
                0x10006e98       0x2c CMakeFiles/main.dir/home/anirudh/.pico-sdk/sdk/2.1.1/lib/tinyusb/src/class/cdc/cdc_device.c.o
                0x10006e98                tud_cdc_n_connected
 .text.tud_cdc_n_available
                0x10006ec4       0x14 CMakeFiles/main.dir/home/anirudh/.pico-sdk/sdk/2.1.1/lib/tinyusb/src/class/cdc/cdc_device.c.o
                0x10006ec4                tud_cdc_n_available
 .text.tud_cdc_n_read
                0x10006ed8       0x88 CMakeFiles/main.dir/home/anirudh/.pico-sdk/sdk/2.1.1/lib/tinyusb/src/class/cdc/cdc_device.c.o
                0x10006ed8                tud_cdc_n_read
 .text.tud_cdc_n_write_flush
                0x10006f60       0x74 CMakeFiles/main.dir/home/anirudh/.pico-sdk/sdk/2.1.1/lib/tinyusb/src/class/cdc/cdc_device.c.o
                0x10006f60                tud_cdc_n_write_flush
 .text.tud_cdc_n_write
                0x10006fd4       0x40 CMakeFiles/main.dir/home/anirudh/.pico-sdk/sdk/2.1.1/lib/tinyusb/src/class/cdc/cdc_device.c.o
                0x10006fd4                tud_cdc_n_write
 .text.tud_cdc_n_write_available
                0x10007014       0x14 CMakeFiles/main.dir/home/anirudh/.pico-sdk/sdk/2.1.1/lib/tinyusb/src/class/cdc/cdc_device.c.o
                0x10007014                tud_cdc_n_write_available
 .text.tud_cdc_n_write_clear
                0x10007028       0x14 CMakeFiles/main.dir/home/anirudh/.pico-sdk/sdk/2.1.1/lib/tinyusb/src/class/cdc/cdc_device.c.o
                0x10007028                tud_cdc_n_write_clear
 .text.cdcd_init
                0x1000703c       0x70 CMakeFiles/main.dir/home/anirudh/.pico-sdk/sdk/2.1.1/lib/tinyusb/src/class/cdc/cdc_device.c.o
                0x1000703c                cdcd_init
 .text.cdcd_deinit
                0x100070ac       0x30 CMakeFiles/main.dir/home/anirudh/.pico-sdk/sdk/2.1.1/lib/tinyusb/src/class/cdc/cdc_device.c.o
                0x100070ac                cdcd_deinit
 .text.cdcd_reset
                0x100070dc       0x4c CMakeFiles/main.dir/home/anirudh/.pico-sdk/sdk/2.1.1/lib/tinyusb/src/class/cdc/cdc_device.c.o
                0x100070dc                cdcd_reset
 .text.cdcd_open
                0x10007128       0xa4 CMakeFiles/main.dir/home/anirudh/.pico-sdk/sdk/2.1.1/lib/tinyusb/src/class/cdc/cdc_device.c.o
                0x10007128                cdcd_open
 .text.cdcd_control_xfer_cb
                0x100071cc       0xe8 CMakeFiles/main.dir/home/anirudh/.pico-sdk/sdk/2.1.1/lib/tinyusb/src/class/cdc/cdc_device.c.o
                0x100071cc                cdcd_control_xfer_cb
 .text.cdcd_xfer_cb
                0x100072b4      0x100 CMakeFiles/main.dir/home/anirudh/.pico-sdk/sdk/2.1.1/lib/tinyusb/src/class/cdc/cdc_device.c.o
                0x100072b4                cdcd_xfer_cb
 .text.vendord_init
                0x100073b4       0x5c CMakeFiles/main.dir/home/anirudh/.pico-sdk/sdk/2.1.1/lib/tinyusb/src/class/vendor/vendor_device.c.o
                0x100073b4                vendord_init
 .text.vendord_deinit
                0x10007410       0x1c CMakeFiles/main.dir/home/anirudh/.pico-sdk/sdk/2.1.1/lib/tinyusb/src/class/vendor/vendor_device.c.o
                0x10007410                vendord_deinit
 .text.vendord_reset
                0x1000742c       0x28 CMakeFiles/main.dir/home/anirudh/.pico-sdk/sdk/2.1.1/lib/tinyusb/src/class/vendor/vendor_device.c.o
                0x1000742c                vendord_reset
 .text.vendord_open
                0x10007454      0x120 CMakeFiles/main.dir/home/anirudh/.pico-sdk/sdk/2.1.1/lib/tinyusb/src/class/vendor/vendor_device.c.o
                0x10007454                vendord_open
 .text.vendord_xfer_cb
                0x10007574       0x9c CMakeFiles/main.dir/home/anirudh/.pico-sdk/sdk/2.1.1/lib/tinyusb/src/class/vendor/vendor_device.c.o
                0x10007574                vendord_xfer_cb
 .text.tusb_rhport_init
                0x10007610       0x4c CMakeFiles/main.dir/home/anirudh/.pico-sdk/sdk/2.1.1/lib/tinyusb/src/tusb.c.o
                0x10007610                tusb_rhport_init
 .text.tu_edpt_claim
                0x1000765c       0x50 CMakeFiles/main.dir/home/anirudh/.pico-sdk/sdk/2.1.1/lib/tinyusb/src/tusb.c.o
                0x1000765c                tu_edpt_claim
 .text.tu_edpt_release
                0x100076ac       0x38 CMakeFiles/main.dir/home/anirudh/.pico-sdk/sdk/2.1.1/lib/tinyusb/src/tusb.c.o
                0x100076ac                tu_edpt_release
 .text.tu_edpt_validate
                0x100076e4       0x7c CMakeFiles/main.dir/home/anirudh/.pico-sdk/sdk/2.1.1/lib/tinyusb/src/tusb.c.o
                0x100076e4                tu_edpt_validate
 .text.tu_edpt_bind_driver
                0x10007760       0x34 CMakeFiles/main.dir/home/anirudh/.pico-sdk/sdk/2.1.1/lib/tinyusb/src/tusb.c.o
                0x10007760                tu_edpt_bind_driver
 .text.tu_edpt_stream_init
                0x10007794       0x6c CMakeFiles/main.dir/home/anirudh/.pico-sdk/sdk/2.1.1/lib/tinyusb/src/tusb.c.o
                0x10007794                tu_edpt_stream_init
 .text.tu_edpt_stream_deinit
                0x10007800        0x4 CMakeFiles/main.dir/home/anirudh/.pico-sdk/sdk/2.1.1/lib/tinyusb/src/tusb.c.o
                0x10007800                tu_edpt_stream_deinit
 .text.tu_edpt_stream_write_zlp_if_needed
                0x10007804       0x68 CMakeFiles/main.dir/home/anirudh/.pico-sdk/sdk/2.1.1/lib/tinyusb/src/tusb.c.o
                0x10007804                tu_edpt_stream_write_zlp_if_needed
 .text.tu_edpt_stream_write_xfer
                0x1000786c       0x68 CMakeFiles/main.dir/home/anirudh/.pico-sdk/sdk/2.1.1/lib/tinyusb/src/tusb.c.o
                0x1000786c                tu_edpt_stream_write_xfer
 .text.tu_edpt_stream_read_xfer
                0x100078d4       0xd8 CMakeFiles/main.dir/home/anirudh/.pico-sdk/sdk/2.1.1/lib/tinyusb/src/tusb.c.o
                0x100078d4                tu_edpt_stream_read_xfer
 .text.tu_fifo_config
                0x100079ac       0x6c CMakeFiles/main.dir/home/anirudh/.pico-sdk/sdk/2.1.1/lib/tinyusb/src/common/tusb_fifo.c.o
                0x100079ac                tu_fifo_config
 .text.tu_fifo_count
                0x10007a18       0x2c CMakeFiles/main.dir/home/anirudh/.pico-sdk/sdk/2.1.1/lib/tinyusb/src/common/tusb_fifo.c.o
                0x10007a18                tu_fifo_count
 .text.tu_fifo_empty
                0x10007a44       0x10 CMakeFiles/main.dir/home/anirudh/.pico-sdk/sdk/2.1.1/lib/tinyusb/src/common/tusb_fifo.c.o
                0x10007a44                tu_fifo_empty
 .text.tu_fifo_remaining
                0x10007a54       0x2c CMakeFiles/main.dir/home/anirudh/.pico-sdk/sdk/2.1.1/lib/tinyusb/src/common/tusb_fifo.c.o
                0x10007a54                tu_fifo_remaining
 .text.tu_fifo_read
                0x10007a80       0x9c CMakeFiles/main.dir/home/anirudh/.pico-sdk/sdk/2.1.1/lib/tinyusb/src/common/tusb_fifo.c.o
                0x10007a80                tu_fifo_read
 .text.tu_fifo_read_n
                0x10007b1c       0xe8 CMakeFiles/main.dir/home/anirudh/.pico-sdk/sdk/2.1.1/lib/tinyusb/src/common/tusb_fifo.c.o
                0x10007b1c                tu_fifo_read_n
 .text.tu_fifo_write
                0x10007c04       0xa4 CMakeFiles/main.dir/home/anirudh/.pico-sdk/sdk/2.1.1/lib/tinyusb/src/common/tusb_fifo.c.o
                0x10007c04                tu_fifo_write
 .text.tu_fifo_write_n
                0x10007ca8      0x178 CMakeFiles/main.dir/home/anirudh/.pico-sdk/sdk/2.1.1/lib/tinyusb/src/common/tusb_fifo.c.o
                0x10007ca8                tu_fifo_write_n
 .text.tu_fifo_clear
                0x10007e20       0x40 CMakeFiles/main.dir/home/anirudh/.pico-sdk/sdk/2.1.1/lib/tinyusb/src/common/tusb_fifo.c.o
                0x10007e20                tu_fifo_clear
 .text.tu_fifo_set_overwritable
                0x10007e60       0x48 CMakeFiles/main.dir/home/anirudh/.pico-sdk/sdk/2.1.1/lib/tinyusb/src/common/tusb_fifo.c.o
                0x10007e60                tu_fifo_set_overwritable
 .text.i2c_read_blocking_internal.constprop.0
                0x10007ea8       0x98 CMakeFiles/main.dir/home/anirudh/.pico-sdk/sdk/2.1.1/src/rp2_common/hardware_i2c/i2c.c.o
 .text.i2c_write_blocking_internal.constprop.0
                0x10007f40       0xf8 CMakeFiles/main.dir/home/anirudh/.pico-sdk/sdk/2.1.1/src/rp2_common/hardware_i2c/i2c.c.o
 .text.i2c_set_baudrate
                0x10008038       0xc0 CMakeFiles/main.dir/home/anirudh/.pico-sdk/sdk/2.1.1/src/rp2_common/hardware_i2c/i2c.c.o
                0x10008038                i2c_set_baudrate
 .text.i2c_init
                0x100080f8       0x50 CMakeFiles/main.dir/home/anirudh/.pico-sdk/sdk/2.1.1/src/rp2_common/hardware_i2c/i2c.c.o
                0x100080f8                i2c_init
 .text.i2c_write_blocking
                0x10008148       0x14 CMakeFiles/main.dir/home/anirudh/.pico-sdk/sdk/2.1.1/src/rp2_common/hardware_i2c/i2c.c.o
                0x10008148                i2c_write_blocking
 .text.i2c_read_blocking
                0x1000815c       0x14 CMakeFiles/main.dir/home/anirudh/.pico-sdk/sdk/2.1.1/src/rp2_common/hardware_i2c/i2c.c.o
                0x1000815c                i2c_read_blocking
 .text.strlen   0x10008170       0x5c /home/anirudh/.pico-sdk/toolchain/14_2_Rel1/bin/../lib/gcc/arm-none-eabi/14.2.1/../../../../arm-none-eabi/lib/thumb/v6-m/nofp/libg.a(libc_a-strlen-stub.o)
                0x10008170                strlen
 *(.fini)
 .fini          0x100081cc        0x4 /home/anirudh/.pico-sdk/toolchain/14_2_Rel1/bin/../lib/gcc/arm-none-eabi/14.2.1/thumb/v6-m/nofp/crti.o
                0x100081cc                _fini
 .fini.__stub   0x100081d0       0xc0 linker stubs
 *crtbegin.o(.ctors)
 *crtbegin?.o(.ctors)
 *(EXCLUDE_FILE(*crtend.o *crtend?.o) .ctors)
 *(SORT_BY_NAME(.ctors.*))
 *(.ctors)
 *crtbegin.o(.dtors)
 *crtbegin?.o(.dtors)
 *(EXCLUDE_FILE(*crtend.o *crtend?.o) .dtors)
 *(SORT_BY_NAME(.dtors.*))
 *(.dtors)
                0x10008290                        . = ALIGN (0x4)
                0x10008290                        PROVIDE (__preinit_array_start = .)
 *(SORT_BY_NAME(.preinit_array.*))
 .preinit_array.00100
                0x10008290        0x4 CMakeFiles/main.dir/home/anirudh/.pico-sdk/sdk/2.1.1/src/rp2_common/pico_runtime_init/runtime_init.c.o
                0x10008290                __pre_init_runtime_init_early_resets
 .preinit_array.00101
                0x10008294        0x4 CMakeFiles/main.dir/home/anirudh/.pico-sdk/sdk/2.1.1/src/rp2_common/pico_runtime_init/runtime_init.c.o
                0x10008294                __pre_init_runtime_init_usb_power_down
 .preinit_array.00275
                0x10008298        0x4 CMakeFiles/main.dir/home/anirudh/.pico-sdk/sdk/2.1.1/src/rp2_common/pico_bit_ops/bit_ops_aeabi.S.o
 .preinit_array.00300
                0x1000829c        0x4 CMakeFiles/main.dir/home/anirudh/.pico-sdk/sdk/2.1.1/src/rp2_common/pico_mem_ops/mem_ops_aeabi.S.o
 .preinit_array.00350
                0x100082a0        0x4 CMakeFiles/main.dir/home/anirudh/.pico-sdk/sdk/2.1.1/src/rp2_common/pico_double/double_aeabi_rp2040.S.o
 .preinit_array.00350
                0x100082a4        0x4 CMakeFiles/main.dir/home/anirudh/.pico-sdk/sdk/2.1.1/src/rp2_common/pico_float/float_aeabi_rp2040.S.o
 .preinit_array.00500
                0x100082a8        0x4 CMakeFiles/main.dir/home/anirudh/.pico-sdk/sdk/2.1.1/src/rp2_common/pico_runtime_init/runtime_init.c.o
                0x100082a8                __pre_init_runtime_init_clocks
 .preinit_array.00600
                0x100082ac        0x4 CMakeFiles/main.dir/home/anirudh/.pico-sdk/sdk/2.1.1/src/rp2_common/pico_runtime_init/runtime_init.c.o
                0x100082ac                __pre_init_runtime_init_post_clock_resets
 .preinit_array.00700
                0x100082b0        0x4 CMakeFiles/main.dir/home/anirudh/.pico-sdk/sdk/2.1.1/src/rp2_common/pico_runtime_init/runtime_init.c.o
                0x100082b0                __pre_init_runtime_init_rp2040_gpio_ie_disable
 .preinit_array.01000
                0x100082b4        0x4 CMakeFiles/main.dir/home/anirudh/.pico-sdk/sdk/2.1.1/src/rp2_common/pico_runtime_init/runtime_init.c.o
                0x100082b4                __pre_init_runtime_init_spin_locks_reset
 .preinit_array.01100
                0x100082b8        0x4 CMakeFiles/main.dir/home/anirudh/.pico-sdk/sdk/2.1.1/src/common/pico_sync/mutex.c.o
                0x100082b8                __pre_init_runtime_init_mutex
 .preinit_array.10080
                0x100082bc        0x4 CMakeFiles/main.dir/home/anirudh/.pico-sdk/sdk/2.1.1/src/rp2_common/pico_runtime_init/runtime_init.c.o
                0x100082bc                __pre_init_runtime_init_install_ram_vector_table
 .preinit_array.11000
                0x100082c0        0x4 CMakeFiles/main.dir/home/anirudh/.pico-sdk/sdk/2.1.1/src/common/pico_time/time.c.o
                0x100082c0                __pre_init_runtime_init_default_alarm_pool
 .preinit_array.YYYYY
                0x100082c4        0x4 CMakeFiles/main.dir/home/anirudh/.pico-sdk/sdk/2.1.1/src/rp2_common/pico_runtime/runtime.c.o
                0x100082c4                __pre_init_first_per_core_initializer
 .preinit_array.ZZZZZ.01200
                0x100082c8        0x4 CMakeFiles/main.dir/home/anirudh/.pico-sdk/sdk/2.1.1/src/rp2_common/hardware_irq/irq.c.o
                0x100082c8                __pre_init_runtime_init_per_core_irq_priorities
 *(.preinit_array)
                0x100082cc                        PROVIDE (__preinit_array_end = .)
                0x100082cc                        . = ALIGN (0x4)
                0x100082cc                        PROVIDE (__init_array_start = .)
 *(SORT_BY_NAME(.init_array.*))
 *(.init_array)
 .init_array    0x100082cc        0x4 /home/anirudh/.pico-sdk/toolchain/14_2_Rel1/bin/../lib/gcc/arm-none-eabi/14.2.1/thumb/v6-m/nofp/crtbegin.o
 .init_array    0x100082d0        0x4 CMakeFiles/main.dir/home/anirudh/.pico-sdk/sdk/2.1.1/src/rp2_common/pico_unique_id/unique_id.c.o
                0x100082d4                        PROVIDE (__init_array_end = .)
                0x100082d4                        . = ALIGN (0x4)
                [!provide]                        PROVIDE (__fini_array_start = .)
 *(SORT_BY_NAME(.fini_array.*))
 *(.fini_array)
                [!provide]                        PROVIDE (__fini_array_end = .)
 *(.eh_frame*)
 .eh_frame      0x100082d4        0x0 /home/anirudh/.pico-sdk/toolchain/14_2_Rel1/bin/../lib/gcc/arm-none-eabi/14.2.1/thumb/v6-m/nofp/crtbegin.o
                0x100082d4                        . = ALIGN (0x4)

.glue_7         0x100082d4        0x0
 .glue_7        0x100082d4        0x0 linker stubs

.glue_7t        0x100082d4        0x0
 .glue_7t       0x100082d4        0x0 linker stubs

.vfp11_veneer   0x100082d4        0x0
 .vfp11_veneer  0x100082d4        0x0 linker stubs

.v4_bx          0x100082d4        0x0
 .v4_bx         0x100082d4        0x0 linker stubs

.iplt           0x100082d4        0x0
 .iplt          0x100082d4        0x0 /home/anirudh/.pico-sdk/toolchain/14_2_Rel1/bin/../lib/gcc/arm-none-eabi/14.2.1/thumb/v6-m/nofp/crtbegin.o

.rodata         0x100082d8      0x98c
 *(EXCLUDE_FILE(*libm.a: *libc.a:*lib_a-mem*.o *libgcc.a:) .rodata*)
 .rodata.sendUSBMessage.str1.4
                0x100082d8      0x4d8 CMakeFiles/main.dir/main.c.o
                                 0x13 (size before relaxing)
 .rodata.readUSBBuffer.str1.4
                0x100087b0      0x16e CMakeFiles/main.dir/main.c.o
 .rodata.accel_init.str1.4
                0x100087b0       0x28 CMakeFiles/main.dir/main.c.o
 .rodata.finish_init.str1.4
                0x100087b0       0x2a CMakeFiles/main.dir/main.c.o
 .rodata.main.str1.4
                0x100087b0      0x18e CMakeFiles/main.dir/main.c.o
 .rodata.panic.str1.4
                0x100087b0       0x12 CMakeFiles/main.dir/home/anirudh/.pico-sdk/sdk/2.1.1/src/rp2_common/pico_platform_panic/panic.c.o
 .rodata.spin_lock_claim_unused.str1.4
                0x100087b0       0x1b CMakeFiles/main.dir/home/anirudh/.pico-sdk/sdk/2.1.1/src/rp2_common/hardware_sync/sync.c.o
 .rodata.user_irq_claim_unused.str1.4
                0x100087b0       0x1b CMakeFiles/main.dir/home/anirudh/.pico-sdk/sdk/2.1.1/src/rp2_common/hardware_irq/irq.c.o
 .rodata.timer_hardware_alarm_claim.str1.4
                0x100087b0       0x22 CMakeFiles/main.dir/home/anirudh/.pico-sdk/sdk/2.1.1/src/rp2_common/hardware_timer/timer.c.o
 .rodata.hard_assertion_failure.str1.4
                0x100087b0        0xc CMakeFiles/main.dir/home/anirudh/.pico-sdk/sdk/2.1.1/src/rp2_common/pico_runtime/runtime.c.o
 .rodata.str1.4
                0x100087b0       0x40 CMakeFiles/main.dir/home/anirudh/.pico-sdk/sdk/2.1.1/src/rp2_common/pico_standard_binary_info/standard_binary_info.c.o
 .rodata.__bi_84
                0x100087b0        0xc CMakeFiles/main.dir/home/anirudh/.pico-sdk/sdk/2.1.1/src/rp2_common/pico_standard_binary_info/standard_binary_info.c.o
 .rodata.__bi_78
                0x100087bc        0xc CMakeFiles/main.dir/home/anirudh/.pico-sdk/sdk/2.1.1/src/rp2_common/pico_standard_binary_info/standard_binary_info.c.o
 .rodata.__bi_60
                0x100087c8        0xc CMakeFiles/main.dir/home/anirudh/.pico-sdk/sdk/2.1.1/src/rp2_common/pico_standard_binary_info/standard_binary_info.c.o
 .rodata.__bi_54
                0x100087d4        0xc CMakeFiles/main.dir/home/anirudh/.pico-sdk/sdk/2.1.1/src/rp2_common/pico_standard_binary_info/standard_binary_info.c.o
 .rodata.__bi_48
                0x100087e0        0xc CMakeFiles/main.dir/home/anirudh/.pico-sdk/sdk/2.1.1/src/rp2_common/pico_standard_binary_info/standard_binary_info.c.o
 .rodata.__bi_42
                0x100087ec        0xc CMakeFiles/main.dir/home/anirudh/.pico-sdk/sdk/2.1.1/src/rp2_common/pico_standard_binary_info/standard_binary_info.c.o
 .rodata.__bi_34
                0x100087f8        0xc CMakeFiles/main.dir/home/anirudh/.pico-sdk/sdk/2.1.1/src/rp2_common/pico_standard_binary_info/standard_binary_info.c.o
 .rodata.__bi_26
                0x10008804        0xc CMakeFiles/main.dir/home/anirudh/.pico-sdk/sdk/2.1.1/src/rp2_common/pico_standard_binary_info/standard_binary_info.c.o
 .rodata._ftoa.str1.4
                0x10008810       0x15 CMakeFiles/main.dir/home/anirudh/.pico-sdk/sdk/2.1.1/src/rp2_common/pico_printf/printf.c.o
 .rodata._vsnprintf
                0x10008810      0x19c CMakeFiles/main.dir/home/anirudh/.pico-sdk/sdk/2.1.1/src/rp2_common/pico_printf/printf.c.o
 *fill*         0x100089ac        0x4 
 .rodata.pow10.0
                0x100089b0       0x50 CMakeFiles/main.dir/home/anirudh/.pico-sdk/sdk/2.1.1/src/rp2_common/pico_printf/printf.c.o
 .rodata.crlf_str.0
                0x10008a00        0x2 CMakeFiles/main.dir/home/anirudh/.pico-sdk/sdk/2.1.1/src/rp2_common/pico_stdio/stdio.c.o
 *fill*         0x10008a02        0x2 
 .rodata._resetd_driver
                0x10008a04       0x20 CMakeFiles/main.dir/home/anirudh/.pico-sdk/sdk/2.1.1/src/rp2_common/pico_stdio_usb/reset_interface.c.o
 .rodata.desc_ms_os_20
                0x10008a24       0xa6 CMakeFiles/main.dir/home/anirudh/.pico-sdk/sdk/2.1.1/src/rp2_common/pico_stdio_usb/reset_interface.c.o
 *fill*         0x10008aca        0x2 
 .rodata.desc_bos
                0x10008acc       0x21 CMakeFiles/main.dir/home/anirudh/.pico-sdk/sdk/2.1.1/src/rp2_common/pico_stdio_usb/reset_interface.c.o
                0x10008acc                desc_bos
 .rodata.str1.4
                0x10008aed       0x13 CMakeFiles/main.dir/home/anirudh/.pico-sdk/sdk/2.1.1/src/rp2_common/pico_stdio_usb/stdio_usb.c.o
 *fill*         0x10008aed        0x3 
 .rodata.__bi_197.0
                0x10008af0        0xc CMakeFiles/main.dir/home/anirudh/.pico-sdk/sdk/2.1.1/src/rp2_common/pico_stdio_usb/stdio_usb.c.o
 .rodata.str1.4
                0x10008afc       0x2a CMakeFiles/main.dir/home/anirudh/.pico-sdk/sdk/2.1.1/src/rp2_common/pico_stdio_usb/stdio_usb_descriptors.c.o
 .rodata.usbd_desc_str
                0x10008afc       0x18 CMakeFiles/main.dir/home/anirudh/.pico-sdk/sdk/2.1.1/src/rp2_common/pico_stdio_usb/stdio_usb_descriptors.c.o
 .rodata.usbd_desc_cfg
                0x10008b14       0x54 CMakeFiles/main.dir/home/anirudh/.pico-sdk/sdk/2.1.1/src/rp2_common/pico_stdio_usb/stdio_usb_descriptors.c.o
 .rodata.usbd_desc_device
                0x10008b68       0x12 CMakeFiles/main.dir/home/anirudh/.pico-sdk/sdk/2.1.1/src/rp2_common/pico_stdio_usb/stdio_usb_descriptors.c.o
 .rodata.str1.4
                0x10008b7a       0x14 CMakeFiles/main.dir/home/anirudh/.pico-sdk/sdk/2.1.1/lib/tinyusb/src/portable/raspberrypi/rp2040/dcd_rp2040.c.o
 .rodata.str1.4
                0x10008b7a       0x48 CMakeFiles/main.dir/home/anirudh/.pico-sdk/sdk/2.1.1/lib/tinyusb/src/portable/raspberrypi/rp2040/rp2040_usb.c.o
 *fill*         0x10008b7a        0x2 
 .rodata.tud_task_ext
                0x10008b7c       0x8c CMakeFiles/main.dir/home/anirudh/.pico-sdk/sdk/2.1.1/lib/tinyusb/src/device/usbd.c.o
 .rodata        0x10008c08       0x1c CMakeFiles/main.dir/home/anirudh/.pico-sdk/sdk/2.1.1/lib/tinyusb/src/device/usbd.c.o
 .rodata._usbd_driver
                0x10008c24       0x40 CMakeFiles/main.dir/home/anirudh/.pico-sdk/sdk/2.1.1/lib/tinyusb/src/device/usbd.c.o
                0x10008c64                        . = ALIGN (0x4)
 *(SORT_BY_ALIGNMENT(SORT_BY_NAME(.flashdata*)))
                0x10008c64                        . = ALIGN (0x4)

.ARM.extab
 *(.ARM.extab* .gnu.linkonce.armextab.*)
                0x10008c64                        __exidx_start = .

.ARM.exidx
 *(.ARM.exidx* .gnu.linkonce.armexidx.*)
                0x10008c64                        __exidx_end = .
                0x10008c64                        . = ALIGN (0x4)
                0x10008c64                        __binary_info_start = .

.binary_info    0x10008c64       0x24
 *(.binary_info.keep.*)
 .binary_info.keep.__bi_ptr84
                0x10008c64        0x4 CMakeFiles/main.dir/home/anirudh/.pico-sdk/sdk/2.1.1/src/rp2_common/pico_standard_binary_info/standard_binary_info.c.o
 .binary_info.keep.__bi_ptr78
                0x10008c68        0x4 CMakeFiles/main.dir/home/anirudh/.pico-sdk/sdk/2.1.1/src/rp2_common/pico_standard_binary_info/standard_binary_info.c.o
 .binary_info.keep.__bi_ptr60
                0x10008c6c        0x4 CMakeFiles/main.dir/home/anirudh/.pico-sdk/sdk/2.1.1/src/rp2_common/pico_standard_binary_info/standard_binary_info.c.o
 .binary_info.keep.__bi_ptr54
                0x10008c70        0x4 CMakeFiles/main.dir/home/anirudh/.pico-sdk/sdk/2.1.1/src/rp2_common/pico_standard_binary_info/standard_binary_info.c.o
 .binary_info.keep.__bi_ptr48
                0x10008c74        0x4 CMakeFiles/main.dir/home/anirudh/.pico-sdk/sdk/2.1.1/src/rp2_common/pico_standard_binary_info/standard_binary_info.c.o
 .binary_info.keep.__bi_ptr42
                0x10008c78        0x4 CMakeFiles/main.dir/home/anirudh/.pico-sdk/sdk/2.1.1/src/rp2_common/pico_standard_binary_info/standard_binary_info.c.o
 .binary_info.keep.__bi_ptr34
                0x10008c7c        0x4 CMakeFiles/main.dir/home/anirudh/.pico-sdk/sdk/2.1.1/src/rp2_common/pico_standard_binary_info/standard_binary_info.c.o
 .binary_info.keep.__bi_ptr26
                0x10008c80        0x4 CMakeFiles/main.dir/home/anirudh/.pico-sdk/sdk/2.1.1/src/rp2_common/pico_standard_binary_info/standard_binary_info.c.o
 *(.binary_info.*)
 .binary_info.__bi_ptr197
                0x10008c84        0x4 CMakeFiles/main.dir/home/anirudh/.pico-sdk/sdk/2.1.1/src/rp2_common/pico_stdio_usb/stdio_usb.c.o
                0x10008c88                        __binary_info_end = .

.rel.dyn        0x10008c88        0x0
 .rel.iplt      0x10008c88        0x0 /home/anirudh/.pico-sdk/toolchain/14_2_Rel1/bin/../lib/gcc/arm-none-eabi/14.2.1/thumb/v6-m/nofp/crtbegin.o
                0x10008c88                        . = ALIGN (0x4)

.ram_vector_table
                0x20000000       0xc0
 *(.ram_vector_table)
 .ram_vector_table
                0x20000000       0xc0 CMakeFiles/main.dir/home/anirudh/.pico-sdk/sdk/2.1.1/src/rp2_common/pico_runtime_init/runtime_init.c.o
                0x20000000                ram_vector_table

.uninitialized_data
                0x200000c0        0x0
                0x200000c0                        . = ALIGN (0x4)
 *(.uninitialized_data*)

.data           0x200000c0      0xfb8 load address 0x10008c88
                0x200000c0                        __data_start__ = .
 *(vtable)
 *(.time_critical*)
 .time_critical.mutex_try_enter
                0x200000c0       0x40 CMakeFiles/main.dir/home/anirudh/.pico-sdk/sdk/2.1.1/src/common/pico_sync/mutex.c.o
                0x200000c0                mutex_try_enter
 .time_critical.mutex_try_enter_block_until
                0x20000100       0x98 CMakeFiles/main.dir/home/anirudh/.pico-sdk/sdk/2.1.1/src/common/pico_sync/mutex.c.o
                0x20000100                mutex_try_enter_block_until
 .time_critical.mutex_enter_timeout_ms
                0x20000198       0x8c CMakeFiles/main.dir/home/anirudh/.pico-sdk/sdk/2.1.1/src/common/pico_sync/mutex.c.o
                0x20000198                mutex_enter_timeout_ms
 .time_critical.mutex_exit
                0x20000224       0x28 CMakeFiles/main.dir/home/anirudh/.pico-sdk/sdk/2.1.1/src/common/pico_sync/mutex.c.o
                0x20000224                mutex_exit
 .time_critical.flash_init_boot2_copyout
                0x2000024c       0x30 CMakeFiles/main.dir/home/anirudh/.pico-sdk/sdk/2.1.1/src/rp2_common/hardware_flash/flash.c.o
 .time_critical.flash_enable_xip_via_boot2
                0x2000027c        0xc CMakeFiles/main.dir/home/anirudh/.pico-sdk/sdk/2.1.1/src/rp2_common/hardware_flash/flash.c.o
 .time_critical.flash_cs_force
                0x20000288       0x38 CMakeFiles/main.dir/home/anirudh/.pico-sdk/sdk/2.1.1/src/rp2_common/hardware_flash/flash.c.o
 .time_critical.flash_do_cmd
                0x200002c0      0x130 CMakeFiles/main.dir/home/anirudh/.pico-sdk/sdk/2.1.1/src/rp2_common/hardware_flash/flash.c.o
                0x200002c0                flash_do_cmd
 .time_critical.reset_non_control_endpoints
                0x200003f0       0x68 CMakeFiles/main.dir/home/anirudh/.pico-sdk/sdk/2.1.1/lib/tinyusb/src/portable/raspberrypi/rp2040/dcd_rp2040.c.o
 .time_critical.hw_handle_buff_status
                0x20000458       0xa0 CMakeFiles/main.dir/home/anirudh/.pico-sdk/sdk/2.1.1/lib/tinyusb/src/portable/raspberrypi/rp2040/dcd_rp2040.c.o
 .time_critical.dcd_rp2040_irq
                0x200004f8      0x548 CMakeFiles/main.dir/home/anirudh/.pico-sdk/sdk/2.1.1/lib/tinyusb/src/portable/raspberrypi/rp2040/dcd_rp2040.c.o
 .time_critical.prepare_ep_buffer
                0x20000a40       0xc8 CMakeFiles/main.dir/home/anirudh/.pico-sdk/sdk/2.1.1/lib/tinyusb/src/portable/raspberrypi/rp2040/rp2040_usb.c.o
 .time_critical.sync_ep_buffer
                0x20000b08       0x9c CMakeFiles/main.dir/home/anirudh/.pico-sdk/sdk/2.1.1/lib/tinyusb/src/portable/raspberrypi/rp2040/rp2040_usb.c.o
 .time_critical._hw_endpoint_xfer_sync
                0x20000ba4       0x28 CMakeFiles/main.dir/home/anirudh/.pico-sdk/sdk/2.1.1/lib/tinyusb/src/portable/raspberrypi/rp2040/rp2040_usb.c.o
 .time_critical.e15_is_bulkin_ep
                0x20000bcc       0x28 CMakeFiles/main.dir/home/anirudh/.pico-sdk/sdk/2.1.1/lib/tinyusb/src/portable/raspberrypi/rp2040/rp2040_usb.c.o
 .time_critical.e15_is_critical_frame_period
                0x20000bf4       0x34 CMakeFiles/main.dir/home/anirudh/.pico-sdk/sdk/2.1.1/lib/tinyusb/src/portable/raspberrypi/rp2040/rp2040_usb.c.o
 .time_critical.hw_endpoint_reset_transfer
                0x20000c28        0xc CMakeFiles/main.dir/home/anirudh/.pico-sdk/sdk/2.1.1/lib/tinyusb/src/portable/raspberrypi/rp2040/rp2040_usb.c.o
                0x20000c28                hw_endpoint_reset_transfer
 .time_critical._hw_endpoint_buffer_control_update32
                0x20000c34       0x50 CMakeFiles/main.dir/home/anirudh/.pico-sdk/sdk/2.1.1/lib/tinyusb/src/portable/raspberrypi/rp2040/rp2040_usb.c.o
                0x20000c34                _hw_endpoint_buffer_control_update32
 .time_critical.hw_endpoint_start_next_buffer
                0x20000c84       0x68 CMakeFiles/main.dir/home/anirudh/.pico-sdk/sdk/2.1.1/lib/tinyusb/src/portable/raspberrypi/rp2040/rp2040_usb.c.o
                0x20000c84                hw_endpoint_start_next_buffer
 .time_critical.hw_endpoint_xfer_continue
                0x20000cec       0x40 CMakeFiles/main.dir/home/anirudh/.pico-sdk/sdk/2.1.1/lib/tinyusb/src/portable/raspberrypi/rp2040/rp2040_usb.c.o
                0x20000cec                hw_endpoint_xfer_continue
 .time_critical.tinyusb
                0x20000d2c      0x1e4 CMakeFiles/main.dir/home/anirudh/.pico-sdk/sdk/2.1.1/lib/tinyusb/src/device/usbd.c.o
                0x20000d2c                dcd_event_handler
 *(.text*)
 .text          0x20000f10        0x4 /home/anirudh/.pico-sdk/toolchain/14_2_Rel1/bin/../lib/gcc/arm-none-eabi/14.2.1/thumb/v6-m/nofp/libgcc.a(_dvmd_tls.o)
                0x20000f10                __aeabi_ldiv0
                0x20000f10                __aeabi_idiv0
 *fill*         0x20000f14        0x4 
 .text.__stub   0x20000f18       0x80 linker stubs
                0x20000f98                        . = ALIGN (0x4)
 *(.rodata*)
                0x20000f98                        . = ALIGN (0x4)
 *(.data*)
 .data.log_value_4
                0x20000f98        0x1 CMakeFiles/main.dir/main.c.o
                0x20000f98                log_value_4
 .data.log_value_3
                0x20000f99        0x1 CMakeFiles/main.dir/main.c.o
                0x20000f99                log_value_3
 .data.log_value_2
                0x20000f9a        0x1 CMakeFiles/main.dir/main.c.o
                0x20000f9a                log_value_2
 .data.log_value_1
                0x20000f9b        0x1 CMakeFiles/main.dir/main.c.o
                0x20000f9b                log_value_1
 .data.gyro_addr
                0x20000f9c        0x1 CMakeFiles/main.dir/main.c.o
                0x20000f9c                gyro_addr
 .data.val      0x20000f9d        0x1 CMakeFiles/main.dir/main.c.o
                0x20000f9d                val
 .data.skip_checksum
                0x20000f9e        0x1 CMakeFiles/main.dir/main.c.o
                0x20000f9e                skip_checksum
 *fill*         0x20000f9f        0x1 
 .data.dirn     0x20000fa0        0x4 CMakeFiles/main.dir/main.c.o
                0x20000fa0                dirn
 .data.striped_spin_lock_num
                0x20000fa4        0x1 CMakeFiles/main.dir/home/anirudh/.pico-sdk/sdk/2.1.1/src/rp2_common/hardware_sync/sync.c.o
 *fill*         0x20000fa5        0x3 
 .data          0x20000fa8       0x48 CMakeFiles/main.dir/home/anirudh/.pico-sdk/sdk/2.1.1/src/rp2_common/hardware_irq/irq_handler_chain.S.o
                0x20000fa8                irq_handler_chain_slots
                0x20000fd8                irq_handler_chain_first_slot
                0x20000fe2                irq_handler_chain_remove_tail
 .data.default_alarm_pool
                0x20000ff0       0x18 CMakeFiles/main.dir/home/anirudh/.pico-sdk/sdk/2.1.1/src/common/pico_time/time.c.o
 *fill*         0x20001008        0x8 
 .data.aeabi_bits_funcs
                0x20001010       0x10 CMakeFiles/main.dir/home/anirudh/.pico-sdk/sdk/2.1.1/src/rp2_common/pico_bit_ops/bit_ops_aeabi.S.o
                0x20001010                aeabi_bits_funcs
                0x20001020                aeabi_bits_funcs_end
 .data.aeabi_mem_funcs
                0x20001020       0x10 CMakeFiles/main.dir/home/anirudh/.pico-sdk/sdk/2.1.1/src/rp2_common/pico_mem_ops/mem_ops_aeabi.S.o
                0x20001020                aeabi_mem_funcs
                0x20001030                aeabi_mem_funcs_end
 .data.stdio_usb
                0x20001030       0x18 CMakeFiles/main.dir/home/anirudh/.pico-sdk/sdk/2.1.1/src/rp2_common/pico_stdio_usb/stdio_usb.c.o
                0x20001030                stdio_usb
 .data._usbd_qdef
                0x20001048       0x1c CMakeFiles/main.dir/home/anirudh/.pico-sdk/sdk/2.1.1/lib/tinyusb/src/device/usbd.c.o
                0x20001048                _usbd_qdef
 .data._usbd_rhport
                0x20001064        0x1 CMakeFiles/main.dir/home/anirudh/.pico-sdk/sdk/2.1.1/lib/tinyusb/src/device/usbd.c.o
 *fill*         0x20001065        0x3 
 .data.i2c0_inst
                0x20001068        0x8 CMakeFiles/main.dir/home/anirudh/.pico-sdk/sdk/2.1.1/src/rp2_common/hardware_i2c/i2c.c.o
                0x20001068                i2c0_inst
                0x20001070                        . = ALIGN (0x4)
 *(.after_data.*)
                0x20001070                        . = ALIGN (0x4)
                0x20001070                        PROVIDE (__mutex_array_start = .)
 *(SORT_BY_NAME(.mutex_array.*))
 *(.mutex_array)
 .mutex_array   0x20001070        0x8 CMakeFiles/main.dir/home/anirudh/.pico-sdk/sdk/2.1.1/src/rp2_common/pico_stdio/stdio.c.o
                0x20001078                        PROVIDE (__mutex_array_end = .)
                0x20001078                        . = ALIGN (0x4)
 *(.jcr)
                0x20001078                        . = ALIGN (0x4)

.tm_clone_table
                0x20001078        0x0 load address 0x10009c40
 .tm_clone_table
                0x20001078        0x0 /home/anirudh/.pico-sdk/toolchain/14_2_Rel1/bin/../lib/gcc/arm-none-eabi/14.2.1/thumb/v6-m/nofp/crtbegin.o
 .tm_clone_table
                0x20001078        0x0 /home/anirudh/.pico-sdk/toolchain/14_2_Rel1/bin/../lib/gcc/arm-none-eabi/14.2.1/thumb/v6-m/nofp/crtend.o

.igot.plt       0x20001078        0x0 load address 0x10009c40
 .igot.plt      0x20001078        0x0 /home/anirudh/.pico-sdk/toolchain/14_2_Rel1/bin/../lib/gcc/arm-none-eabi/14.2.1/thumb/v6-m/nofp/crtbegin.o

.tdata          0x20001078        0x0 load address 0x10009c40
                0x20001078                        . = ALIGN (0x4)
 *(.tdata .tdata.* .gnu.linkonce.td.*)
                0x20001078                        __tdata_end = .
                0x20001078                        PROVIDE (__data_end__ = .)
                0x10008c88                        __etext = LOADADDR (.data)

.tbss           0x20001078        0x0 load address 0x10009c40
                0x20001078                        . = ALIGN (0x4)
                0x20001078                        __bss_start__ = .
                0x20001078                        __tls_base = .
 *(.tbss .tbss.* .gnu.linkonce.tb.*)
 *(.tcommon)
                0x20001078                        __tls_end = .

.bss            0x20001078      0xfa0 load address 0x10009c40
                0x20001078                        . = ALIGN (0x4)
                0x20001078                        __tbss_end = .
 *(SORT_BY_ALIGNMENT(SORT_BY_NAME(.bss*)))
 .bss.TimePeriod
                0x20001078       0x20 CMakeFiles/main.dir/main.c.o
                0x20001078                TimePeriod
 .bss.TimeStamp
                0x20001098       0x40 CMakeFiles/main.dir/main.c.o
                0x20001098                TimeStamp
 .bss.default_alarm_pool_entries
                0x200010d8      0x180 CMakeFiles/main.dir/home/anirudh/.pico-sdk/sdk/2.1.1/src/common/pico_time/time.c.o
 .bss.last_avail_time.1
                0x20001258        0x8 CMakeFiles/main.dir/home/anirudh/.pico-sdk/sdk/2.1.1/src/rp2_common/pico_stdio_usb/stdio_usb.c.o
 .bss.sd_table  0x20001260      0x100 CMakeFiles/main.dir/home/anirudh/.pico-sdk/sdk/2.1.1/src/rp2_common/pico_double/double_init_rom_rp2040.c.o
                0x20001260                sd_table
 .bss.sf_table  0x20001360      0x100 CMakeFiles/main.dir/home/anirudh/.pico-sdk/sdk/2.1.1/src/rp2_common/pico_float/float_init_rom_rp2040.c.o
                0x20001360                sf_table
 .bss.REVOLUTIONS
                0x20001460       0x10 CMakeFiles/main.dir/main.c.o
                0x20001460                REVOLUTIONS
 .bss._app_driver
                0x20001470        0x4 CMakeFiles/main.dir/home/anirudh/.pico-sdk/sdk/2.1.1/lib/tinyusb/src/device/usbd.c.o
 .bss._cdcd_epbuf
                0x20001474       0x80 CMakeFiles/main.dir/home/anirudh/.pico-sdk/sdk/2.1.1/lib/tinyusb/src/class/cdc/cdc_device.c.o
 .bss._cdcd_fifo_cfg
                0x200014f4        0x1 CMakeFiles/main.dir/home/anirudh/.pico-sdk/sdk/2.1.1/lib/tinyusb/src/class/cdc/cdc_device.c.o
 *fill*         0x200014f5        0x3 
 .bss._cdcd_itf
                0x200014f8       0xc8 CMakeFiles/main.dir/home/anirudh/.pico-sdk/sdk/2.1.1/lib/tinyusb/src/class/cdc/cdc_device.c.o
 .bss._ctrl_epbuf
                0x200015c0       0x40 CMakeFiles/main.dir/home/anirudh/.pico-sdk/sdk/2.1.1/lib/tinyusb/src/device/usbd_control.c.o
 .bss._ctrl_xfer
                0x20001600       0x14 CMakeFiles/main.dir/home/anirudh/.pico-sdk/sdk/2.1.1/lib/tinyusb/src/device/usbd_control.c.o
 .bss._tusb_rhport_role
                0x20001614        0x2 CMakeFiles/main.dir/home/anirudh/.pico-sdk/sdk/2.1.1/lib/tinyusb/src/tusb.c.o
                0x20001614                _tusb_rhport_role
 *fill*         0x20001616        0x2 
 .bss._ubsd_mutexdef
                0x20001618        0x8 CMakeFiles/main.dir/home/anirudh/.pico-sdk/sdk/2.1.1/lib/tinyusb/src/device/usbd.c.o
 .bss._usbd_dev
                0x20001620       0x54 CMakeFiles/main.dir/home/anirudh/.pico-sdk/sdk/2.1.1/lib/tinyusb/src/device/usbd.c.o
 .bss._usbd_mutex
                0x20001674        0x4 CMakeFiles/main.dir/home/anirudh/.pico-sdk/sdk/2.1.1/lib/tinyusb/src/device/usbd.c.o
 .bss._usbd_q   0x20001678        0x4 CMakeFiles/main.dir/home/anirudh/.pico-sdk/sdk/2.1.1/lib/tinyusb/src/device/usbd.c.o
 .bss._usbd_qdef_buf
                0x2000167c       0xc0 CMakeFiles/main.dir/home/anirudh/.pico-sdk/sdk/2.1.1/lib/tinyusb/src/device/usbd.c.o
                0x2000167c                _usbd_qdef_buf
 .bss._vendord_epbuf
                0x2000173c       0x80 CMakeFiles/main.dir/home/anirudh/.pico-sdk/sdk/2.1.1/lib/tinyusb/src/class/vendor/vendor_device.c.o
 .bss._vendord_itf
                0x200017bc      0x24c CMakeFiles/main.dir/home/anirudh/.pico-sdk/sdk/2.1.1/lib/tinyusb/src/class/vendor/vendor_device.c.o
 .bss.accel_final
                0x20001a08        0x6 CMakeFiles/main.dir/main.c.o
                0x20001a08                accel_final
 *fill*         0x20001a0e        0x2 
 .bss.accel_interim
                0x20001a10        0x6 CMakeFiles/main.dir/main.c.o
                0x20001a10                accel_interim
 *fill*         0x20001a16        0x2 
 .bss.boot2_copyout
                0x20001a18      0x100 CMakeFiles/main.dir/home/anirudh/.pico-sdk/sdk/2.1.1/src/rp2_common/hardware_flash/flash.c.o
 .bss.callbacks
                0x20001b18        0x8 CMakeFiles/main.dir/home/anirudh/.pico-sdk/sdk/2.1.1/src/rp2_common/hardware_gpio/gpio.c.o
 .bss.chars_available_callback
                0x20001b20        0x4 CMakeFiles/main.dir/home/anirudh/.pico-sdk/sdk/2.1.1/src/rp2_common/pico_stdio_usb/stdio_usb.c.o
 .bss.chars_available_param
                0x20001b24        0x4 CMakeFiles/main.dir/home/anirudh/.pico-sdk/sdk/2.1.1/src/rp2_common/pico_stdio_usb/stdio_usb.c.o
 .bss.claimed   0x20001b28        0x4 CMakeFiles/main.dir/home/anirudh/.pico-sdk/sdk/2.1.1/src/rp2_common/hardware_sync/sync.c.o
 .bss.claimed   0x20001b2c        0x1 CMakeFiles/main.dir/home/anirudh/.pico-sdk/sdk/2.1.1/src/rp2_common/hardware_timer/timer.c.o
 *fill*         0x20001b2d        0x3 
 .bss.configured_freq
                0x20001b30       0x28 CMakeFiles/main.dir/home/anirudh/.pico-sdk/sdk/2.1.1/src/rp2_common/hardware_clocks/clocks.c.o
 .bss.desc_str.0
                0x20001b58       0x28 CMakeFiles/main.dir/home/anirudh/.pico-sdk/sdk/2.1.1/src/rp2_common/pico_stdio_usb/stdio_usb_descriptors.c.o
 .bss.drivers   0x20001b80        0x4 CMakeFiles/main.dir/home/anirudh/.pico-sdk/sdk/2.1.1/src/rp2_common/pico_stdio/stdio.c.o
 .bss.e15_last_sof
                0x20001b84        0x4 CMakeFiles/main.dir/home/anirudh/.pico-sdk/sdk/2.1.1/lib/tinyusb/src/portable/raspberrypi/rp2040/rp2040_usb.c.o
                0x20001b84                e15_last_sof
 .bss.filter    0x20001b88        0x4 CMakeFiles/main.dir/home/anirudh/.pico-sdk/sdk/2.1.1/src/rp2_common/pico_stdio/stdio.c.o
 .bss.gyro_final
                0x20001b8c        0x6 CMakeFiles/main.dir/main.c.o
                0x20001b8c                gyro_final
 *fill*         0x20001b92        0x2 
 .bss.gyro_interim
                0x20001b94        0x6 CMakeFiles/main.dir/main.c.o
                0x20001b94                gyro_interim
 *fill*         0x20001b9a        0x2 
 .bss.hw_endpoints
                0x20001b9c      0x400 CMakeFiles/main.dir/home/anirudh/.pico-sdk/sdk/2.1.1/lib/tinyusb/src/portable/raspberrypi/rp2040/dcd_rp2040.c.o
 .bss.lazy_vsnprintf
                0x20001f9c        0x4 CMakeFiles/main.dir/home/anirudh/.pico-sdk/sdk/2.1.1/src/rp2_common/pico_printf/printf.c.o
 .bss.load_value
                0x20001fa0        0x4 CMakeFiles/main.dir/home/anirudh/.pico-sdk/sdk/2.1.1/src/rp2_common/hardware_watchdog/watchdog.c.o
 .bss.next_buffer_ptr
                0x20001fa4        0x4 CMakeFiles/main.dir/home/anirudh/.pico-sdk/sdk/2.1.1/lib/tinyusb/src/portable/raspberrypi/rp2040/dcd_rp2040.c.o
 .bss.object.0  0x20001fa8       0x18 /home/anirudh/.pico-sdk/toolchain/14_2_Rel1/bin/../lib/gcc/arm-none-eabi/14.2.1/thumb/v6-m/nofp/crtbegin.o
 .bss.one_shot_timer_crit_sec
                0x20001fc0        0x8 CMakeFiles/main.dir/home/anirudh/.pico-sdk/sdk/2.1.1/src/rp2_common/pico_stdio_usb/stdio_usb.c.o
 .bss.pools     0x20001fc8       0x10 CMakeFiles/main.dir/home/anirudh/.pico-sdk/sdk/2.1.1/src/common/pico_time/time.c.o
 .bss.pwmValues
                0x20001fd8        0x4 CMakeFiles/main.dir/main.c.o
                0x20001fd8                pwmValues
 .bss.raw_irq_mask
                0x20001fdc        0x8 CMakeFiles/main.dir/home/anirudh/.pico-sdk/sdk/2.1.1/src/rp2_common/hardware_gpio/gpio.c.o
 .bss.retrieved_id
                0x20001fe4        0x8 CMakeFiles/main.dir/home/anirudh/.pico-sdk/sdk/2.1.1/src/rp2_common/pico_unique_id/unique_id.c.o
 .bss.sf_clz_func
                0x20001fec        0x4 CMakeFiles/main.dir/home/anirudh/.pico-sdk/sdk/2.1.1/src/rp2_common/pico_double/double_init_rom_rp2040.c.o
                0x20001fec                sf_clz_func
 .bss.sleep_notifier
                0x20001ff0        0x4 CMakeFiles/main.dir/home/anirudh/.pico-sdk/sdk/2.1.1/src/common/pico_time/time.c.o
 .bss.stdio_usb_mutex
                0x20001ff4        0x8 CMakeFiles/main.dir/home/anirudh/.pico-sdk/sdk/2.1.1/src/rp2_common/pico_stdio_usb/stdio_usb.c.o
 .bss.usbd_serial_str
                0x20001ffc       0x11 CMakeFiles/main.dir/home/anirudh/.pico-sdk/sdk/2.1.1/src/rp2_common/pico_stdio_usb/stdio_usb_descriptors.c.o
 .bss._app_driver_count
                0x2000200d        0x1 CMakeFiles/main.dir/home/anirudh/.pico-sdk/sdk/2.1.1/lib/tinyusb/src/device/usbd.c.o
 .bss._sof_enable
                0x2000200e        0x1 CMakeFiles/main.dir/home/anirudh/.pico-sdk/sdk/2.1.1/lib/tinyusb/src/portable/raspberrypi/rp2040/dcd_rp2040.c.o
 .bss._usbd_queued_setup
                0x2000200f        0x1 CMakeFiles/main.dir/home/anirudh/.pico-sdk/sdk/2.1.1/lib/tinyusb/src/device/usbd.c.o
 .bss.actuatorValue
                0x20002010        0x1 CMakeFiles/main.dir/main.c.o
                0x20002010                actuatorValue
 .bss.boot2_copyout_valid
                0x20002011        0x1 CMakeFiles/main.dir/home/anirudh/.pico-sdk/sdk/2.1.1/src/rp2_common/hardware_flash/flash.c.o
 .bss.irq_handler_chain_free_slot_head
                0x20002012        0x1 CMakeFiles/main.dir/home/anirudh/.pico-sdk/sdk/2.1.1/src/rp2_common/hardware_irq/irq.c.o
 .bss.itf_num   0x20002013        0x1 CMakeFiles/main.dir/home/anirudh/.pico-sdk/sdk/2.1.1/src/rp2_common/pico_stdio_usb/reset_interface.c.o
 .bss.kill_me   0x20002014        0x1 CMakeFiles/main.dir/main.c.o
                0x20002014                kill_me
 .bss.low_priority_irq_num
                0x20002015        0x1 CMakeFiles/main.dir/home/anirudh/.pico-sdk/sdk/2.1.1/src/rp2_common/pico_stdio_usb/stdio_usb.c.o
 .bss.one_shot_timer_pending
                0x20002016        0x1 CMakeFiles/main.dir/home/anirudh/.pico-sdk/sdk/2.1.1/src/rp2_common/pico_stdio_usb/stdio_usb.c.o
 .bss.user_irq_claimed
                0x20002017        0x1 CMakeFiles/main.dir/home/anirudh/.pico-sdk/sdk/2.1.1/src/rp2_common/hardware_irq/irq.c.o
 *(COMMON)
                0x20002018                        . = ALIGN (0x4)
                0x20002018                        __bss_end__ = .

.heap           0x20002018      0x800 load address 0x10009c40
                0x20002018                        __end__ = .
                0x20002018                        end = __end__
 *(.heap*)
 .heap          0x20002018      0x800 CMakeFiles/main.dir/home/anirudh/.pico-sdk/sdk/2.1.1/src/rp2_common/pico_crt0/crt0.S.o
                0x20040000                        __HeapLimit = (ORIGIN (RAM) + LENGTH (RAM))

.scratch_x      0x20040000        0x0 load address 0x10009c40
                0x20040000                        __scratch_x_start__ = .
 *(.scratch_x.*)
                0x20040000                        . = ALIGN (0x4)
                0x20040000                        __scratch_x_end__ = .
                0x10009c40                        __scratch_x_source__ = LOADADDR (.scratch_x)

.scratch_y      0x20041000        0x0 load address 0x10009c40
                0x20041000                        __scratch_y_start__ = .
 *(.scratch_y.*)
                0x20041000                        . = ALIGN (0x4)
                0x20041000                        __scratch_y_end__ = .
                0x10009c40                        __scratch_y_source__ = LOADADDR (.scratch_y)

.stack1_dummy
 *(.stack1*)

.stack_dummy    0x20041000      0x800
 *(.stack*)
 .stack         0x20041000      0x800 CMakeFiles/main.dir/home/anirudh/.pico-sdk/sdk/2.1.1/src/rp2_common/pico_crt0/crt0.S.o

.flash_end      0x10009c40        0x0
 *(.embedded_end_block*)
                0x10009c40                        PROVIDE (__flash_binary_end = .)
                0x20040000                        __StackLimit = (ORIGIN (RAM) + LENGTH (RAM))
                0x20041000                        __StackOneTop = (ORIGIN (SCRATCH_X) + LENGTH (SCRATCH_X))
                0x20042000                        __StackTop = (ORIGIN (SCRATCH_Y) + LENGTH (SCRATCH_Y))
                0x20041000                        __StackOneBottom = (__StackOneTop - SIZEOF (.stack1_dummy))
                0x20041800                        __StackBottom = (__StackTop - SIZEOF (.stack_dummy))
                0x20042000                        PROVIDE (__stack = __StackTop)
                [!provide]                        PROVIDE (__heap_start = __end__)
                [!provide]                        PROVIDE (__heap_end = __HeapLimit)
                [!provide]                        PROVIDE (__tls_align = MAX (ALIGNOF (.tdata), ALIGNOF (.tbss)))
                [!provide]                        PROVIDE (__tls_size_align = (((__tls_size + __tls_align) - 0x1) & ~ ((__tls_align - 0x1))))
                [!provide]                        PROVIDE (__arm32_tls_tcb_offset = MAX (0x8, __tls_align))
                [!provide]                        PROVIDE (_end = __end__)
                [!provide]                        PROVIDE (__llvm_libc_heap_limit = __HeapLimit)
                0x00000001                        ASSERT ((__StackLimit >= __HeapLimit), region RAM overflowed)
                0x00000001                        ASSERT (((__binary_info_header_end - __logical_binary_start) <= 0x100), Binary info must be in first 256 bytes of the binary)
LOAD CMakeFiles/main.dir/main.c.o
LOAD CMakeFiles/main.dir/home/anirudh/.pico-sdk/sdk/2.1.1/src/rp2_common/pico_stdlib/stdlib.c.o
LOAD CMakeFiles/main.dir/home/anirudh/.pico-sdk/sdk/2.1.1/src/rp2_common/hardware_gpio/gpio.c.o
LOAD CMakeFiles/main.dir/home/anirudh/.pico-sdk/sdk/2.1.1/src/rp2040/pico_platform/platform.c.o
LOAD CMakeFiles/main.dir/home/anirudh/.pico-sdk/sdk/2.1.1/src/rp2_common/pico_platform_panic/panic.c.o
LOAD CMakeFiles/main.dir/home/anirudh/.pico-sdk/sdk/2.1.1/src/common/hardware_claim/claim.c.o
LOAD CMakeFiles/main.dir/home/anirudh/.pico-sdk/sdk/2.1.1/src/rp2_common/hardware_sync/sync.c.o
LOAD CMakeFiles/main.dir/home/anirudh/.pico-sdk/sdk/2.1.1/src/rp2_common/hardware_sync_spin_lock/sync_spin_lock.c.o
LOAD CMakeFiles/main.dir/home/anirudh/.pico-sdk/sdk/2.1.1/src/rp2_common/hardware_irq/irq.c.o
LOAD CMakeFiles/main.dir/home/anirudh/.pico-sdk/sdk/2.1.1/src/rp2_common/hardware_irq/irq_handler_chain.S.o
LOAD CMakeFiles/main.dir/home/anirudh/.pico-sdk/sdk/2.1.1/src/common/pico_sync/sem.c.o