Archive member included to satisfy reference by file (symbol)

/home/anirudh/.pico-sdk/toolchain/14_2_Rel1/bin/../lib/gcc/arm-none-eabi/14.2.1/thumb/v6-m/nofp/libgcc.a(_dvmd_tls.o)
                              CMakeFiles/main.dir/home/anirudh/.pico-sdk/sdk/2.1.1/src/rp2_common/pico_divider/divider_hardware.S.o (__aeabi_idiv0)
/home/anirudh/.pico-sdk/toolchain/14_2_Rel1/bin/../lib/gcc/arm-none-eabi/14.2.1/../../../../arm-none-eabi/lib/thumb/v6-m/nofp/libg.a(libc_a-calloc.o)
                              CMakeFiles/main.dir/home/anirudh/.pico-sdk/sdk/2.1.1/src/rp2_common/pico_malloc/malloc.c.o (calloc)
/home/anirudh/.pico-sdk/toolchain/14_2_Rel1/bin/../lib/gcc/arm-none-eabi/14.2.1/../../../../arm-none-eabi/lib/thumb/v6-m/nofp/libg.a(libc_a-callocr.o)
                              /home/anirudh/.pico-sdk/toolchain/14_2_Rel1/bin/../lib/gcc/arm-none-eabi/14.2.1/../../../../arm-none-eabi/lib/thumb/v6-m/nofp/libg.a(libc_a-calloc.o) (_calloc_r)
/home/anirudh/.pico-sdk/toolchain/14_2_Rel1/bin/../lib/gcc/arm-none-eabi/14.2.1/../../../../arm-none-eabi/lib/thumb/v6-m/nofp/libg.a(libc_a-malloc.o)
                              CMakeFiles/main.dir/home/anirudh/.pico-sdk/sdk/2.1.1/src/rp2_common/pico_malloc/malloc.c.o (malloc)
/home/anirudh/.pico-sdk/toolchain/14_2_Rel1/bin/../lib/gcc/arm-none-eabi/14.2.1/../../../../arm-none-eabi/lib/thumb/v6-m/nofp/libg.a(libc_a-mallocr.o)
                              /home/anirudh/.pico-sdk/toolchain/14_2_Rel1/bin/../lib/gcc/arm-none-eabi/14.2.1/../../../../arm-none-eabi/lib/thumb/v6-m/nofp/libg.a(libc_a-callocr.o) (_malloc_r)
/home/anirudh/.pico-sdk/toolchain/14_2_Rel1/bin/../lib/gcc/arm-none-eabi/14.2.1/../../../../arm-none-eabi/lib/thumb/v6-m/nofp/libg.a(libc_a-mlock.o)
                              /home/anirudh/.pico-sdk/toolchain/14_2_Rel1/bin/../lib/gcc/arm-none-eabi/14.2.1/../../../../arm-none-eabi/lib/thumb/v6-m/nofp/libg.a(libc_a-mallocr.o) (__malloc_lock)
/home/anirudh/.pico-sdk/toolchain/14_2_Rel1/bin/../lib/gcc/arm-none-eabi/14.2.1/../../../../arm-none-eabi/lib/thumb/v6-m/nofp/libg.a(libc_a-realloc.o)
                              CMakeFiles/main.dir/home/anirudh/.pico-sdk/sdk/2.1.1/src/rp2_common/pico_malloc/malloc.c.o (realloc)
/home/anirudh/.pico-sdk/toolchain/14_2_Rel1/bin/../lib/gcc/arm-none-eabi/14.2.1/../../../../arm-none-eabi/lib/thumb/v6-m/nofp/libg.a(libc_a-reallocr.o)
                              /home/anirudh/.pico-sdk/toolchain/14_2_Rel1/bin/../lib/gcc/arm-none-eabi/14.2.1/../../../../arm-none-eabi/lib/thumb/v6-m/nofp/libg.a(libc_a-realloc.o) (_realloc_r)
/home/anirudh/.pico-sdk/toolchain/14_2_Rel1/bin/../lib/gcc/arm-none-eabi/14.2.1/../../../../arm-none-eabi/lib/thumb/v6-m/nofp/libg.a(libc_a-memcmp.o)
                              CMakeFiles/main.dir/home/anirudh/.pico-sdk/sdk/2.1.1/src/rp2_common/pico_atomic/atomic.c.o (memcmp)
/home/anirudh/.pico-sdk/toolchain/14_2_Rel1/bin/../lib/gcc/arm-none-eabi/14.2.1/../../../../arm-none-eabi/lib/thumb/v6-m/nofp/libg.a(libc_a-memmove.o)
                              /home/anirudh/.pico-sdk/toolchain/14_2_Rel1/bin/../lib/gcc/arm-none-eabi/14.2.1/../../../../arm-none-eabi/lib/thumb/v6-m/nofp/libg.a(libc_a-reallocr.o) (memmove)
/home/anirudh/.pico-sdk/toolchain/14_2_Rel1/bin/../lib/gcc/arm-none-eabi/14.2.1/../../../../arm-none-eabi/lib/thumb/v6-m/nofp/libg.a(libc_a-lcltime_r.o)
                              CMakeFiles/main.dir/home/anirudh/.pico-sdk/sdk/2.1.1/src/common/pico_util/datetime.c.o (localtime_r)
/home/anirudh/.pico-sdk/toolchain/14_2_Rel1/bin/../lib/gcc/arm-none-eabi/14.2.1/../../../../arm-none-eabi/lib/thumb/v6-m/nofp/libg.a(libc_a-mktime.o)
                              CMakeFiles/main.dir/home/anirudh/.pico-sdk/sdk/2.1.1/src/common/pico_util/datetime.c.o (mktime)
/home/anirudh/.pico-sdk/toolchain/14_2_Rel1/bin/../lib/gcc/arm-none-eabi/14.2.1/../../../../arm-none-eabi/lib/thumb/v6-m/nofp/libg.a(libc_a-month_lengths.o)
                              /home/anirudh/.pico-sdk/toolchain/14_2_Rel1/bin/../lib/gcc/arm-none-eabi/14.2.1/../../../../arm-none-eabi/lib/thumb/v6-m/nofp/libg.a(libc_a-lcltime_r.o) (__month_lengths)
/home/anirudh/.pico-sdk/toolchain/14_2_Rel1/bin/../lib/gcc/arm-none-eabi/14.2.1/../../../../arm-none-eabi/lib/thumb/v6-m/nofp/libg.a(libc_a-tzcalc_limits.o)
                              /home/anirudh/.pico-sdk/toolchain/14_2_Rel1/bin/../lib/gcc/arm-none-eabi/14.2.1/../../../../arm-none-eabi/lib/thumb/v6-m/nofp/libg.a(libc_a-lcltime_r.o) (__tzcalc_limits)
/home/anirudh/.pico-sdk/toolchain/14_2_Rel1/bin/../lib/gcc/arm-none-eabi/14.2.1/../../../../arm-none-eabi/lib/thumb/v6-m/nofp/libg.a(libc_a-tzlock.o)
                              /home/anirudh/.pico-sdk/toolchain/14_2_Rel1/bin/../lib/gcc/arm-none-eabi/14.2.1/../../../../arm-none-eabi/lib/thumb/v6-m/nofp/libg.a(libc_a-lcltime_r.o) (__tz_lock)
/home/anirudh/.pico-sdk/toolchain/14_2_Rel1/bin/../lib/gcc/arm-none-eabi/14.2.1/../../../../arm-none-eabi/lib/thumb/v6-m/nofp/libg.a(libc_a-tzset.o)
[...]
Memory Configuration

Name             Origin             Length             Attributes
FLASH            0x10000000         0x00200000         xr
RAM              0x20000000         0x00040000         xrw
SCRATCH_X        0x20040000         0x00001000         xrw
SCRATCH_Y        0x20041000         0x00001000         xrw
*default*        0x00000000         0xffffffff

Linker script and memory map

LOAD /home/anirudh/.pico-sdk/toolchain/14_2_Rel1/bin/../lib/gcc/arm-none-eabi/14.2.1/thumb/v6-m/nofp/crti.o
LOAD /home/anirudh/.pico-sdk/toolchain/14_2_Rel1/bin/../lib/gcc/arm-none-eabi/14.2.1/thumb/v6-m/nofp/crtbegin.o
LOAD /home/anirudh/.pico-sdk/toolchain/14_2_Rel1/bin/../lib/gcc/arm-none-eabi/14.2.1/../../../../arm-none-eabi/lib/thumb/v6-m/nofp/crt0.o

.flash_begin    0x10000000        0x0
                0x10000000                        __flash_binary_start = .

.boot2          0x10000000      0x100
                0x10000000                        __boot2_start__ = .
 *(.boot2)
 .boot2         0x10000000      0x100 pico-sdk/src/rp2040/boot_stage2/CMakeFiles/bs2_default_library.dir/bs2_default_padded_checksummed.S.o
                0x10000100                        __boot2_end__ = .
                0x00000001                        ASSERT (((__boot2_end__ - __boot2_start__) == 0x100), ERROR: Pico second stage bootloader must be 256 bytes in size)

.text           0x10000100     0x7b24
                0x10000100                        __logical_binary_start = .
 *(.vectors)
 .vectors       0x10000100       0xd4 CMakeFiles/main.dir/home/anirudh/.pico-sdk/sdk/2.1.1/src/rp2_common/pico_crt0/crt0.S.o
                0x10000100                __vectors
                0x10000100                __VECTOR_TABLE
                0x100001c0                isr_invalid
                0x100001c0                __default_isrs_start
                0x100001c2                isr_nmi
                0x100001c4                isr_hardfault
                0x100001c6                isr_svcall
                0x100001c8                isr_pendsv
                0x100001ca                isr_systick
                0x100001cc                isr_irq30
                0x100001cc                __unhandled_user_irq
                0x100001cc                isr_irq13
                0x100001cc                isr_irq27
                0x100001cc                isr_irq31
                0x100001cc                isr_irq5
                0x100001cc                isr_irq11
                0x100001cc                isr_irq23
                0x100001cc                isr_irq18
                0x100001cc                isr_irq28
                0x100001cc                isr_irq19
                0x100001cc                isr_irq0
                0x100001cc                isr_irq6
                0x100001cc                isr_irq22
                0x100001cc                isr_irq17
                0x100001cc                isr_irq14
                0x100001cc                isr_irq2
                0x100001cc                isr_irq10
                0x100001cc                isr_irq8
                0x100001cc                isr_irq24
                0x100001cc                isr_irq1
                0x100001cc                isr_irq7
                0x100001cc                isr_irq21
                0x100001cc                isr_irq20
                0x100001cc                isr_irq15
                0x100001cc                isr_irq25
                0x100001cc                isr_irq4
                0x100001cc                isr_irq16
                0x100001cc                isr_irq29
                0x100001cc                isr_irq26
                0x100001cc                __default_isrs_end
                0x100001cc                isr_irq3
                0x100001cc                isr_irq12
                0x100001cc                isr_irq9
                0x100001d2                unhandled_user_irq_num_in_r0
 *(.binary_info_header)
 .binary_info_header
                0x100001d4       0x14 CMakeFiles/main.dir/home/anirudh/.pico-sdk/sdk/2.1.1/src/rp2_common/pico_crt0/crt0.S.o
                0x100001e8                        __binary_info_header_end = .
 *(.embedded_block)
                0x100001e8                        __embedded_block_end = .
 *(.reset)
 .reset         0x100001e8       0x9c CMakeFiles/main.dir/home/anirudh/.pico-sdk/sdk/2.1.1/src/rp2_common/pico_crt0/crt0.S.o
                0x100001e8                _entry_point
 *(.init)
 .init          0x10000284        0x4 /home/anirudh/.pico-sdk/toolchain/14_2_Rel1/bin/../lib/gcc/arm-none-eabi/14.2.1/thumb/v6-m/nofp/crti.o
                0x10000284                _init
 *(EXCLUDE_FILE(*libm.a: *libc.a:*lib_a-mem*.o *libgcc.a:) .text*)
 .text.register_tm_clones
                0x10000288       0x28 /home/anirudh/.pico-sdk/toolchain/14_2_Rel1/bin/../lib/gcc/arm-none-eabi/14.2.1/thumb/v6-m/nofp/crtbegin.o
 .text.frame_dummy
                0x100002b0       0x24 /home/anirudh/.pico-sdk/toolchain/14_2_Rel1/bin/../lib/gcc/arm-none-eabi/14.2.1/thumb/v6-m/nofp/crtbegin.o
 .text.gpio_callback_channel
                0x100002d4      0x390 CMakeFiles/main.dir/main.c.o
                0x100002d4                gpio_callback_channel
 .text.init_motor_pins
                0x10000664       0x60 CMakeFiles/main.dir/main.c.o
                0x10000664                init_motor_pins
 .text.init_pwm_pins
                0x100006c4       0x54 CMakeFiles/main.dir/main.c.o
                0x100006c4                init_pwm_pins
 .text.set_motor_dirn
                0x10000718       0xa4 CMakeFiles/main.dir/main.c.o
                0x10000718                set_motor_dirn
 .text.push_message
                0x100007bc       0x78 CMakeFiles/main.dir/main.c.o
                0x100007bc                push_message
 .text.readUSBBuffer
                0x10000834      0x340 CMakeFiles/main.dir/main.c.o
                0x10000834                readUSBBuffer
 .text.init_interrupt_pins
                0x10000b74       0x5c CMakeFiles/main.dir/main.c.o
                0x10000b74                init_interrupt_pins
 .text.bind_encoder_interrupts
                0x10000bd0       0x3c CMakeFiles/main.dir/main.c.o
                0x10000bd0                bind_encoder_interrupts
 .text.startup.main
                0x10000c0c      0x230 CMakeFiles/main.dir/main.c.o
                0x10000c0c                main
 .text.gpio_default_irq_handler
                0x10000e3c      0x2c8 CMakeFiles/main.dir/home/anirudh/.pico-sdk/sdk/2.1.1/src/rp2_common/hardware_gpio/gpio.c.o
 .text.gpio_set_function
                0x10001104       0x34 CMakeFiles/main.dir/home/anirudh/.pico-sdk/sdk/2.1.1/src/rp2_common/hardware_gpio/gpio.c.o
                0x10001104                gpio_set_function
 .text.gpio_set_pulls
                0x10001138       0x28 CMakeFiles/main.dir/home/anirudh/.pico-sdk/sdk/2.1.1/src/rp2_common/hardware_gpio/gpio.c.o
                0x10001138                gpio_set_pulls
 .text.gpio_set_irq_enabled_with_callback
                0x10001160       0xd0 CMakeFiles/main.dir/home/anirudh/.pico-sdk/sdk/2.1.1/src/rp2_common/hardware_gpio/gpio.c.o
                0x10001160                gpio_set_irq_enabled_with_callback
 .text.gpio_init
                0x10001230       0x40 CMakeFiles/main.dir/home/anirudh/.pico-sdk/sdk/2.1.1/src/rp2_common/hardware_gpio/gpio.c.o
                0x10001230                gpio_init
 .text.rp2040_chip_version
                0x10001270        0xc CMakeFiles/main.dir/home/anirudh/.pico-sdk/sdk/2.1.1/src/rp2040/pico_platform/platform.c.o
                0x10001270                rp2040_chip_version
 .text.panic    0x1000127c       0x30 CMakeFiles/main.dir/home/anirudh/.pico-sdk/sdk/2.1.1/src/rp2_common/pico_platform_panic/panic.c.o
                0x1000127c                panic
 .text.hw_claim_or_assert
                0x100012ac       0x44 CMakeFiles/main.dir/home/anirudh/.pico-sdk/sdk/2.1.1/src/common/hardware_claim/claim.c.o
                0x100012ac                hw_claim_or_assert
 .text.hw_claim_unused_from_range
                0x100012f0       0x88 CMakeFiles/main.dir/home/anirudh/.pico-sdk/sdk/2.1.1/src/common/hardware_claim/claim.c.o
                0x100012f0                hw_claim_unused_from_range
 .text.next_striped_spin_lock_num
                0x10001378       0x18 CMakeFiles/main.dir/home/anirudh/.pico-sdk/sdk/2.1.1/src/rp2_common/hardware_sync/sync.c.o
                0x10001378                next_striped_spin_lock_num
 .text.spin_lock_claim_unused
                0x10001390       0x24 CMakeFiles/main.dir/home/anirudh/.pico-sdk/sdk/2.1.1/src/rp2_common/hardware_sync/sync.c.o
                0x10001390                spin_lock_claim_unused
 .text.spin_locks_reset
                0x100013b4       0x1c CMakeFiles/main.dir/home/anirudh/.pico-sdk/sdk/2.1.1/src/rp2_common/hardware_sync_spin_lock/sync_spin_lock.c.o
                0x100013b4                spin_locks_reset
 .text.runtime_init_per_core_irq_priorities
                0x100013d0       0x24 CMakeFiles/main.dir/home/anirudh/.pico-sdk/sdk/2.1.1/src/rp2_common/hardware_irq/irq.c.o
                0x100013d0                runtime_init_per_core_irq_priorities
 .text.irq_set_enabled
                0x100013f4       0x24 CMakeFiles/main.dir/home/anirudh/.pico-sdk/sdk/2.1.1/src/rp2_common/hardware_irq/irq.c.o
                0x100013f4                irq_set_enabled
 .text.irq_is_enabled
                0x10001418       0x18 CMakeFiles/main.dir/home/anirudh/.pico-sdk/sdk/2.1.1/src/rp2_common/hardware_irq/irq.c.o
                0x10001418                irq_is_enabled
 .text.irq_set_pending
                0x10001430       0x10 CMakeFiles/main.dir/home/anirudh/.pico-sdk/sdk/2.1.1/src/rp2_common/hardware_irq/irq.c.o
                0x10001430                irq_set_pending
 .text.irq_has_shared_handler
                0x10001440       0x24 CMakeFiles/main.dir/home/anirudh/.pico-sdk/sdk/2.1.1/src/rp2_common/hardware_irq/irq.c.o
                0x10001440                irq_has_shared_handler
 .text.irq_set_exclusive_handler
                0x10001464       0x54 CMakeFiles/main.dir/home/anirudh/.pico-sdk/sdk/2.1.1/src/rp2_common/hardware_irq/irq.c.o
                0x10001464                irq_set_exclusive_handler
 .text.irq_add_shared_handler
                0x100014b8      0x1f4 CMakeFiles/main.dir/home/anirudh/.pico-sdk/sdk/2.1.1/src/rp2_common/hardware_irq/irq.c.o
                0x100014b8                irq_add_shared_handler
 .text.irq_remove_handler
                0x100016ac      0x1d4 CMakeFiles/main.dir/home/anirudh/.pico-sdk/sdk/2.1.1/src/rp2_common/hardware_irq/irq.c.o
                0x100016ac                irq_remove_handler
 .text.irq_add_tail_to_free_list
                0x10001880       0xb4 CMakeFiles/main.dir/home/anirudh/.pico-sdk/sdk/2.1.1/src/rp2_common/hardware_irq/irq.c.o
                0x10001880                irq_add_tail_to_free_list
 .text.user_irq_claim_unused
                0x10001934       0x2c CMakeFiles/main.dir/home/anirudh/.pico-sdk/sdk/2.1.1/src/rp2_common/hardware_irq/irq.c.o
                0x10001934                user_irq_claim_unused
 .text.lock_init
                0x10001960       0x10 CMakeFiles/main.dir/home/anirudh/.pico-sdk/sdk/2.1.1/src/common/pico_sync/lock_core.c.o
                0x10001960                lock_init
 .text.runtime_init_mutex
                0x10001970       0x50 CMakeFiles/main.dir/home/anirudh/.pico-sdk/sdk/2.1.1/src/common/pico_sync/mutex.c.o
                0x10001970                runtime_init_mutex
 .text.mutex_init
                0x100019c0       0x1c CMakeFiles/main.dir/home/anirudh/.pico-sdk/sdk/2.1.1/src/common/pico_sync/mutex.c.o
                0x100019c0                mutex_init
 .text.critical_section_init
                0x100019dc       0x1c CMakeFiles/main.dir/home/anirudh/.pico-sdk/sdk/2.1.1/src/common/pico_sync/critical_section.c.o
                0x100019dc                critical_section_init
 .text.critical_section_init_with_lock_num
                0x100019f8       0x14 CMakeFiles/main.dir/home/anirudh/.pico-sdk/sdk/2.1.1/src/common/pico_sync/critical_section.c.o
                0x100019f8                critical_section_init_with_lock_num
 .text.sleep_until_callback
                0x10001a0c       0x30 CMakeFiles/main.dir/home/anirudh/.pico-sdk/sdk/2.1.1/src/common/pico_time/time.c.o
 .text.alarm_pool_irq_handler
                0x10001a3c      0x300 CMakeFiles/main.dir/home/anirudh/.pico-sdk/sdk/2.1.1/src/common/pico_time/time.c.o
 .text.runtime_init_default_alarm_pool
                0x10001d3c       0xdc CMakeFiles/main.dir/home/anirudh/.pico-sdk/sdk/2.1.1/src/common/pico_time/time.c.o
                0x10001d3c                runtime_init_default_alarm_pool
 .text.alarm_pool_get_default
                0x10001e18        0x8 CMakeFiles/main.dir/home/anirudh/.pico-sdk/sdk/2.1.1/src/common/pico_time/time.c.o
                0x10001e18                alarm_pool_get_default
 .text.alarm_pool_add_alarm_at
                0x10001e20       0xd0 CMakeFiles/main.dir/home/anirudh/.pico-sdk/sdk/2.1.1/src/common/pico_time/time.c.o
                0x10001e20                alarm_pool_add_alarm_at
 .text.alarm_pool_add_alarm_at_force_in_context
                0x10001ef0       0xb0 CMakeFiles/main.dir/home/anirudh/.pico-sdk/sdk/2.1.1/src/common/pico_time/time.c.o
                0x10001ef0                alarm_pool_add_alarm_at_force_in_context
 .text.alarm_pool_cancel_alarm
                0x10001fa0       0x74 CMakeFiles/main.dir/home/anirudh/.pico-sdk/sdk/2.1.1/src/common/pico_time/time.c.o
                0x10001fa0                alarm_pool_cancel_alarm
 .text.alarm_pool_core_num
                0x10002014        0x4 CMakeFiles/main.dir/home/anirudh/.pico-sdk/sdk/2.1.1/src/common/pico_time/time.c.o
                0x10002014                alarm_pool_core_num
 .text.sleep_ms
                0x10002018       0xfc CMakeFiles/main.dir/home/anirudh/.pico-sdk/sdk/2.1.1/src/common/pico_time/time.c.o
                0x10002018                sleep_ms
 .text.best_effort_wfe_or_timeout
                0x10002114      0x10c CMakeFiles/main.dir/home/anirudh/.pico-sdk/sdk/2.1.1/src/common/pico_time/time.c.o
                0x10002114                best_effort_wfe_or_timeout
 .text.timer_hardware_alarm_claim
                0x10002220       0x14 CMakeFiles/main.dir/home/anirudh/.pico-sdk/sdk/2.1.1/src/rp2_common/hardware_timer/timer.c.o
                0x10002220                timer_hardware_alarm_claim
 .text.timer_time_us_64
                0x10002234       0x10 CMakeFiles/main.dir/home/anirudh/.pico-sdk/sdk/2.1.1/src/rp2_common/hardware_timer/timer.c.o
                0x10002234                timer_time_us_64
 .text.time_us_64
                0x10002244       0x14 CMakeFiles/main.dir/home/anirudh/.pico-sdk/sdk/2.1.1/src/rp2_common/hardware_timer/timer.c.o
                0x10002244                time_us_64
 .text.busy_wait_until
                0x10002258       0x20 CMakeFiles/main.dir/home/anirudh/.pico-sdk/sdk/2.1.1/src/rp2_common/hardware_timer/timer.c.o
                0x10002258                busy_wait_until
 .text.clock_configure_int_divider
                0x10002278       0xf4 CMakeFiles/main.dir/home/anirudh/.pico-sdk/sdk/2.1.1/src/rp2_common/hardware_clocks/clocks.c.o
                0x10002278                clock_configure_int_divider
 .text.clock_configure_undivided
                0x1000236c       0xe8 CMakeFiles/main.dir/home/anirudh/.pico-sdk/sdk/2.1.1/src/rp2_common/hardware_clocks/clocks.c.o
                0x1000236c                clock_configure_undivided
 .text.clock_get_hz
                0x10002454        0xc CMakeFiles/main.dir/home/anirudh/.pico-sdk/sdk/2.1.1/src/rp2_common/hardware_clocks/clocks.c.o
                0x10002454                clock_get_hz
 .text.pll_init
                0x10002460       0xa4 CMakeFiles/main.dir/home/anirudh/.pico-sdk/sdk/2.1.1/src/rp2_common/hardware_pll/pll.c.o
                0x10002460                pll_init
 .text.watchdog_reboot
                0x10002504       0x9c CMakeFiles/main.dir/home/anirudh/.pico-sdk/sdk/2.1.1/src/rp2_common/hardware_watchdog/watchdog.c.o
                0x10002504                watchdog_reboot
 .text.tick_start
                0x100025a0       0x10 CMakeFiles/main.dir/home/anirudh/.pico-sdk/sdk/2.1.1/src/rp2_common/hardware_ticks/ticks.c.o
                0x100025a0                tick_start
 .text.rom_func_lookup
                0x100025b0       0x10 CMakeFiles/main.dir/home/anirudh/.pico-sdk/sdk/2.1.1/src/rp2_common/pico_bootrom/bootrom.c.o
                0x100025b0                rom_func_lookup
 .text.rom_data_lookup
                0x100025c0       0x10 CMakeFiles/main.dir/home/anirudh/.pico-sdk/sdk/2.1.1/src/rp2_common/pico_bootrom/bootrom.c.o
                0x100025c0                rom_data_lookup
 .text.rom_funcs_lookup
                0x100025d0       0x44 CMakeFiles/main.dir/home/anirudh/.pico-sdk/sdk/2.1.1/src/rp2_common/pico_bootrom/bootrom.c.o
                0x100025d0                rom_funcs_lookup
 .text.rom_reset_usb_boot_extra
                0x10002614       0x24 CMakeFiles/main.dir/home/anirudh/.pico-sdk/sdk/2.1.1/src/rp2_common/pico_bootrom/bootrom.c.o
                0x10002614                rom_reset_usb_boot_extra
 .text.xosc_init
                0x10002638       0x28 CMakeFiles/main.dir/home/anirudh/.pico-sdk/sdk/2.1.1/src/rp2_common/hardware_xosc/xosc.c.o
                0x10002638                xosc_init
 .text.first_per_core_initializer
                0x10002660        0x4 CMakeFiles/main.dir/home/anirudh/.pico-sdk/sdk/2.1.1/src/rp2_common/pico_runtime/runtime.c.o
 .text.hard_assertion_failure
                0x10002664        0xc CMakeFiles/main.dir/home/anirudh/.pico-sdk/sdk/2.1.1/src/rp2_common/pico_runtime/runtime.c.o
                0x10002664                hard_assertion_failure
 .text.runtime_run_initializers
                0x10002670       0x28 CMakeFiles/main.dir/home/anirudh/.pico-sdk/sdk/2.1.1/src/rp2_common/pico_runtime/runtime.c.o
                0x10002670                runtime_run_initializers
 .text.runtime_init_early_resets
                0x10002698       0x2c CMakeFiles/main.dir/home/anirudh/.pico-sdk/sdk/2.1.1/src/rp2_common/pico_runtime_init/runtime_init.c.o
                0x10002698                runtime_init_early_resets
 .text.runtime_init_usb_power_down
                0x100026c4       0x1c CMakeFiles/main.dir/home/anirudh/.pico-sdk/sdk/2.1.1/src/rp2_common/pico_runtime_init/runtime_init.c.o
                0x100026c4                runtime_init_usb_power_down
 .text.runtime_init_post_clock_resets
                0x100026e0       0x20 CMakeFiles/main.dir/home/anirudh/.pico-sdk/sdk/2.1.1/src/rp2_common/pico_runtime_init/runtime_init.c.o
                0x100026e0                runtime_init_post_clock_resets
 .text.runtime_init_rp2040_gpio_ie_disable
                0x10002700       0x14 CMakeFiles/main.dir/home/anirudh/.pico-sdk/sdk/2.1.1/src/rp2_common/pico_runtime_init/runtime_init.c.o
                0x10002700                runtime_init_rp2040_gpio_ie_disable
 .text.runtime_init_spin_locks_reset
                0x10002714        0x8 CMakeFiles/main.dir/home/anirudh/.pico-sdk/sdk/2.1.1/src/rp2_common/pico_runtime_init/runtime_init.c.o
                0x10002714                runtime_init_spin_locks_reset
 .text.runtime_init_install_ram_vector_table
                0x1000271c       0x1c CMakeFiles/main.dir/home/anirudh/.pico-sdk/sdk/2.1.1/src/rp2_common/pico_runtime_init/runtime_init.c.o
                0x1000271c                runtime_init_install_ram_vector_table
 .text.runtime_init_clocks
                0x10002738       0xd8 CMakeFiles/main.dir/home/anirudh/.pico-sdk/sdk/2.1.1/src/rp2_common/pico_runtime_init/runtime_init_clocks.c.o
                0x10002738                runtime_init_clocks
 .text          0x10002810       0x10 CMakeFiles/main.dir/home/anirudh/.pico-sdk/sdk/2.1.1/src/rp2_common/pico_bit_ops/bit_ops_aeabi.S.o
 .text.__wrap___aeabi_idiv
                0x10002820       0x50 CMakeFiles/main.dir/home/anirudh/.pico-sdk/sdk/2.1.1/src/rp2_common/pico_divider/divider_hardware.S.o
                0x10002820                __wrap___aeabi_idivmod
                0x10002820                divmod_s32s32
                0x10002820                div_s32s32
                0x10002820                __wrap___aeabi_idiv
                0x10002828                divmod_s32s32_unsafe
                0x10002854                divmod_s32s32_savestate
 .text.__wrap___aeabi_uidiv
                0x10002870       0x4c CMakeFiles/main.dir/home/anirudh/.pico-sdk/sdk/2.1.1/src/rp2_common/pico_divider/divider_hardware.S.o
                0x10002870                __wrap___aeabi_uidiv
                0x10002870                __wrap___aeabi_uidivmod
                0x10002870                div_u32u32
                0x10002870                divmod_u32u32
                0x10002878                divmod_u32u32_unsafe
                0x100028a0                divmod_u32u32_savestate
 .text.__wrap___aeabi_ldiv
                0x100028bc      0x424 CMakeFiles/main.dir/home/anirudh/.pico-sdk/sdk/2.1.1/src/rp2_common/pico_divider/divider_hardware.S.o
                0x100028bc                div_s64s64
                0x100028bc                divmod_s64s64
                0x100028bc                __wrap___aeabi_ldivmod
                0x100028ec                div_u64u64
                0x100028ec                divmod_u64u64
                0x100028ec                __wrap___aeabi_uldivmod
                0x100028fc                divmod_u64u64_savestate
                0x1000291c                divmod_s64s64_unsafe
                0x100029a4                divmod_u64u64_unsafe
 .text.__wrap___aeabi_darithmetic
                0x10002ce0       0x80 CMakeFiles/main.dir/home/anirudh/.pico-sdk/sdk/2.1.1/src/rp2_common/pico_double/double_aeabi_rp2040.S.o
                0x10002ce0                __wrap___aeabi_drsub
                0x10002ce6                __wrap___aeabi_dsub
                0x10002cf8                __wrap___aeabi_dadd
                0x10002d0a                __wrap___aeabi_ddiv
                0x10002d46                __wrap___aeabi_dmul
 .text.__wrap___aeabi_cdcmple
                0x10002d60       0x6c CMakeFiles/main.dir/home/anirudh/.pico-sdk/sdk/2.1.1/src/rp2_common/pico_double/double_aeabi_rp2040.S.o
                0x10002d60                __wrap___aeabi_cdrcmple
                0x10002d70                __wrap___aeabi_cdcmple
                0x10002d70                __wrap___aeabi_cdcmpeq
 .text.__wrap___aeabi_dcmplt
                0x10002dcc        0xc CMakeFiles/main.dir/home/anirudh/.pico-sdk/sdk/2.1.1/src/rp2_common/pico_double/double_aeabi_rp2040.S.o
                0x10002dcc                __wrap___aeabi_dcmplt
 .text.__wrap___aeabi_dcmple
                0x10002dd8       0x10 CMakeFiles/main.dir/home/anirudh/.pico-sdk/sdk/2.1.1/src/rp2_common/pico_double/double_aeabi_rp2040.S.o
                0x10002dd8                __wrap___aeabi_dcmple
 .text.__wrap___aeabi_dcmpge
                0x10002de8       0x10 CMakeFiles/main.dir/home/anirudh/.pico-sdk/sdk/2.1.1/src/rp2_common/pico_double/double_aeabi_rp2040.S.o
                0x10002de8                __wrap___aeabi_dcmpge
 .text.__wrap___aeabi_dcmpgt
                0x10002df8        0xa CMakeFiles/main.dir/home/anirudh/.pico-sdk/sdk/2.1.1/src/rp2_common/pico_double/double_aeabi_rp2040.S.o
                0x10002df8                __wrap___aeabi_dcmpgt
 .text.__wrap___aeabi_dcmpun
                0x10002e02       0x18 CMakeFiles/main.dir/home/anirudh/.pico-sdk/sdk/2.1.1/src/rp2_common/pico_double/double_aeabi_rp2040.S.o
                0x10002e02                __wrap___aeabi_dcmpun
 *fill*         0x10002e1a        0x2 
 .text.__wrap___aeabi_i2d
                0x10002e1c       0x38 CMakeFiles/main.dir/home/anirudh/.pico-sdk/sdk/2.1.1/src/rp2_common/pico_double/double_aeabi_rp2040.S.o
                0x10002e1c                __wrap___aeabi_ui2d
                0x10002e1c                uint2double
                0x10002e24                __wrap___aeabi_i2d
                0x10002e24                int2double
 .text.__wrap___aeabi_d2iz
                0x10002e54       0x48 CMakeFiles/main.dir/home/anirudh/.pico-sdk/sdk/2.1.1/src/rp2_common/pico_double/double_aeabi_rp2040.S.o
                0x10002e54                __wrap___aeabi_d2iz
                0x10002e54                double2int_z
 .text.__wrap___aeabi_d2uiz
                0x10002e9c       0x18 CMakeFiles/main.dir/home/anirudh/.pico-sdk/sdk/2.1.1/src/rp2_common/pico_double/double_aeabi_rp2040.S.o
                0x10002e9c                double2uint_z
                0x10002e9c                double2uint
                0x10002e9c                __wrap___aeabi_d2uiz
 .text.__aeabi_double_init
                0x10002eb4       0xa4 CMakeFiles/main.dir/home/anirudh/.pico-sdk/sdk/2.1.1/src/rp2_common/pico_double/double_init_rom_rp2040.c.o
                0x10002eb4                __aeabi_double_init
 .text.double_table_shim_on_use_helper
                0x10002f58       0x2c CMakeFiles/main.dir/home/anirudh/.pico-sdk/sdk/2.1.1/src/rp2_common/pico_double/double_v1_rom_shim_rp2040.S.o
                0x10002f58                double_table_shim_on_use_helper
 .text.__wrap___aeabi_dsub
                0x10002f84       0x10 CMakeFiles/main.dir/home/anirudh/.pico-sdk/sdk/2.1.1/src/rp2_common/pico_double/double_v1_rom_shim_rp2040.S.o
                0x10002f84                drsub_shim
                0x10002f8a                dsub_shim
 .text.dadd_shim
                0x10002f94      0x15c CMakeFiles/main.dir/home/anirudh/.pico-sdk/sdk/2.1.1/src/rp2_common/pico_double/double_v1_rom_shim_rp2040.S.o
                0x10002f94                dadd_shim
 .text.dmul_shim
                0x100030f0      0x15c CMakeFiles/main.dir/home/anirudh/.pico-sdk/sdk/2.1.1/src/rp2_common/pico_double/double_v1_rom_shim_rp2040.S.o
                0x100030f0                dmul_shim
 .text.ddiv_shim
                0x1000324c      0x1b0 CMakeFiles/main.dir/home/anirudh/.pico-sdk/sdk/2.1.1/src/rp2_common/pico_double/double_v1_rom_shim_rp2040.S.o
                0x1000324c                ddiv_shim
 .text.double2uint_shim
                0x100033fc        0xe CMakeFiles/main.dir/home/anirudh/.pico-sdk/sdk/2.1.1/src/rp2_common/pico_double/double_v1_rom_shim_rp2040.S.o
                0x100033fc                double2uint_shim
                0x100033fe                double2ufix_shim
 *fill*         0x1000340a        0x2 
 .text.double2uint64_shim
                0x1000340c       0x70 CMakeFiles/main.dir/home/anirudh/.pico-sdk/sdk/2.1.1/src/rp2_common/pico_double/double_v1_rom_shim_rp2040.S.o
                0x1000340c                double2uint64_shim
                0x1000340e                double2ufix64_shim
                0x1000342e                d2fix_a
 .text.dunpacks
                0x1000347c       0x3c CMakeFiles/main.dir/home/anirudh/.pico-sdk/sdk/2.1.1/src/rp2_common/pico_double/double_v1_rom_shim_rp2040.S.o
                0x1000347c                dunpacks
 .text.__aeabi_lmul
                0x100034b8       0x32 CMakeFiles/main.dir/home/anirudh/.pico-sdk/sdk/2.1.1/src/rp2_common/pico_int64_ops/pico_int64_ops_aeabi.S.o
                0x100034b8                __wrap___aeabi_lmul
 *fill*         0x100034ea        0x2 
 .text.__aeabi_float_init
                0x100034ec       0x64 CMakeFiles/main.dir/home/anirudh/.pico-sdk/sdk/2.1.1/src/rp2_common/pico_float/float_init_rom_rp2040.c.o
                0x100034ec                __aeabi_float_init
 .text.float_table_shim_on_use_helper
                0x10003550       0x2c CMakeFiles/main.dir/home/anirudh/.pico-sdk/sdk/2.1.1/src/rp2_common/pico_float/float_v1_rom_shim_rp2040.S.o
                0x10003550                float_table_shim_on_use_helper
 .text          0x1000357c       0x10 CMakeFiles/main.dir/home/anirudh/.pico-sdk/sdk/2.1.1/src/rp2_common/pico_mem_ops/mem_ops_aeabi.S.o
                0x1000357c                __aeabi_mem_init
 .text.memset   0x1000358c        0xc CMakeFiles/main.dir/home/anirudh/.pico-sdk/sdk/2.1.1/src/rp2_common/pico_mem_ops/mem_ops_aeabi.S.o
                0x1000358c                __wrap_memset
 .text.memcpy   0x10003598        0xc CMakeFiles/main.dir/home/anirudh/.pico-sdk/sdk/2.1.1/src/rp2_common/pico_mem_ops/mem_ops_aeabi.S.o
                0x10003598                __wrap___aeabi_memcpy
                0x10003598                __wrap_memcpy
 .text._out_buffer
                0x100035a4        0x8 CMakeFiles/main.dir/home/anirudh/.pico-sdk/sdk/2.1.1/src/rp2_common/pico_printf/printf.c.o
 .text._out_null
                0x100035ac        0x4 CMakeFiles/main.dir/home/anirudh/.pico-sdk/sdk/2.1.1/src/rp2_common/pico_printf/printf.c.o
 .text._out_rev
                0x100035b0       0xac CMakeFiles/main.dir/home/anirudh/.pico-sdk/sdk/2.1.1/src/rp2_common/pico_printf/printf.c.o
 .text._ntoa_format
                0x1000365c      0x1cc CMakeFiles/main.dir/home/anirudh/.pico-sdk/sdk/2.1.1/src/rp2_common/pico_printf/printf.c.o
 .text._out_char
                0x10003828       0x10 CMakeFiles/main.dir/home/anirudh/.pico-sdk/sdk/2.1.1/src/rp2_common/pico_printf/printf.c.o
 .text._out_fct
                0x10003838       0x10 CMakeFiles/main.dir/home/anirudh/.pico-sdk/sdk/2.1.1/src/rp2_common/pico_printf/printf.c.o
 .text._ftoa    0x10003848      0x4a8 CMakeFiles/main.dir/home/anirudh/.pico-sdk/sdk/2.1.1/src/rp2_common/pico_printf/printf.c.o
 .text._etoa    0x10003cf0      0x57c CMakeFiles/main.dir/home/anirudh/.pico-sdk/sdk/2.1.1/src/rp2_common/pico_printf/printf.c.o
 .text._vsnprintf
                0x1000426c      0xbe0 CMakeFiles/main.dir/home/anirudh/.pico-sdk/sdk/2.1.1/src/rp2_common/pico_printf/printf.c.o
 .text.__wrap_vsnprintf
                0x10004e4c       0x1c CMakeFiles/main.dir/home/anirudh/.pico-sdk/sdk/2.1.1/src/rp2_common/pico_printf/printf.c.o
                0x10004e4c                __wrap_vsnprintf
 .text.vfctprintf
                0x10004e68       0x24 CMakeFiles/main.dir/home/anirudh/.pico-sdk/sdk/2.1.1/src/rp2_common/pico_printf/printf.c.o
                0x10004e68                vfctprintf
 .text.weak_raw_vprintf
                0x10004e8c       0x30 CMakeFiles/main.dir/home/anirudh/.pico-sdk/sdk/2.1.1/src/rp2_common/pico_printf/printf.c.o
                0x10004e8c                weak_raw_vprintf
 .text._exit    0x10004ebc        0x4 CMakeFiles/main.dir/home/anirudh/.pico-sdk/sdk/2.1.1/src/rp2_common/pico_clib_interface/newlib_interface.c.o
                0x10004ebc                _exit
 .text.exit     0x10004ec0        0x8 CMakeFiles/main.dir/home/anirudh/.pico-sdk/sdk/2.1.1/src/rp2_common/pico_clib_interface/newlib_interface.c.o
                0x10004ec0                exit
 .text.runtime_init
                0x10004ec8       0x2c CMakeFiles/main.dir/home/anirudh/.pico-sdk/sdk/2.1.1/src/rp2_common/pico_clib_interface/newlib_interface.c.o
                0x10004ec8                runtime_init
 .text.stdio_out_chars_no_crlf
                0x10004ef4       0x10 CMakeFiles/main.dir/home/anirudh/.pico-sdk/sdk/2.1.1/src/rp2_common/pico_stdio/stdio.c.o
 .text.stdio_out_chars_crlf
                0x10004f04       0xb0 CMakeFiles/main.dir/home/anirudh/.pico-sdk/sdk/2.1.1/src/rp2_common/pico_stdio/stdio.c.o
 .text.stdio_buffered_printer
                0x10004fb4       0x64 CMakeFiles/main.dir/home/anirudh/.pico-sdk/sdk/2.1.1/src/rp2_common/pico_stdio/stdio.c.o
 .text.stdio_put_string
                0x10005018       0xfc CMakeFiles/main.dir/home/anirudh/.pico-sdk/sdk/2.1.1/src/rp2_common/pico_stdio/stdio.c.o
                0x10005018                stdio_put_string
 .text.stdio_set_driver_enabled
                0x10005114       0x30 CMakeFiles/main.dir/home/anirudh/.pico-sdk/sdk/2.1.1/src/rp2_common/pico_stdio/stdio.c.o
                0x10005114                stdio_set_driver_enabled
 .text.stdio_init_all
                0x10005144        0x8 CMakeFiles/main.dir/home/anirudh/.pico-sdk/sdk/2.1.1/src/rp2_common/pico_stdio/stdio.c.o
                0x10005144                stdio_init_all
 .text.__wrap_putchar
                0x1000514c       0x94 CMakeFiles/main.dir/home/anirudh/.pico-sdk/sdk/2.1.1/src/rp2_common/pico_stdio/stdio.c.o
                0x1000514c                stdio_putchar
                0x1000514c                __wrap_putchar
 .text.__wrap_puts
                0x100051e0       0x3c CMakeFiles/main.dir/home/anirudh/.pico-sdk/sdk/2.1.1/src/rp2_common/pico_stdio/stdio.c.o
                0x100051e0                __wrap_puts
                0x100051e0                stdio_puts
 .text.__wrap_vprintf
                0x1000521c       0xcc CMakeFiles/main.dir/home/anirudh/.pico-sdk/sdk/2.1.1/src/rp2_common/pico_stdio/stdio.c.o
                0x1000521c                __wrap_vprintf
                0x1000521c                stdio_vprintf
 .text.__wrap_printf
                0x100052e8       0x18 CMakeFiles/main.dir/home/anirudh/.pico-sdk/sdk/2.1.1/src/rp2_common/pico_stdio/stdio.c.o
                0x100052e8                stdio_printf
                0x100052e8                __wrap_printf
 .text.resetd_init
                0x10005300        0x4 CMakeFiles/main.dir/home/anirudh/.pico-sdk/sdk/2.1.1/src/rp2_common/pico_stdio_usb/reset_interface.c.o
 .text.resetd_reset
                0x10005304        0xc CMakeFiles/main.dir/home/anirudh/.pico-sdk/sdk/2.1.1/src/rp2_common/pico_stdio_usb/reset_interface.c.o
 .text.resetd_open
                0x10005310       0x28 CMakeFiles/main.dir/home/anirudh/.pico-sdk/sdk/2.1.1/src/rp2_common/pico_stdio_usb/reset_interface.c.o
 .text.resetd_xfer_cb
                0x10005338        0x4 CMakeFiles/main.dir/home/anirudh/.pico-sdk/sdk/2.1.1/src/rp2_common/pico_stdio_usb/reset_interface.c.o
 .text.resetd_control_xfer_cb
                0x1000533c       0x54 CMakeFiles/main.dir/home/anirudh/.pico-sdk/sdk/2.1.1/src/rp2_common/pico_stdio_usb/reset_interface.c.o
 .text.tud_descriptor_bos_cb
                0x10005390        0x8 CMakeFiles/main.dir/home/anirudh/.pico-sdk/sdk/2.1.1/src/rp2_common/pico_stdio_usb/reset_interface.c.o
                0x10005390                tud_descriptor_bos_cb
 .text.tud_vendor_control_xfer_cb
                0x10005398       0x34 CMakeFiles/main.dir/home/anirudh/.pico-sdk/sdk/2.1.1/src/rp2_common/pico_stdio_usb/reset_interface.c.o
                0x10005398                tud_vendor_control_xfer_cb
 .text.usbd_app_driver_get_cb
                0x100053cc        0xc CMakeFiles/main.dir/home/anirudh/.pico-sdk/sdk/2.1.1/src/rp2_common/pico_stdio_usb/reset_interface.c.o
                0x100053cc                usbd_app_driver_get_cb
 .text.tud_cdc_line_coding_cb
                0x100053d8       0x2c CMakeFiles/main.dir/home/anirudh/.pico-sdk/sdk/2.1.1/src/rp2_common/pico_stdio_usb/reset_interface.c.o
                0x100053d8                tud_cdc_line_coding_cb
 .text.stdio_usb_set_chars_available_callback
                0x10005404       0x14 CMakeFiles/main.dir/home/anirudh/.pico-sdk/sdk/2.1.1/src/rp2_common/pico_stdio_usb/stdio_usb.c.o
                0x10005404                stdio_usb_set_chars_available_callback
 .text.usb_irq  0x10005418       0x10 CMakeFiles/main.dir/home/anirudh/.pico-sdk/sdk/2.1.1/src/rp2_common/pico_stdio_usb/stdio_usb.c.o
 .text.timer_task
                0x10005428       0x64 CMakeFiles/main.dir/home/anirudh/.pico-sdk/sdk/2.1.1/src/rp2_common/pico_stdio_usb/stdio_usb.c.o
 .text.stdio_usb_in_chars
                0x1000548c       0x8c CMakeFiles/main.dir/home/anirudh/.pico-sdk/sdk/2.1.1/src/rp2_common/pico_stdio_usb/stdio_usb.c.o
                0x1000548c                stdio_usb_in_chars
 .text.stdio_usb_out_flush
                0x10005518       0x4c CMakeFiles/main.dir/home/anirudh/.pico-sdk/sdk/2.1.1/src/rp2_common/pico_stdio_usb/stdio_usb.c.o
 .text.stdio_usb_out_chars
                0x10005564      0x100 CMakeFiles/main.dir/home/anirudh/.pico-sdk/sdk/2.1.1/src/rp2_common/pico_stdio_usb/stdio_usb.c.o
 .text.low_priority_worker_irq
                0x10005664       0xc8 CMakeFiles/main.dir/home/anirudh/.pico-sdk/sdk/2.1.1/src/rp2_common/pico_stdio_usb/stdio_usb.c.o
 .text.stdio_usb_init
                0x1000572c       0xe8 CMakeFiles/main.dir/home/anirudh/.pico-sdk/sdk/2.1.1/src/rp2_common/pico_stdio_usb/stdio_usb.c.o
                0x1000572c                stdio_usb_init
 .text.tud_descriptor_device_cb
                0x10005814        0x8 CMakeFiles/main.dir/home/anirudh/.pico-sdk/sdk/2.1.1/src/rp2_common/pico_stdio_usb/stdio_usb_descriptors.c.o
                0x10005814                tud_descriptor_device_cb
 .text.tud_descriptor_configuration_cb
                0x1000581c        0x8 CMakeFiles/main.dir/home/anirudh/.pico-sdk/sdk/2.1.1/src/rp2_common/pico_stdio_usb/stdio_usb_descriptors.c.o
                0x1000581c                tud_descriptor_configuration_cb
 .text.tud_descriptor_string_cb
                0x10005824       0x78 CMakeFiles/main.dir/home/anirudh/.pico-sdk/sdk/2.1.1/src/rp2_common/pico_stdio_usb/stdio_usb_descriptors.c.o
                0x10005824                tud_descriptor_string_cb
 .text.startup._retrieve_unique_id_on_boot
                0x1000589c       0x10 CMakeFiles/main.dir/home/anirudh/.pico-sdk/sdk/2.1.1/src/rp2_common/pico_unique_id/unique_id.c.o
 .text.pico_get_unique_board_id_string
                0x100058ac      0x1a8 CMakeFiles/main.dir/home/anirudh/.pico-sdk/sdk/2.1.1/src/rp2_common/pico_unique_id/unique_id.c.o
                0x100058ac                pico_get_unique_board_id_string
 .text.flash_get_unique_id
                0x10005a54       0x3c CMakeFiles/main.dir/home/anirudh/.pico-sdk/sdk/2.1.1/src/rp2_common/hardware_flash/flash.c.o
                0x10005a54                flash_get_unique_id
 .text.dcd_init
                0x10005a90       0x90 CMakeFiles/main.dir/home/anirudh/.pico-sdk/sdk/2.1.1/lib/tinyusb/src/portable/raspberrypi/rp2040/dcd_rp2040.c.o
                0x10005a90                dcd_init
 .text.dcd_int_enable
                0x10005b20        0xc CMakeFiles/main.dir/home/anirudh/.pico-sdk/sdk/2.1.1/lib/tinyusb/src/portable/raspberrypi/rp2040/dcd_rp2040.c.o
                0x10005b20                dcd_int_enable
 .text.dcd_set_address
                0x10005b2c       0x14 CMakeFiles/main.dir/home/anirudh/.pico-sdk/sdk/2.1.1/lib/tinyusb/src/portable/raspberrypi/rp2040/dcd_rp2040.c.o
                0x10005b2c                dcd_set_address
 .text.dcd_sof_enable
                0x10005b40       0x1c CMakeFiles/main.dir/home/anirudh/.pico-sdk/sdk/2.1.1/lib/tinyusb/src/portable/raspberrypi/rp2040/dcd_rp2040.c.o
                0x10005b40                dcd_sof_enable
 .text.dcd_edpt0_status_complete
                0x10005b5c       0x1c CMakeFiles/main.dir/home/anirudh/.pico-sdk/sdk/2.1.1/lib/tinyusb/src/portable/raspberrypi/rp2040/dcd_rp2040.c.o
                0x10005b5c                dcd_edpt0_status_complete
 .text.dcd_edpt_open
                0x10005b78      0x114 CMakeFiles/main.dir/home/anirudh/.pico-sdk/sdk/2.1.1/lib/tinyusb/src/portable/raspberrypi/rp2040/dcd_rp2040.c.o
                0x10005b78                dcd_edpt_open
 .text.dcd_edpt_close_all
                0x10005c8c        0x8 CMakeFiles/main.dir/home/anirudh/.pico-sdk/sdk/2.1.1/lib/tinyusb/src/portable/raspberrypi/rp2040/dcd_rp2040.c.o
                0x10005c8c                dcd_edpt_close_all
 .text.dcd_edpt_xfer
                0x10005c94       0x24 CMakeFiles/main.dir/home/anirudh/.pico-sdk/sdk/2.1.1/lib/tinyusb/src/portable/raspberrypi/rp2040/dcd_rp2040.c.o
                0x10005c94                dcd_edpt_xfer
 .text.dcd_edpt_stall
                0x10005cb8       0x3c CMakeFiles/main.dir/home/anirudh/.pico-sdk/sdk/2.1.1/lib/tinyusb/src/portable/raspberrypi/rp2040/dcd_rp2040.c.o
                0x10005cb8                dcd_edpt_stall
 .text.dcd_edpt_clear_stall
                0x10005cf4       0x30 CMakeFiles/main.dir/home/anirudh/.pico-sdk/sdk/2.1.1/lib/tinyusb/src/portable/raspberrypi/rp2040/dcd_rp2040.c.o
                0x10005cf4                dcd_edpt_clear_stall
 .text.rp2040_usb_init
                0x10005d24       0x40 CMakeFiles/main.dir/home/anirudh/.pico-sdk/sdk/2.1.1/lib/tinyusb/src/portable/raspberrypi/rp2040/rp2040_usb.c.o
                0x10005d24                rp2040_usb_init
 .text.hw_endpoint_xfer_start
                0x10005d64       0x40 CMakeFiles/main.dir/home/anirudh/.pico-sdk/sdk/2.1.1/lib/tinyusb/src/portable/raspberrypi/rp2040/rp2040_usb.c.o
                0x10005d64                hw_endpoint_xfer_start
 .text.tud_event_hook_cb
                0x10005da4        0x4 CMakeFiles/main.dir/home/anirudh/.pico-sdk/sdk/2.1.1/lib/tinyusb/src/device/usbd.c.o
                0x10005da4                tud_event_hook_cb
 .text.tud_sof_cb
                0x10005da8        0x4 CMakeFiles/main.dir/home/anirudh/.pico-sdk/sdk/2.1.1/lib/tinyusb/src/device/usbd.c.o
                0x10005da8                tud_sof_cb
 .text.tud_descriptor_device_qualifier_cb
                0x10005dac        0x4 CMakeFiles/main.dir/home/anirudh/.pico-sdk/sdk/2.1.1/lib/tinyusb/src/device/usbd.c.o
                0x10005dac                tud_descriptor_device_qualifier_cb
 .text.tud_descriptor_other_speed_configuration_cb
                0x10005db0        0x4 CMakeFiles/main.dir/home/anirudh/.pico-sdk/sdk/2.1.1/lib/tinyusb/src/device/usbd.c.o
                0x10005db0                tud_descriptor_other_speed_configuration_cb
 .text.tud_mount_cb
                0x10005db4        0x4 CMakeFiles/main.dir/home/anirudh/.pico-sdk/sdk/2.1.1/lib/tinyusb/src/device/usbd.c.o
                0x10005db4                tud_mount_cb
 .text.tud_umount_cb
                0x10005db8        0x4 CMakeFiles/main.dir/home/anirudh/.pico-sdk/sdk/2.1.1/lib/tinyusb/src/device/usbd.c.o
                0x10005db8                tud_umount_cb
 .text.tud_suspend_cb
                0x10005dbc        0x4 CMakeFiles/main.dir/home/anirudh/.pico-sdk/sdk/2.1.1/lib/tinyusb/src/device/usbd.c.o
                0x10005dbc                tud_suspend_cb
 .text.tud_resume_cb
                0x10005dc0        0x4 CMakeFiles/main.dir/home/anirudh/.pico-sdk/sdk/2.1.1/lib/tinyusb/src/device/usbd.c.o
                0x10005dc0                tud_resume_cb
 .text.tud_mounted
                0x10005dc4       0x10 CMakeFiles/main.dir/home/anirudh/.pico-sdk/sdk/2.1.1/lib/tinyusb/src/device/usbd.c.o
                0x10005dc4                tud_mounted
 .text.tud_suspended
                0x10005dd4       0x10 CMakeFiles/main.dir/home/anirudh/.pico-sdk/sdk/2.1.1/lib/tinyusb/src/device/usbd.c.o
                0x10005dd4                tud_suspended
 .text.tud_rhport_init
                0x10005de4       0xf4 CMakeFiles/main.dir/home/anirudh/.pico-sdk/sdk/2.1.1/lib/tinyusb/src/device/usbd.c.o
                0x10005de4                tud_rhport_init
 .text.tud_task_ext
                0x10005ed8      0x800 CMakeFiles/main.dir/home/anirudh/.pico-sdk/sdk/2.1.1/lib/tinyusb/src/device/usbd.c.o
                0x10005ed8                tud_task_ext
 .text.usbd_open_edpt_pair
                0x100066d8       0x9c CMakeFiles/main.dir/home/anirudh/.pico-sdk/sdk/2.1.1/lib/tinyusb/src/device/usbd.c.o
                0x100066d8                usbd_open_edpt_pair
 .text.usbd_edpt_open
                0x10006774       0x34 CMakeFiles/main.dir/home/anirudh/.pico-sdk/sdk/2.1.1/lib/tinyusb/src/device/usbd.c.o
                0x10006774                usbd_edpt_open
 .text.usbd_edpt_claim
                0x100067a8       0x28 CMakeFiles/main.dir/home/anirudh/.pico-sdk/sdk/2.1.1/lib/tinyusb/src/device/usbd.c.o
                0x100067a8                usbd_edpt_claim
 .text.usbd_edpt_release
                0x100067d0       0x28 CMakeFiles/main.dir/home/anirudh/.pico-sdk/sdk/2.1.1/lib/tinyusb/src/device/usbd.c.o
                0x100067d0                usbd_edpt_release
 .text.usbd_edpt_xfer
                0x100067f8       0x4c CMakeFiles/main.dir/home/anirudh/.pico-sdk/sdk/2.1.1/lib/tinyusb/src/device/usbd.c.o
                0x100067f8                usbd_edpt_xfer
 .text.tud_control_status
                0x10006844       0x2c CMakeFiles/main.dir/home/anirudh/.pico-sdk/sdk/2.1.1/lib/tinyusb/src/device/usbd_control.c.o
                0x10006844                tud_control_status
 .text.tud_control_xfer
                0x10006870       0xa8 CMakeFiles/main.dir/home/anirudh/.pico-sdk/sdk/2.1.1/lib/tinyusb/src/device/usbd_control.c.o
                0x10006870                tud_control_xfer
 .text.usbd_control_reset
                0x10006918       0x14 CMakeFiles/main.dir/home/anirudh/.pico-sdk/sdk/2.1.1/lib/tinyusb/src/device/usbd_control.c.o
                0x10006918                usbd_control_reset
 .text.usbd_control_set_complete_callback
                0x1000692c        0xc CMakeFiles/main.dir/home/anirudh/.pico-sdk/sdk/2.1.1/lib/tinyusb/src/device/usbd_control.c.o
                0x1000692c                usbd_control_set_complete_callback
 .text.usbd_control_set_request
                0x10006938       0x1c CMakeFiles/main.dir/home/anirudh/.pico-sdk/sdk/2.1.1/lib/tinyusb/src/device/usbd_control.c.o
                0x10006938                usbd_control_set_request
 .text.usbd_control_xfer_cb
                0x10006954       0xec CMakeFiles/main.dir/home/anirudh/.pico-sdk/sdk/2.1.1/lib/tinyusb/src/device/usbd_control.c.o
                0x10006954                usbd_control_xfer_cb
 .text._prep_out_transaction.isra.0
                0x10006a40       0x6c CMakeFiles/main.dir/home/anirudh/.pico-sdk/sdk/2.1.1/lib/tinyusb/src/class/cdc/cdc_device.c.o
 .text.tud_cdc_n_connected
                0x10006aac       0x2c CMakeFiles/main.dir/home/anirudh/.pico-sdk/sdk/2.1.1/lib/tinyusb/src/class/cdc/cdc_device.c.o
                0x10006aac                tud_cdc_n_connected
 .text.tud_cdc_n_available
                0x10006ad8       0x14 CMakeFiles/main.dir/home/anirudh/.pico-sdk/sdk/2.1.1/lib/tinyusb/src/class/cdc/cdc_device.c.o
                0x10006ad8                tud_cdc_n_available
 .text.tud_cdc_n_read
                0x10006aec       0x88 CMakeFiles/main.dir/home/anirudh/.pico-sdk/sdk/2.1.1/lib/tinyusb/src/class/cdc/cdc_device.c.o
                0x10006aec                tud_cdc_n_read
 .text.tud_cdc_n_write_flush
                0x10006b74       0x74 CMakeFiles/main.dir/home/anirudh/.pico-sdk/sdk/2.1.1/lib/tinyusb/src/class/cdc/cdc_device.c.o
                0x10006b74                tud_cdc_n_write_flush
 .text.tud_cdc_n_write
                0x10006be8       0x40 CMakeFiles/main.dir/home/anirudh/.pico-sdk/sdk/2.1.1/lib/tinyusb/src/class/cdc/cdc_device.c.o
                0x10006be8                tud_cdc_n_write
 .text.tud_cdc_n_write_available
                0x10006c28       0x14 CMakeFiles/main.dir/home/anirudh/.pico-sdk/sdk/2.1.1/lib/tinyusb/src/class/cdc/cdc_device.c.o
                0x10006c28                tud_cdc_n_write_available
 .text.tud_cdc_n_write_clear
                0x10006c3c       0x14 CMakeFiles/main.dir/home/anirudh/.pico-sdk/sdk/2.1.1/lib/tinyusb/src/class/cdc/cdc_device.c.o
                0x10006c3c                tud_cdc_n_write_clear
 .text.cdcd_init
                0x10006c50       0x70 CMakeFiles/main.dir/home/anirudh/.pico-sdk/sdk/2.1.1/lib/tinyusb/src/class/cdc/cdc_device.c.o
                0x10006c50                cdcd_init
 .text.cdcd_deinit
                0x10006cc0       0x30 CMakeFiles/main.dir/home/anirudh/.pico-sdk/sdk/2.1.1/lib/tinyusb/src/class/cdc/cdc_device.c.o
                0x10006cc0                cdcd_deinit
 .text.cdcd_reset
                0x10006cf0       0x4c CMakeFiles/main.dir/home/anirudh/.pico-sdk/sdk/2.1.1/lib/tinyusb/src/class/cdc/cdc_device.c.o
                0x10006cf0                cdcd_reset
 .text.cdcd_open
                0x10006d3c       0xa4 CMakeFiles/main.dir/home/anirudh/.pico-sdk/sdk/2.1.1/lib/tinyusb/src/class/cdc/cdc_device.c.o
                0x10006d3c                cdcd_open
 .text.cdcd_control_xfer_cb
                0x10006de0       0xe8 CMakeFiles/main.dir/home/anirudh/.pico-sdk/sdk/2.1.1/lib/tinyusb/src/class/cdc/cdc_device.c.o
                0x10006de0                cdcd_control_xfer_cb
 .text.cdcd_xfer_cb
                0x10006ec8      0x100 CMakeFiles/main.dir/home/anirudh/.pico-sdk/sdk/2.1.1/lib/tinyusb/src/class/cdc/cdc_device.c.o
                0x10006ec8                cdcd_xfer_cb
 .text.vendord_init
                0x10006fc8       0x5c CMakeFiles/main.dir/home/anirudh/.pico-sdk/sdk/2.1.1/lib/tinyusb/src/class/vendor/vendor_device.c.o
                0x10006fc8                vendord_init
 .text.vendord_deinit
                0x10007024       0x1c CMakeFiles/main.dir/home/anirudh/.pico-sdk/sdk/2.1.1/lib/tinyusb/src/class/vendor/vendor_device.c.o
                0x10007024                vendord_deinit
 .text.vendord_reset
                0x10007040       0x28 CMakeFiles/main.dir/home/anirudh/.pico-sdk/sdk/2.1.1/lib/tinyusb/src/class/vendor/vendor_device.c.o
                0x10007040                vendord_reset
 .text.vendord_open
                0x10007068      0x120 CMakeFiles/main.dir/home/anirudh/.pico-sdk/sdk/2.1.1/lib/tinyusb/src/class/vendor/vendor_device.c.o
                0x10007068                vendord_open
 .text.vendord_xfer_cb
                0x10007188       0x9c CMakeFiles/main.dir/home/anirudh/.pico-sdk/sdk/2.1.1/lib/tinyusb/src/class/vendor/vendor_device.c.o
                0x10007188                vendord_xfer_cb
 .text.tusb_rhport_init
                0x10007224       0x4c CMakeFiles/main.dir/home/anirudh/.pico-sdk/sdk/2.1.1/lib/tinyusb/src/tusb.c.o
                0x10007224                tusb_rhport_init
 .text.tu_edpt_claim
                0x10007270       0x50 CMakeFiles/main.dir/home/anirudh/.pico-sdk/sdk/2.1.1/lib/tinyusb/src/tusb.c.o
                0x10007270                tu_edpt_claim
 .text.tu_edpt_release
                0x100072c0       0x38 CMakeFiles/main.dir/home/anirudh/.pico-sdk/sdk/2.1.1/lib/tinyusb/src/tusb.c.o
                0x100072c0                tu_edpt_release
 .text.tu_edpt_validate
                0x100072f8       0x7c CMakeFiles/main.dir/home/anirudh/.pico-sdk/sdk/2.1.1/lib/tinyusb/src/tusb.c.o
                0x100072f8                tu_edpt_validate
 .text.tu_edpt_bind_driver
                0x10007374       0x34 CMakeFiles/main.dir/home/anirudh/.pico-sdk/sdk/2.1.1/lib/tinyusb/src/tusb.c.o
                0x10007374                tu_edpt_bind_driver
 .text.tu_edpt_stream_init
                0x100073a8       0x6c CMakeFiles/main.dir/home/anirudh/.pico-sdk/sdk/2.1.1/lib/tinyusb/src/tusb.c.o
                0x100073a8                tu_edpt_stream_init
 .text.tu_edpt_stream_deinit
                0x10007414        0x4 CMakeFiles/main.dir/home/anirudh/.pico-sdk/sdk/2.1.1/lib/tinyusb/src/tusb.c.o
                0x10007414                tu_edpt_stream_deinit
 .text.tu_edpt_stream_write_zlp_if_needed
                0x10007418       0x68 CMakeFiles/main.dir/home/anirudh/.pico-sdk/sdk/2.1.1/lib/tinyusb/src/tusb.c.o
                0x10007418                tu_edpt_stream_write_zlp_if_needed
 .text.tu_edpt_stream_write_xfer
                0x10007480       0x68 CMakeFiles/main.dir/home/anirudh/.pico-sdk/sdk/2.1.1/lib/tinyusb/src/tusb.c.o
                0x10007480                tu_edpt_stream_write_xfer
 .text.tu_edpt_stream_read_xfer
                0x100074e8       0xd8 CMakeFiles/main.dir/home/anirudh/.pico-sdk/sdk/2.1.1/lib/tinyusb/src/tusb.c.o
                0x100074e8                tu_edpt_stream_read_xfer
 .text.tu_fifo_config
                0x100075c0       0x6c CMakeFiles/main.dir/home/anirudh/.pico-sdk/sdk/2.1.1/lib/tinyusb/src/common/tusb_fifo.c.o
                0x100075c0                tu_fifo_config
 .text.tu_fifo_count
                0x1000762c       0x2c CMakeFiles/main.dir/home/anirudh/.pico-sdk/sdk/2.1.1/lib/tinyusb/src/common/tusb_fifo.c.o
                0x1000762c                tu_fifo_count
 .text.tu_fifo_empty
                0x10007658       0x10 CMakeFiles/main.dir/home/anirudh/.pico-sdk/sdk/2.1.1/lib/tinyusb/src/common/tusb_fifo.c.o
                0x10007658                tu_fifo_empty
 .text.tu_fifo_remaining
                0x10007668       0x2c CMakeFiles/main.dir/home/anirudh/.pico-sdk/sdk/2.1.1/lib/tinyusb/src/common/tusb_fifo.c.o
                0x10007668                tu_fifo_remaining
 .text.tu_fifo_read
                0x10007694       0x9c CMakeFiles/main.dir/home/anirudh/.pico-sdk/sdk/2.1.1/lib/tinyusb/src/common/tusb_fifo.c.o
                0x10007694                tu_fifo_read
 .text.tu_fifo_read_n
                0x10007730       0xe8 CMakeFiles/main.dir/home/anirudh/.pico-sdk/sdk/2.1.1/lib/tinyusb/src/common/tusb_fifo.c.o
                0x10007730                tu_fifo_read_n
 .text.tu_fifo_write
                0x10007818       0xa4 CMakeFiles/main.dir/home/anirudh/.pico-sdk/sdk/2.1.1/lib/tinyusb/src/common/tusb_fifo.c.o
                0x10007818                tu_fifo_write
 .text.tu_fifo_write_n
                0x100078bc      0x178 CMakeFiles/main.dir/home/anirudh/.pico-sdk/sdk/2.1.1/lib/tinyusb/src/common/tusb_fifo.c.o
                0x100078bc                tu_fifo_write_n
 .text.tu_fifo_clear
                0x10007a34       0x40 CMakeFiles/main.dir/home/anirudh/.pico-sdk/sdk/2.1.1/lib/tinyusb/src/common/tusb_fifo.c.o
                0x10007a34                tu_fifo_clear
 .text.tu_fifo_set_overwritable
                0x10007a74       0x48 CMakeFiles/main.dir/home/anirudh/.pico-sdk/sdk/2.1.1/lib/tinyusb/src/common/tusb_fifo.c.o
                0x10007a74                tu_fifo_set_overwritable
 .text.strlen   0x10007abc       0x5c /home/anirudh/.pico-sdk/toolchain/14_2_Rel1/bin/../lib/gcc/arm-none-eabi/14.2.1/../../../../arm-none-eabi/lib/thumb/v6-m/nofp/libg.a(libc_a-strlen-stub.o)
                0x10007abc                strlen
 *(.fini)
 .fini          0x10007b18        0x4 /home/anirudh/.pico-sdk/toolchain/14_2_Rel1/bin/../lib/gcc/arm-none-eabi/14.2.1/thumb/v6-m/nofp/crti.o
                0x10007b18                _fini
 *fill*         0x10007b1c        0x4 
 .fini.__stub   0x10007b20       0xc0 linker stubs
 *crtbegin.o(.ctors)
 *crtbegin?.o(.ctors)
 *(EXCLUDE_FILE(*crtend.o *crtend?.o) .ctors)
 *(SORT_BY_NAME(.ctors.*))
 *(.ctors)
 *crtbegin.o(.dtors)
 *crtbegin?.o(.dtors)
 *(EXCLUDE_FILE(*crtend.o *crtend?.o) .dtors)
 *(SORT_BY_NAME(.dtors.*))
 *(.dtors)
                0x10007be0                        . = ALIGN (0x4)
                0x10007be0                        PROVIDE (__preinit_array_start = .)
 *(SORT_BY_NAME(.preinit_array.*))
 .preinit_array.00100
                0x10007be0        0x4 CMakeFiles/main.dir/home/anirudh/.pico-sdk/sdk/2.1.1/src/rp2_common/pico_runtime_init/runtime_init.c.o
                0x10007be0                __pre_init_runtime_init_early_resets
 .preinit_array.00101
                0x10007be4        0x4 CMakeFiles/main.dir/home/anirudh/.pico-sdk/sdk/2.1.1/src/rp2_common/pico_runtime_init/runtime_init.c.o
                0x10007be4                __pre_init_runtime_init_usb_power_down
 .preinit_array.00275
                0x10007be8        0x4 CMakeFiles/main.dir/home/anirudh/.pico-sdk/sdk/2.1.1/src/rp2_common/pico_bit_ops/bit_ops_aeabi.S.o
 .preinit_array.00300
                0x10007bec        0x4 CMakeFiles/main.dir/home/anirudh/.pico-sdk/sdk/2.1.1/src/rp2_common/pico_mem_ops/mem_ops_aeabi.S.o
 .preinit_array.00350
                0x10007bf0        0x4 CMakeFiles/main.dir/home/anirudh/.pico-sdk/sdk/2.1.1/src/rp2_common/pico_double/double_aeabi_rp2040.S.o
 .preinit_array.00350
                0x10007bf4        0x4 CMakeFiles/main.dir/home/anirudh/.pico-sdk/sdk/2.1.1/src/rp2_common/pico_float/float_aeabi_rp2040.S.o
 .preinit_array.00500
                0x10007bf8        0x4 CMakeFiles/main.dir/home/anirudh/.pico-sdk/sdk/2.1.1/src/rp2_common/pico_runtime_init/runtime_init.c.o
                0x10007bf8                __pre_init_runtime_init_clocks
 .preinit_array.00600
                0x10007bfc        0x4 CMakeFiles/main.dir/home/anirudh/.pico-sdk/sdk/2.1.1/src/rp2_common/pico_runtime_init/runtime_init.c.o
                0x10007bfc                __pre_init_runtime_init_post_clock_resets
 .preinit_array.00700
                0x10007c00        0x4 CMakeFiles/main.dir/home/anirudh/.pico-sdk/sdk/2.1.1/src/rp2_common/pico_runtime_init/runtime_init.c.o
                0x10007c00                __pre_init_runtime_init_rp2040_gpio_ie_disable
 .preinit_array.01000
                0x10007c04        0x4 CMakeFiles/main.dir/home/anirudh/.pico-sdk/sdk/2.1.1/src/rp2_common/pico_runtime_init/runtime_init.c.o
                0x10007c04                __pre_init_runtime_init_spin_locks_reset
 .preinit_array.01100
                0x10007c08        0x4 CMakeFiles/main.dir/home/anirudh/.pico-sdk/sdk/2.1.1/src/common/pico_sync/mutex.c.o
                0x10007c08                __pre_init_runtime_init_mutex
 .preinit_array.10080
                0x10007c0c        0x4 CMakeFiles/main.dir/home/anirudh/.pico-sdk/sdk/2.1.1/src/rp2_common/pico_runtime_init/runtime_init.c.o
                0x10007c0c                __pre_init_runtime_init_install_ram_vector_table
 .preinit_array.11000
                0x10007c10        0x4 CMakeFiles/main.dir/home/anirudh/.pico-sdk/sdk/2.1.1/src/common/pico_time/time.c.o
                0x10007c10                __pre_init_runtime_init_default_alarm_pool
 .preinit_array.YYYYY
                0x10007c14        0x4 CMakeFiles/main.dir/home/anirudh/.pico-sdk/sdk/2.1.1/src/rp2_common/pico_runtime/runtime.c.o
                0x10007c14                __pre_init_first_per_core_initializer
 .preinit_array.ZZZZZ.01200
                0x10007c18        0x4 CMakeFiles/main.dir/home/anirudh/.pico-sdk/sdk/2.1.1/src/rp2_common/hardware_irq/irq.c.o
                0x10007c18                __pre_init_runtime_init_per_core_irq_priorities
 *(.preinit_array)
                0x10007c1c                        PROVIDE (__preinit_array_end = .)
                0x10007c1c                        . = ALIGN (0x4)
                0x10007c1c                        PROVIDE (__init_array_start = .)
 *(SORT_BY_NAME(.init_array.*))
 *(.init_array)
 .init_array    0x10007c1c        0x4 /home/anirudh/.pico-sdk/toolchain/14_2_Rel1/bin/../lib/gcc/arm-none-eabi/14.2.1/thumb/v6-m/nofp/crtbegin.o
 .init_array    0x10007c20        0x4 CMakeFiles/main.dir/home/anirudh/.pico-sdk/sdk/2.1.1/src/rp2_common/pico_unique_id/unique_id.c.o
                0x10007c24                        PROVIDE (__init_array_end = .)
                0x10007c24                        . = ALIGN (0x4)
                [!provide]                        PROVIDE (__fini_array_start = .)
 *(SORT_BY_NAME(.fini_array.*))
 *(.fini_array)
                [!provide]                        PROVIDE (__fini_array_end = .)
 *(.eh_frame*)
 .eh_frame      0x10007c24        0x0 /home/anirudh/.pico-sdk/toolchain/14_2_Rel1/bin/../lib/gcc/arm-none-eabi/14.2.1/thumb/v6-m/nofp/crtbegin.o
                0x10007c24                        . = ALIGN (0x4)

.glue_7         0x10007c24        0x0
 .glue_7        0x10007c24        0x0 linker stubs

.glue_7t        0x10007c24        0x0
 .glue_7t       0x10007c24        0x0 linker stubs

.vfp11_veneer   0x10007c24        0x0
 .vfp11_veneer  0x10007c24        0x0 linker stubs

.v4_bx          0x10007c24        0x0
 .v4_bx         0x10007c24        0x0 linker stubs

.iplt           0x10007c24        0x0
 .iplt          0x10007c24        0x0 /home/anirudh/.pico-sdk/toolchain/14_2_Rel1/bin/../lib/gcc/arm-none-eabi/14.2.1/thumb/v6-m/nofp/crtbegin.o

.rodata         0x10007c28      0x8b4
 *(EXCLUDE_FILE(*libm.a: *libc.a:*lib_a-mem*.o *libgcc.a:) .rodata*)
 .rodata.sendUSBMessage.str1.4
                0x10007c28      0x400 CMakeFiles/main.dir/main.c.o
                                 0x13 (size before relaxing)
 .rodata.readUSBBuffer.str1.4
                0x10008028      0x116 CMakeFiles/main.dir/main.c.o
 .rodata.main.str1.4
                0x10008028      0x162 CMakeFiles/main.dir/main.c.o
 .rodata.panic.str1.4
                0x10008028       0x12 CMakeFiles/main.dir/home/anirudh/.pico-sdk/sdk/2.1.1/src/rp2_common/pico_platform_panic/panic.c.o
 .rodata.spin_lock_claim_unused.str1.4
                0x10008028       0x1b CMakeFiles/main.dir/home/anirudh/.pico-sdk/sdk/2.1.1/src/rp2_common/hardware_sync/sync.c.o
 .rodata.user_irq_claim_unused.str1.4
                0x10008028       0x1b CMakeFiles/main.dir/home/anirudh/.pico-sdk/sdk/2.1.1/src/rp2_common/hardware_irq/irq.c.o
 .rodata.timer_hardware_alarm_claim.str1.4
                0x10008028       0x22 CMakeFiles/main.dir/home/anirudh/.pico-sdk/sdk/2.1.1/src/rp2_common/hardware_timer/timer.c.o
 .rodata.hard_assertion_failure.str1.4
                0x10008028        0xc CMakeFiles/main.dir/home/anirudh/.pico-sdk/sdk/2.1.1/src/rp2_common/pico_runtime/runtime.c.o
 .rodata.str1.4
                0x10008028       0x40 CMakeFiles/main.dir/home/anirudh/.pico-sdk/sdk/2.1.1/src/rp2_common/pico_standard_binary_info/standard_binary_info.c.o
 .rodata.__bi_84
                0x10008028        0xc CMakeFiles/main.dir/home/anirudh/.pico-sdk/sdk/2.1.1/src/rp2_common/pico_standard_binary_info/standard_binary_info.c.o
 .rodata.__bi_78
                0x10008034        0xc CMakeFiles/main.dir/home/anirudh/.pico-sdk/sdk/2.1.1/src/rp2_common/pico_standard_binary_info/standard_binary_info.c.o
 .rodata.__bi_60
                0x10008040        0xc CMakeFiles/main.dir/home/anirudh/.pico-sdk/sdk/2.1.1/src/rp2_common/pico_standard_binary_info/standard_binary_info.c.o
 .rodata.__bi_54
                0x1000804c        0xc CMakeFiles/main.dir/home/anirudh/.pico-sdk/sdk/2.1.1/src/rp2_common/pico_standard_binary_info/standard_binary_info.c.o
 .rodata.__bi_48
                0x10008058        0xc CMakeFiles/main.dir/home/anirudh/.pico-sdk/sdk/2.1.1/src/rp2_common/pico_standard_binary_info/standard_binary_info.c.o
 .rodata.__bi_42
                0x10008064        0xc CMakeFiles/main.dir/home/anirudh/.pico-sdk/sdk/2.1.1/src/rp2_common/pico_standard_binary_info/standard_binary_info.c.o
 .rodata.__bi_34
                0x10008070        0xc CMakeFiles/main.dir/home/anirudh/.pico-sdk/sdk/2.1.1/src/rp2_common/pico_standard_binary_info/standard_binary_info.c.o
 .rodata.__bi_26
                0x1000807c        0xc CMakeFiles/main.dir/home/anirudh/.pico-sdk/sdk/2.1.1/src/rp2_common/pico_standard_binary_info/standard_binary_info.c.o
 .rodata._ftoa.str1.4
                0x10008088       0x15 CMakeFiles/main.dir/home/anirudh/.pico-sdk/sdk/2.1.1/src/rp2_common/pico_printf/printf.c.o
 .rodata._vsnprintf
                0x10008088      0x19c CMakeFiles/main.dir/home/anirudh/.pico-sdk/sdk/2.1.1/src/rp2_common/pico_printf/printf.c.o
 *fill*         0x10008224        0x4 
 .rodata.pow10.0
                0x10008228       0x50 CMakeFiles/main.dir/home/anirudh/.pico-sdk/sdk/2.1.1/src/rp2_common/pico_printf/printf.c.o
 .rodata.crlf_str.0
                0x10008278        0x2 CMakeFiles/main.dir/home/anirudh/.pico-sdk/sdk/2.1.1/src/rp2_common/pico_stdio/stdio.c.o
 *fill*         0x1000827a        0x2 
 .rodata._resetd_driver
                0x1000827c       0x20 CMakeFiles/main.dir/home/anirudh/.pico-sdk/sdk/2.1.1/src/rp2_common/pico_stdio_usb/reset_interface.c.o
 .rodata.desc_ms_os_20
                0x1000829c       0xa6 CMakeFiles/main.dir/home/anirudh/.pico-sdk/sdk/2.1.1/src/rp2_common/pico_stdio_usb/reset_interface.c.o
 *fill*         0x10008342        0x2 
 .rodata.desc_bos
                0x10008344       0x21 CMakeFiles/main.dir/home/anirudh/.pico-sdk/sdk/2.1.1/src/rp2_common/pico_stdio_usb/reset_interface.c.o
                0x10008344                desc_bos
 .rodata.str1.4
                0x10008365       0x13 CMakeFiles/main.dir/home/anirudh/.pico-sdk/sdk/2.1.1/src/rp2_common/pico_stdio_usb/stdio_usb.c.o
 *fill*         0x10008365        0x3 
 .rodata.__bi_197.0
                0x10008368        0xc CMakeFiles/main.dir/home/anirudh/.pico-sdk/sdk/2.1.1/src/rp2_common/pico_stdio_usb/stdio_usb.c.o
 .rodata.str1.4
                0x10008374       0x2a CMakeFiles/main.dir/home/anirudh/.pico-sdk/sdk/2.1.1/src/rp2_common/pico_stdio_usb/stdio_usb_descriptors.c.o
 .rodata.usbd_desc_str
                0x10008374       0x18 CMakeFiles/main.dir/home/anirudh/.pico-sdk/sdk/2.1.1/src/rp2_common/pico_stdio_usb/stdio_usb_descriptors.c.o
 .rodata.usbd_desc_cfg
                0x1000838c       0x54 CMakeFiles/main.dir/home/anirudh/.pico-sdk/sdk/2.1.1/src/rp2_common/pico_stdio_usb/stdio_usb_descriptors.c.o
 .rodata.usbd_desc_device
                0x100083e0       0x12 CMakeFiles/main.dir/home/anirudh/.pico-sdk/sdk/2.1.1/src/rp2_common/pico_stdio_usb/stdio_usb_descriptors.c.o
 .rodata.str1.4
                0x100083f2       0x14 CMakeFiles/main.dir/home/anirudh/.pico-sdk/sdk/2.1.1/lib/tinyusb/src/portable/raspberrypi/rp2040/dcd_rp2040.c.o
 .rodata.str1.4
                0x100083f2       0x48 CMakeFiles/main.dir/home/anirudh/.pico-sdk/sdk/2.1.1/lib/tinyusb/src/portable/raspberrypi/rp2040/rp2040_usb.c.o
 *fill*         0x100083f2        0x2 
 .rodata.tud_task_ext
                0x100083f4       0x8c CMakeFiles/main.dir/home/anirudh/.pico-sdk/sdk/2.1.1/lib/tinyusb/src/device/usbd.c.o
 .rodata        0x10008480       0x1c CMakeFiles/main.dir/home/anirudh/.pico-sdk/sdk/2.1.1/lib/tinyusb/src/device/usbd.c.o
 .rodata._usbd_driver
                0x1000849c       0x40 CMakeFiles/main.dir/home/anirudh/.pico-sdk/sdk/2.1.1/lib/tinyusb/src/device/usbd.c.o
                0x100084dc                        . = ALIGN (0x4)
 *(SORT_BY_ALIGNMENT(SORT_BY_NAME(.flashdata*)))
                0x100084dc                        . = ALIGN (0x4)

.ARM.extab
 *(.ARM.extab* .gnu.linkonce.armextab.*)
                0x100084dc                        __exidx_start = .

.ARM.exidx
 *(.ARM.exidx* .gnu.linkonce.armexidx.*)
                0x100084dc                        __exidx_end = .
                0x100084dc                        . = ALIGN (0x4)
                0x100084dc                        __binary_info_start = .

.binary_info    0x100084dc       0x24
 *(.binary_info.keep.*)
 .binary_info.keep.__bi_ptr84
                0x100084dc        0x4 CMakeFiles/main.dir/home/anirudh/.pico-sdk/sdk/2.1.1/src/rp2_common/pico_standard_binary_info/standard_binary_info.c.o
 .binary_info.keep.__bi_ptr78
                0x100084e0        0x4 CMakeFiles/main.dir/home/anirudh/.pico-sdk/sdk/2.1.1/src/rp2_common/pico_standard_binary_info/standard_binary_info.c.o
 .binary_info.keep.__bi_ptr60
                0x100084e4        0x4 CMakeFiles/main.dir/home/anirudh/.pico-sdk/sdk/2.1.1/src/rp2_common/pico_standard_binary_info/standard_binary_info.c.o
 .binary_info.keep.__bi_ptr54
                0x100084e8        0x4 CMakeFiles/main.dir/home/anirudh/.pico-sdk/sdk/2.1.1/src/rp2_common/pico_standard_binary_info/standard_binary_info.c.o
 .binary_info.keep.__bi_ptr48
                0x100084ec        0x4 CMakeFiles/main.dir/home/anirudh/.pico-sdk/sdk/2.1.1/src/rp2_common/pico_standard_binary_info/standard_binary_info.c.o
 .binary_info.keep.__bi_ptr42
                0x100084f0        0x4 CMakeFiles/main.dir/home/anirudh/.pico-sdk/sdk/2.1.1/src/rp2_common/pico_standard_binary_info/standard_binary_info.c.o
 .binary_info.keep.__bi_ptr34
                0x100084f4        0x4 CMakeFiles/main.dir/home/anirudh/.pico-sdk/sdk/2.1.1/src/rp2_common/pico_standard_binary_info/standard_binary_info.c.o
 .binary_info.keep.__bi_ptr26
                0x100084f8        0x4 CMakeFiles/main.dir/home/anirudh/.pico-sdk/sdk/2.1.1/src/rp2_common/pico_standard_binary_info/standard_binary_info.c.o
 *(.binary_info.*)
 .binary_info.__bi_ptr197
                0x100084fc        0x4 CMakeFiles/main.dir/home/anirudh/.pico-sdk/sdk/2.1.1/src/rp2_common/pico_stdio_usb/stdio_usb.c.o
                0x10008500                        __binary_info_end = .

.rel.dyn        0x10008500        0x0
 .rel.iplt      0x10008500        0x0 /home/anirudh/.pico-sdk/toolchain/14_2_Rel1/bin/../lib/gcc/arm-none-eabi/14.2.1/thumb/v6-m/nofp/crtbegin.o
                0x10008500                        . = ALIGN (0x4)

.ram_vector_table
                0x20000000       0xc0
 *(.ram_vector_table)
 .ram_vector_table
                0x20000000       0xc0 CMakeFiles/main.dir/home/anirudh/.pico-sdk/sdk/2.1.1/src/rp2_common/pico_runtime_init/runtime_init.c.o
                0x20000000                ram_vector_table

.uninitialized_data
                0x200000c0        0x0
                0x200000c0                        . = ALIGN (0x4)
 *(.uninitialized_data*)

.data           0x200000c0      0xfb0 load address 0x10008500
                0x200000c0                        __data_start__ = .
 *(vtable)
 *(.time_critical*)
 .time_critical.mutex_try_enter
                0x200000c0       0x40 CMakeFiles/main.dir/home/anirudh/.pico-sdk/sdk/2.1.1/src/common/pico_sync/mutex.c.o
                0x200000c0                mutex_try_enter
 .time_critical.mutex_try_enter_block_until
                0x20000100       0x98 CMakeFiles/main.dir/home/anirudh/.pico-sdk/sdk/2.1.1/src/common/pico_sync/mutex.c.o
                0x20000100                mutex_try_enter_block_until
 .time_critical.mutex_enter_timeout_ms
                0x20000198       0x8c CMakeFiles/main.dir/home/anirudh/.pico-sdk/sdk/2.1.1/src/common/pico_sync/mutex.c.o
                0x20000198                mutex_enter_timeout_ms
 .time_critical.mutex_exit
                0x20000224       0x28 CMakeFiles/main.dir/home/anirudh/.pico-sdk/sdk/2.1.1/src/common/pico_sync/mutex.c.o
                0x20000224                mutex_exit
 .time_critical.flash_init_boot2_copyout
                0x2000024c       0x30 CMakeFiles/main.dir/home/anirudh/.pico-sdk/sdk/2.1.1/src/rp2_common/hardware_flash/flash.c.o
 .time_critical.flash_enable_xip_via_boot2
                0x2000027c        0xc CMakeFiles/main.dir/home/anirudh/.pico-sdk/sdk/2.1.1/src/rp2_common/hardware_flash/flash.c.o
 .time_critical.flash_cs_force
                0x20000288       0x38 CMakeFiles/main.dir/home/anirudh/.pico-sdk/sdk/2.1.1/src/rp2_common/hardware_flash/flash.c.o
 .time_critical.flash_do_cmd
                0x200002c0      0x130 CMakeFiles/main.dir/home/anirudh/.pico-sdk/sdk/2.1.1/src/rp2_common/hardware_flash/flash.c.o
                0x200002c0                flash_do_cmd
 .time_critical.reset_non_control_endpoints
                0x200003f0       0x68 CMakeFiles/main.dir/home/anirudh/.pico-sdk/sdk/2.1.1/lib/tinyusb/src/portable/raspberrypi/rp2040/dcd_rp2040.c.o
 .time_critical.hw_handle_buff_status
                0x20000458       0xa0 CMakeFiles/main.dir/home/anirudh/.pico-sdk/sdk/2.1.1/lib/tinyusb/src/portable/raspberrypi/rp2040/dcd_rp2040.c.o
 .time_critical.dcd_rp2040_irq
                0x200004f8      0x548 CMakeFiles/main.dir/home/anirudh/.pico-sdk/sdk/2.1.1/lib/tinyusb/src/portable/raspberrypi/rp2040/dcd_rp2040.c.o
 .time_critical.prepare_ep_buffer
                0x20000a40       0xc8 CMakeFiles/main.dir/home/anirudh/.pico-sdk/sdk/2.1.1/lib/tinyusb/src/portable/raspberrypi/rp2040/rp2040_usb.c.o
 .time_critical.sync_ep_buffer
                0x20000b08       0x9c CMakeFiles/main.dir/home/anirudh/.pico-sdk/sdk/2.1.1/lib/tinyusb/src/portable/raspberrypi/rp2040/rp2040_usb.c.o
 .time_critical._hw_endpoint_xfer_sync
                0x20000ba4       0x28 CMakeFiles/main.dir/home/anirudh/.pico-sdk/sdk/2.1.1/lib/tinyusb/src/portable/raspberrypi/rp2040/rp2040_usb.c.o
 .time_critical.e15_is_bulkin_ep
                0x20000bcc       0x28 CMakeFiles/main.dir/home/anirudh/.pico-sdk/sdk/2.1.1/lib/tinyusb/src/portable/raspberrypi/rp2040/rp2040_usb.c.o
 .time_critical.e15_is_critical_frame_period
                0x20000bf4       0x34 CMakeFiles/main.dir/home/anirudh/.pico-sdk/sdk/2.1.1/lib/tinyusb/src/portable/raspberrypi/rp2040/rp2040_usb.c.o
 .time_critical.hw_endpoint_reset_transfer
                0x20000c28        0xc CMakeFiles/main.dir/home/anirudh/.pico-sdk/sdk/2.1.1/lib/tinyusb/src/portable/raspberrypi/rp2040/rp2040_usb.c.o
                0x20000c28                hw_endpoint_reset_transfer
 .time_critical._hw_endpoint_buffer_control_update32
                0x20000c34       0x50 CMakeFiles/main.dir/home/anirudh/.pico-sdk/sdk/2.1.1/lib/tinyusb/src/portable/raspberrypi/rp2040/rp2040_usb.c.o
                0x20000c34                _hw_endpoint_buffer_control_update32
 .time_critical.hw_endpoint_start_next_buffer
                0x20000c84       0x68 CMakeFiles/main.dir/home/anirudh/.pico-sdk/sdk/2.1.1/lib/tinyusb/src/portable/raspberrypi/rp2040/rp2040_usb.c.o
                0x20000c84                hw_endpoint_start_next_buffer
 .time_critical.hw_endpoint_xfer_continue
                0x20000cec       0x40 CMakeFiles/main.dir/home/anirudh/.pico-sdk/sdk/2.1.1/lib/tinyusb/src/portable/raspberrypi/rp2040/rp2040_usb.c.o
                0x20000cec                hw_endpoint_xfer_continue
 .time_critical.tinyusb
                0x20000d2c      0x1e4 CMakeFiles/main.dir/home/anirudh/.pico-sdk/sdk/2.1.1/lib/tinyusb/src/device/usbd.c.o
                0x20000d2c                dcd_event_handler
 *(.text*)
 .text          0x20000f10        0x4 /home/anirudh/.pico-sdk/toolchain/14_2_Rel1/bin/../lib/gcc/arm-none-eabi/14.2.1/thumb/v6-m/nofp/libgcc.a(_dvmd_tls.o)
                0x20000f10                __aeabi_ldiv0
                0x20000f10                __aeabi_idiv0
 *fill*         0x20000f14        0x4 
 .text.__stub   0x20000f18       0x80 linker stubs
                0x20000f98                        . = ALIGN (0x4)
 *(.rodata*)
                0x20000f98                        . = ALIGN (0x4)
 *(.data*)
 .data.skip_checksum
                0x20000f98        0x1 CMakeFiles/main.dir/main.c.o
                0x20000f98                skip_checksum
 *fill*         0x20000f99        0x3 
 .data.dirn     0x20000f9c        0x4 CMakeFiles/main.dir/main.c.o
                0x20000f9c                dirn
 .data.log_value_4
                0x20000fa0        0x1 CMakeFiles/main.dir/main.c.o
                0x20000fa0                log_value_4
 .data.log_value_3
                0x20000fa1        0x1 CMakeFiles/main.dir/main.c.o
                0x20000fa1                log_value_3
 .data.log_value_2
                0x20000fa2        0x1 CMakeFiles/main.dir/main.c.o
                0x20000fa2                log_value_2
 .data.log_value_1
                0x20000fa3        0x1 CMakeFiles/main.dir/main.c.o
                0x20000fa3                log_value_1
 .data.striped_spin_lock_num
                0x20000fa4        0x1 CMakeFiles/main.dir/home/anirudh/.pico-sdk/sdk/2.1.1/src/rp2_common/hardware_sync/sync.c.o
 *fill*         0x20000fa5        0x3 
 .data          0x20000fa8       0x48 CMakeFiles/main.dir/home/anirudh/.pico-sdk/sdk/2.1.1/src/rp2_common/hardware_irq/irq_handler_chain.S.o
                0x20000fa8                irq_handler_chain_slots
                0x20000fd8                irq_handler_chain_first_slot
                0x20000fe2                irq_handler_chain_remove_tail
 .data.default_alarm_pool
                0x20000ff0       0x18 CMakeFiles/main.dir/home/anirudh/.pico-sdk/sdk/2.1.1/src/common/pico_time/time.c.o
 *fill*         0x20001008        0x8 
 .data.aeabi_bits_funcs
                0x20001010       0x10 CMakeFiles/main.dir/home/anirudh/.pico-sdk/sdk/2.1.1/src/rp2_common/pico_bit_ops/bit_ops_aeabi.S.o
                0x20001010                aeabi_bits_funcs
                0x20001020                aeabi_bits_funcs_end
 .data.aeabi_mem_funcs
                0x20001020       0x10 CMakeFiles/main.dir/home/anirudh/.pico-sdk/sdk/2.1.1/src/rp2_common/pico_mem_ops/mem_ops_aeabi.S.o
                0x20001020                aeabi_mem_funcs
                0x20001030                aeabi_mem_funcs_end
 .data.stdio_usb
                0x20001030       0x18 CMakeFiles/main.dir/home/anirudh/.pico-sdk/sdk/2.1.1/src/rp2_common/pico_stdio_usb/stdio_usb.c.o
                0x20001030                stdio_usb
 .data._usbd_qdef
                0x20001048       0x1c CMakeFiles/main.dir/home/anirudh/.pico-sdk/sdk/2.1.1/lib/tinyusb/src/device/usbd.c.o
                0x20001048                _usbd_qdef
 .data._usbd_rhport
                0x20001064        0x1 CMakeFiles/main.dir/home/anirudh/.pico-sdk/sdk/2.1.1/lib/tinyusb/src/device/usbd.c.o
                0x20001068                        . = ALIGN (0x4)
 *fill*         0x20001065        0x3 
 *(.after_data.*)
                0x20001068                        . = ALIGN (0x4)
                0x20001068                        PROVIDE (__mutex_array_start = .)
 *(SORT_BY_NAME(.mutex_array.*))
 *(.mutex_array)
 .mutex_array   0x20001068        0x8 CMakeFiles/main.dir/home/anirudh/.pico-sdk/sdk/2.1.1/src/rp2_common/pico_stdio/stdio.c.o
                0x20001070                        PROVIDE (__mutex_array_end = .)
                0x20001070                        . = ALIGN (0x4)
 *(.jcr)
                0x20001070                        . = ALIGN (0x4)

.tm_clone_table
                0x20001070        0x0 load address 0x100094b0
 .tm_clone_table
                0x20001070        0x0 /home/anirudh/.pico-sdk/toolchain/14_2_Rel1/bin/../lib/gcc/arm-none-eabi/14.2.1/thumb/v6-m/nofp/crtbegin.o
 .tm_clone_table
                0x20001070        0x0 /home/anirudh/.pico-sdk/toolchain/14_2_Rel1/bin/../lib/gcc/arm-none-eabi/14.2.1/thumb/v6-m/nofp/crtend.o

.igot.plt       0x20001070        0x0 load address 0x100094b0
 .igot.plt      0x20001070        0x0 /home/anirudh/.pico-sdk/toolchain/14_2_Rel1/bin/../lib/gcc/arm-none-eabi/14.2.1/thumb/v6-m/nofp/crtbegin.o

.tdata          0x20001070        0x0 load address 0x100094b0
                0x20001070                        . = ALIGN (0x4)
 *(.tdata .tdata.* .gnu.linkonce.td.*)
                0x20001070                        __tdata_end = .
                0x20001070                        PROVIDE (__data_end__ = .)
                0x10008500                        __etext = LOADADDR (.data)

.tbss           0x20001070        0x0 load address 0x100094b0
                0x20001070                        . = ALIGN (0x4)
                0x20001070                        __bss_start__ = .
                0x20001070                        __tls_base = .
 *(.tbss .tbss.* .gnu.linkonce.tb.*)
 *(.tcommon)
                0x20001070                        __tls_end = .

.bss            0x20001070      0xf80 load address 0x100094b0
                0x20001070                        . = ALIGN (0x4)
                0x20001070                        __tbss_end = .
 *(SORT_BY_ALIGNMENT(SORT_BY_NAME(.bss*)))
 .bss.TimePeriod
                0x20001070       0x20 CMakeFiles/main.dir/main.c.o
                0x20001070                TimePeriod
 .bss.TimeStamp
                0x20001090       0x40 CMakeFiles/main.dir/main.c.o
                0x20001090                TimeStamp
 .bss.default_alarm_pool_entries
                0x200010d0      0x180 CMakeFiles/main.dir/home/anirudh/.pico-sdk/sdk/2.1.1/src/common/pico_time/time.c.o
 .bss.last_avail_time.1
                0x20001250        0x8 CMakeFiles/main.dir/home/anirudh/.pico-sdk/sdk/2.1.1/src/rp2_common/pico_stdio_usb/stdio_usb.c.o
 .bss.sd_table  0x20001258      0x100 CMakeFiles/main.dir/home/anirudh/.pico-sdk/sdk/2.1.1/src/rp2_common/pico_double/double_init_rom_rp2040.c.o
                0x20001258                sd_table
 .bss.sf_table  0x20001358      0x100 CMakeFiles/main.dir/home/anirudh/.pico-sdk/sdk/2.1.1/src/rp2_common/pico_float/float_init_rom_rp2040.c.o
                0x20001358                sf_table
 .bss.REVOLUTIONS
                0x20001458       0x10 CMakeFiles/main.dir/main.c.o
                0x20001458                REVOLUTIONS
 .bss._app_driver
                0x20001468        0x4 CMakeFiles/main.dir/home/anirudh/.pico-sdk/sdk/2.1.1/lib/tinyusb/src/device/usbd.c.o
 .bss._cdcd_epbuf
                0x2000146c       0x80 CMakeFiles/main.dir/home/anirudh/.pico-sdk/sdk/2.1.1/lib/tinyusb/src/class/cdc/cdc_device.c.o
 .bss._cdcd_fifo_cfg
                0x200014ec        0x1 CMakeFiles/main.dir/home/anirudh/.pico-sdk/sdk/2.1.1/lib/tinyusb/src/class/cdc/cdc_device.c.o
 *fill*         0x200014ed        0x3 
 .bss._cdcd_itf
                0x200014f0       0xc8 CMakeFiles/main.dir/home/anirudh/.pico-sdk/sdk/2.1.1/lib/tinyusb/src/class/cdc/cdc_device.c.o
 .bss._ctrl_epbuf
                0x200015b8       0x40 CMakeFiles/main.dir/home/anirudh/.pico-sdk/sdk/2.1.1/lib/tinyusb/src/device/usbd_control.c.o
 .bss._ctrl_xfer
                0x200015f8       0x14 CMakeFiles/main.dir/home/anirudh/.pico-sdk/sdk/2.1.1/lib/tinyusb/src/device/usbd_control.c.o
 .bss._tusb_rhport_role
                0x2000160c        0x2 CMakeFiles/main.dir/home/anirudh/.pico-sdk/sdk/2.1.1/lib/tinyusb/src/tusb.c.o
                0x2000160c                _tusb_rhport_role
 *fill*         0x2000160e        0x2 
 .bss._ubsd_mutexdef
                0x20001610        0x8 CMakeFiles/main.dir/home/anirudh/.pico-sdk/sdk/2.1.1/lib/tinyusb/src/device/usbd.c.o
 .bss._usbd_dev
                0x20001618       0x54 CMakeFiles/main.dir/home/anirudh/.pico-sdk/sdk/2.1.1/lib/tinyusb/src/device/usbd.c.o
 .bss._usbd_mutex
                0x2000166c        0x4 CMakeFiles/main.dir/home/anirudh/.pico-sdk/sdk/2.1.1/lib/tinyusb/src/device/usbd.c.o
 .bss._usbd_q   0x20001670        0x4 CMakeFiles/main.dir/home/anirudh/.pico-sdk/sdk/2.1.1/lib/tinyusb/src/device/usbd.c.o
 .bss._usbd_qdef_buf
                0x20001674       0xc0 CMakeFiles/main.dir/home/anirudh/.pico-sdk/sdk/2.1.1/lib/tinyusb/src/device/usbd.c.o
                0x20001674                _usbd_qdef_buf
 .bss._vendord_epbuf
                0x20001734       0x80 CMakeFiles/main.dir/home/anirudh/.pico-sdk/sdk/2.1.1/lib/tinyusb/src/class/vendor/vendor_device.c.o
 .bss._vendord_itf
                0x200017b4      0x24c CMakeFiles/main.dir/home/anirudh/.pico-sdk/sdk/2.1.1/lib/tinyusb/src/class/vendor/vendor_device.c.o
 .bss.boot2_copyout
                0x20001a00      0x100 CMakeFiles/main.dir/home/anirudh/.pico-sdk/sdk/2.1.1/src/rp2_common/hardware_flash/flash.c.o
 .bss.callbacks
                0x20001b00        0x8 CMakeFiles/main.dir/home/anirudh/.pico-sdk/sdk/2.1.1/src/rp2_common/hardware_gpio/gpio.c.o
 .bss.chars_available_callback
                0x20001b08        0x4 CMakeFiles/main.dir/home/anirudh/.pico-sdk/sdk/2.1.1/src/rp2_common/pico_stdio_usb/stdio_usb.c.o
 .bss.chars_available_param
                0x20001b0c        0x4 CMakeFiles/main.dir/home/anirudh/.pico-sdk/sdk/2.1.1/src/rp2_common/pico_stdio_usb/stdio_usb.c.o
 .bss.claimed   0x20001b10        0x4 CMakeFiles/main.dir/home/anirudh/.pico-sdk/sdk/2.1.1/src/rp2_common/hardware_sync/sync.c.o
 .bss.claimed   0x20001b14        0x1 CMakeFiles/main.dir/home/anirudh/.pico-sdk/sdk/2.1.1/src/rp2_common/hardware_timer/timer.c.o
 *fill*         0x20001b15        0x3 
 .bss.configured_freq
                0x20001b18       0x28 CMakeFiles/main.dir/home/anirudh/.pico-sdk/sdk/2.1.1/src/rp2_common/hardware_clocks/clocks.c.o
 .bss.desc_str.0
                0x20001b40       0x28 CMakeFiles/main.dir/home/anirudh/.pico-sdk/sdk/2.1.1/src/rp2_common/pico_stdio_usb/stdio_usb_descriptors.c.o
 .bss.drivers   0x20001b68        0x4 CMakeFiles/main.dir/home/anirudh/.pico-sdk/sdk/2.1.1/src/rp2_common/pico_stdio/stdio.c.o
 .bss.e15_last_sof
                0x20001b6c        0x4 CMakeFiles/main.dir/home/anirudh/.pico-sdk/sdk/2.1.1/lib/tinyusb/src/portable/raspberrypi/rp2040/rp2040_usb.c.o
                0x20001b6c                e15_last_sof
 .bss.filter    0x20001b70        0x4 CMakeFiles/main.dir/home/anirudh/.pico-sdk/sdk/2.1.1/src/rp2_common/pico_stdio/stdio.c.o
 .bss.hw_endpoints
                0x20001b74      0x400 CMakeFiles/main.dir/home/anirudh/.pico-sdk/sdk/2.1.1/lib/tinyusb/src/portable/raspberrypi/rp2040/dcd_rp2040.c.o
 .bss.lazy_vsnprintf
                0x20001f74        0x4 CMakeFiles/main.dir/home/anirudh/.pico-sdk/sdk/2.1.1/src/rp2_common/pico_printf/printf.c.o
 .bss.load_value
                0x20001f78        0x4 CMakeFiles/main.dir/home/anirudh/.pico-sdk/sdk/2.1.1/src/rp2_common/hardware_watchdog/watchdog.c.o
 .bss.next_buffer_ptr
                0x20001f7c        0x4 CMakeFiles/main.dir/home/anirudh/.pico-sdk/sdk/2.1.1/lib/tinyusb/src/portable/raspberrypi/rp2040/dcd_rp2040.c.o
 .bss.object.0  0x20001f80       0x18 /home/anirudh/.pico-sdk/toolchain/14_2_Rel1/bin/../lib/gcc/arm-none-eabi/14.2.1/thumb/v6-m/nofp/crtbegin.o
 .bss.one_shot_timer_crit_sec
                0x20001f98        0x8 CMakeFiles/main.dir/home/anirudh/.pico-sdk/sdk/2.1.1/src/rp2_common/pico_stdio_usb/stdio_usb.c.o
 .bss.pools     0x20001fa0       0x10 CMakeFiles/main.dir/home/anirudh/.pico-sdk/sdk/2.1.1/src/common/pico_time/time.c.o
 .bss.pwmValues
                0x20001fb0        0x4 CMakeFiles/main.dir/main.c.o
                0x20001fb0                pwmValues
 .bss.raw_irq_mask
                0x20001fb4        0x8 CMakeFiles/main.dir/home/anirudh/.pico-sdk/sdk/2.1.1/src/rp2_common/hardware_gpio/gpio.c.o
 .bss.retrieved_id
                0x20001fbc        0x8 CMakeFiles/main.dir/home/anirudh/.pico-sdk/sdk/2.1.1/src/rp2_common/pico_unique_id/unique_id.c.o
 .bss.sf_clz_func
                0x20001fc4        0x4 CMakeFiles/main.dir/home/anirudh/.pico-sdk/sdk/2.1.1/src/rp2_common/pico_double/double_init_rom_rp2040.c.o
                0x20001fc4                sf_clz_func
 .bss.sleep_notifier
                0x20001fc8        0x4 CMakeFiles/main.dir/home/anirudh/.pico-sdk/sdk/2.1.1/src/common/pico_time/time.c.o
 .bss.stdio_usb_mutex
                0x20001fcc        0x8 CMakeFiles/main.dir/home/anirudh/.pico-sdk/sdk/2.1.1/src/rp2_common/pico_stdio_usb/stdio_usb.c.o
 .bss.usbd_serial_str
                0x20001fd4       0x11 CMakeFiles/main.dir/home/anirudh/.pico-sdk/sdk/2.1.1/src/rp2_common/pico_stdio_usb/stdio_usb_descriptors.c.o
 .bss._app_driver_count
                0x20001fe5        0x1 CMakeFiles/main.dir/home/anirudh/.pico-sdk/sdk/2.1.1/lib/tinyusb/src/device/usbd.c.o
 .bss._sof_enable
                0x20001fe6        0x1 CMakeFiles/main.dir/home/anirudh/.pico-sdk/sdk/2.1.1/lib/tinyusb/src/portable/raspberrypi/rp2040/dcd_rp2040.c.o
 .bss._usbd_queued_setup
                0x20001fe7        0x1 CMakeFiles/main.dir/home/anirudh/.pico-sdk/sdk/2.1.1/lib/tinyusb/src/device/usbd.c.o
 .bss.actuatorValue
                0x20001fe8        0x1 CMakeFiles/main.dir/main.c.o
                0x20001fe8                actuatorValue
 .bss.boot2_copyout_valid
                0x20001fe9        0x1 CMakeFiles/main.dir/home/anirudh/.pico-sdk/sdk/2.1.1/src/rp2_common/hardware_flash/flash.c.o
 .bss.irq_handler_chain_free_slot_head
                0x20001fea        0x1 CMakeFiles/main.dir/home/anirudh/.pico-sdk/sdk/2.1.1/src/rp2_common/hardware_irq/irq.c.o
 .bss.itf_num   0x20001feb        0x1 CMakeFiles/main.dir/home/anirudh/.pico-sdk/sdk/2.1.1/src/rp2_common/pico_stdio_usb/reset_interface.c.o
 .bss.low_priority_irq_num
                0x20001fec        0x1 CMakeFiles/main.dir/home/anirudh/.pico-sdk/sdk/2.1.1/src/rp2_common/pico_stdio_usb/stdio_usb.c.o
 .bss.one_shot_timer_pending
                0x20001fed        0x1 CMakeFiles/main.dir/home/anirudh/.pico-sdk/sdk/2.1.1/src/rp2_common/pico_stdio_usb/stdio_usb.c.o
 .bss.user_irq_claimed
                0x20001fee        0x1 CMakeFiles/main.dir/home/anirudh/.pico-sdk/sdk/2.1.1/src/rp2_common/hardware_irq/irq.c.o
 *(COMMON)
                0x20001ff0                        . = ALIGN (0x4)
 *fill*         0x20001fef        0x1 
                0x20001ff0                        __bss_end__ = .

.heap           0x20001ff0      0x800 load address 0x100094b0
                0x20001ff0                        __end__ = .
                0x20001ff0                        end = __end__
 *(.heap*)
 .heap          0x20001ff0      0x800 CMakeFiles/main.dir/home/anirudh/.pico-sdk/sdk/2.1.1/src/rp2_common/pico_crt0/crt0.S.o
                0x20040000                        __HeapLimit = (ORIGIN (RAM) + LENGTH (RAM))

.scratch_x      0x20040000        0x0 load address 0x100094b0
                0x20040000                        __scratch_x_start__ = .
 *(.scratch_x.*)
                0x20040000                        . = ALIGN (0x4)
                0x20040000                        __scratch_x_end__ = .
                0x100094b0                        __scratch_x_source__ = LOADADDR (.scratch_x)

.scratch_y      0x20041000        0x0 load address 0x100094b0
                0x20041000                        __scratch_y_start__ = .
 *(.scratch_y.*)
                0x20041000                        . = ALIGN (0x4)
                0x20041000                        __scratch_y_end__ = .
                0x100094b0                        __scratch_y_source__ = LOADADDR (.scratch_y)

.stack1_dummy
 *(.stack1*)

.stack_dummy    0x20041000      0x800
 *(.stack*)
 .stack         0x20041000      0x800 CMakeFiles/main.dir/home/anirudh/.pico-sdk/sdk/2.1.1/src/rp2_common/pico_crt0/crt0.S.o

.flash_end      0x100094b0        0x0
 *(.embedded_end_block*)
                0x100094b0                        PROVIDE (__flash_binary_end = .)
                0x20040000                        __StackLimit = (ORIGIN (RAM) + LENGTH (RAM))
                0x20041000                        __StackOneTop = (ORIGIN (SCRATCH_X) + LENGTH (SCRATCH_X))
                0x20042000                        __StackTop = (ORIGIN (SCRATCH_Y) + LENGTH (SCRATCH_Y))
                0x20041000                        __StackOneBottom = (__StackOneTop - SIZEOF (.stack1_dummy))
                0x20041800                        __StackBottom = (__StackTop - SIZEOF (.stack_dummy))
                0x20042000                        PROVIDE (__stack = __StackTop)
                [!provide]                        PROVIDE (__heap_start = __end__)
                [!provide]                        PROVIDE (__heap_end = __HeapLimit)
                [!provide]                        PROVIDE (__tls_align = MAX (ALIGNOF (.tdata), ALIGNOF (.tbss)))
                [!provide]                        PROVIDE (__tls_size_align = (((__tls_size + __tls_align) - 0x1) & ~ ((__tls_align - 0x1))))
                [!provide]                        PROVIDE (__arm32_tls_tcb_offset = MAX (0x8, __tls_align))
                [!provide]                        PROVIDE (_end = __end__)
                [!provide]                        PROVIDE (__llvm_libc_heap_limit = __HeapLimit)
                0x00000001                        ASSERT ((__StackLimit >= __HeapLimit), region RAM overflowed)
                0x00000001                        ASSERT (((__binary_info_header_end - __logical_binary_start) <= 0x100), Binary info must be in first 256 bytes of the binary)
LOAD CMakeFiles/main.dir/main.c.o
LOAD CMakeFiles/main.dir/home/anirudh/.pico-sdk/sdk/2.1.1/src/rp2_common/pico_stdlib/stdlib.c.o
LOAD CMakeFiles/main.dir/home/anirudh/.pico-sdk/sdk/2.1.1/src/rp2_common/hardware_gpio/gpio.c.o
LOAD CMakeFiles/main.dir/home/anirudh/.pico-sdk/sdk/2.1.1/src/rp2040/pico_platform/platform.c.o
LOAD CMakeFiles/main.dir/home/anirudh/.pico-sdk/sdk/2.1.1/src/rp2_common/pico_platform_panic/panic.c.o
LOAD CMakeFiles/main.dir/home/anirudh/.pico-sdk/sdk/2.1.1/src/common/hardware_claim/claim.c.o
LOAD CMakeFiles/main.dir/home/anirudh/.pico-sdk/sdk/2.1.1/src/rp2_common/hardware_sync/sync.c.o
LOAD CMakeFiles/main.dir/home/anirudh/.pico-sdk/sdk/2.1.1/src/rp2_common/hardware_sync_spin_lock/sync_spin_lock.c.o
LOAD CMakeFiles/main.dir/home/anirudh/.pico-sdk/sdk/2.1.1/src/rp2_common/hardware_irq/irq.c.o
LOAD CMakeFiles/main.dir/home/anirudh/.pico-sdk/sdk/2.1.1/src/rp2_common/hardware_irq/irq_handler_chain.S.o
LOAD CMakeFiles/main.dir/home/anirudh/.pico-sdk/sdk/2.1.1/src/common/pico_sync/sem.c.o
LOAD CMakeFiles/main.dir/home/anirudh/.pico-sdk/sdk/2.1.1/src/common/pico_sync/lock_core.c.o
LOAD CMakeFiles/main.dir/home/anirudh/.pico-sdk/sdk/2.1.1/src/common/pico_sync/mutex.c.o
LOAD CMakeFiles/main.dir/home/anirudh/.pico-sdk/sdk/2.1.1/src/common/pico_sync/critical_section.c.o
LOAD CMakeFiles/main.dir/home/anirudh/.pico-sdk/sdk/2.1.1/src/common/pico_time/time.c.o
LOAD CMakeFiles/main.dir/home/anirudh/.pico-sdk/sdk/2.1.1/src/common/pico_time/timeout_helper.c.o
LOAD CMakeFiles/main.dir/home/anirudh/.pico-sdk/sdk/2.1.1/src/rp2_common/hardware_timer/timer.c.o
LOAD CMakeFiles/main.dir/home/anirudh/.pico-sdk/sdk/2.1.1/src/common/pico_util/datetime.c.o
LOAD CMakeFiles/main.dir/home/anirudh/.pico-sdk/sdk/2.1.1/src/common/pico_util/pheap.c.o
LOAD CMakeFiles/main.dir/home/anirudh/.pico-sdk/sdk/2.1.1/src/common/pico_util/queue.c.o
LOAD CMakeFiles/main.dir/home/anirudh/.pico-sdk/sdk/2.1.1/src/rp2_common/hardware_uart/uart.c.o
LOAD CMakeFiles/main.dir/home/anirudh/.pico-sdk/sdk/2.1.1/src/rp2_common/hardware_clocks/clocks.c.o
LOAD CMakeFiles/main.dir/home/anirudh/.pico-sdk/sdk/2.1.1/src/rp2_common/hardware_pll/pll.c.o
LOAD CMakeFiles/main.dir/home/anirudh/.pico-sdk/sdk/2.1.1/src/rp2_common/hardware_vreg/vreg.c.o
LOAD CMakeFiles/main.dir/home/anirudh/.pico-sdk/sdk/2.1.1/src/rp2_common/hardware_watchdog/watchdog.c.o
LOAD CMakeFiles/main.dir/home/anirudh/.pico-sdk/sdk/2.1.1/src/rp2_common/hardware_ticks/ticks.c.o
LOAD CMakeFiles/main.dir/home/anirudh/.pico-sdk/sdk/2.1.1/src/rp2_common/pico_bootrom/bootrom.c.o
LOAD CMakeFiles/main.dir/home/anirudh/.pico-sdk/sdk/2.1.1/src/rp2_common/pico_bootrom/bootrom_lock.c.o
LOAD CMakeFiles/main.dir/home/anirudh/.pico-sdk/sdk/2.1.1/src/rp2_common/hardware_boot_lock/boot_lock.c.o
LOAD CMakeFiles/main.dir/home/anirudh/.pico-sdk/sdk/2.1.1/src/rp2_common/pico_flash/flash.c.o
LOAD CMakeFiles/main.dir/home/anirudh/.pico-sdk/sdk/2.1.1/src/rp2_common/hardware_xosc/xosc.c.o
LOAD CMakeFiles/main.dir/home/anirudh/.pico-sdk/sdk/2.1.1/src/rp2_common/hardware_divider/divider.S.o
LOAD CMakeFiles/main.dir/home/anirudh/.pico-sdk/sdk/2.1.1/src/rp2_common/pico_runtime/runtime.c.o
LOAD CMakeFiles/main.dir/home/anirudh/.pico-sdk/sdk/2.1.1/src/rp2_common/pico_runtime_init/runtime_init.c.o
LOAD CMakeFiles/main.dir/home/anirudh/.pico-sdk/sdk/2.1.1/src/rp2_common/pico_runtime_init/runtime_init_clocks.c.o
LOAD CMakeFiles/main.dir/home/anirudh/.pico-sdk/sdk/2.1.1/src/rp2_common/pico_runtime_init/runtime_init_stack_guard.c.o
LOAD CMakeFiles/main.dir/home/anirudh/.pico-sdk/sdk/2.1.1/src/rp2_common/pico_bit_ops/bit_ops_aeabi.S.o
LOAD CMakeFiles/main.dir/home/anirudh/.pico-sdk/sdk/2.1.1/src/rp2_common/pico_divider/divider_hardware.S.o
LOAD CMakeFiles/main.dir/home/anirudh/.pico-sdk/sdk/2.1.1/src/rp2_common/pico_double/double_aeabi_rp2040.S.o
LOAD CMakeFiles/main.dir/home/anirudh/.pico-sdk/sdk/2.1.1/src/rp2_common/pico_double/double_init_rom_rp2040.c.o
LOAD CMakeFiles/main.dir/home/anirudh/.pico-sdk/sdk/2.1.1/src/rp2_common/pico_double/double_math.c.o